Oct 17 04:05:00 debian10 kernel: [    0.000000] Linux version 4.19.0-18-amd64 (debian-kernel@lists.debian.org) (gcc version 8.3.0 (Debian 8.3.0-6)) #1 SMP Debian 4.19.208-1 (2021-09-29)
Oct 17 04:05:00 debian10 kernel: [    0.000000] Command line: BOOT_IMAGE=/vmlinuz-4.19.0-18-amd64 root=/dev/mapper/debian10--vg-root ro quiet
Oct 17 04:05:00 debian10 kernel: [    0.000000] x86/fpu: Supporting XSAVE feature 0x001: 'x87 floating point registers'
Oct 17 04:05:00 debian10 kernel: [    0.000000] x86/fpu: Supporting XSAVE feature 0x002: 'SSE registers'
Oct 17 04:05:00 debian10 kernel: [    0.000000] x86/fpu: Supporting XSAVE feature 0x004: 'AVX registers'
Oct 17 04:05:00 debian10 kernel: [    0.000000] x86/fpu: xstate_offset[2]:  576, xstate_sizes[2]:  256
Oct 17 04:05:00 debian10 kernel: [    0.000000] x86/fpu: Enabled xstate features 0x7, context size is 832 bytes, using 'standard' format.
Oct 17 04:05:00 debian10 kernel: [    0.000000] BIOS-provided physical RAM map:
Oct 17 04:05:00 debian10 kernel: [    0.000000] BIOS-e820: [mem 0x0000000000000000-0x000000000009fbff] usable
Oct 17 04:05:00 debian10 kernel: [    0.000000] BIOS-e820: [mem 0x000000000009fc00-0x000000000009ffff] reserved
Oct 17 04:05:00 debian10 kernel: [    0.000000] BIOS-e820: [mem 0x00000000000f0000-0x00000000000fffff] reserved
Oct 17 04:05:00 debian10 kernel: [    0.000000] BIOS-e820: [mem 0x0000000000100000-0x000000007ffeffff] usable
Oct 17 04:05:00 debian10 kernel: [    0.000000] BIOS-e820: [mem 0x000000007fff0000-0x000000007fffffff] ACPI data
Oct 17 04:05:00 debian10 kernel: [    0.000000] BIOS-e820: [mem 0x00000000fec00000-0x00000000fec00fff] reserved
Oct 17 04:05:00 debian10 kernel: [    0.000000] BIOS-e820: [mem 0x00000000fee00000-0x00000000fee00fff] reserved
Oct 17 04:05:00 debian10 kernel: [    0.000000] BIOS-e820: [mem 0x00000000fffc0000-0x00000000ffffffff] reserved
Oct 17 04:05:00 debian10 kernel: [    0.000000] NX (Execute Disable) protection: active
Oct 17 04:05:00 debian10 kernel: [    0.000000] SMBIOS 2.5 present.
Oct 17 04:05:00 debian10 kernel: [    0.000000] DMI: innotek GmbH VirtualBox/VirtualBox, BIOS VirtualBox 12/01/2006
Oct 17 04:05:00 debian10 kernel: [    0.000000] Hypervisor detected: KVM
Oct 17 04:05:00 debian10 kernel: [    0.000000] kvm-clock: Using msrs 4b564d01 and 4b564d00
Oct 17 04:05:00 debian10 kernel: [    0.000000] kvm-clock: cpu 0, msr 377ec001, primary cpu clock
Oct 17 04:05:00 debian10 kernel: [    0.000000] kvm-clock: using sched offset of 9101299942 cycles
Oct 17 04:05:00 debian10 kernel: [    0.000001] clocksource: kvm-clock: mask: 0xffffffffffffffff max_cycles: 0x1cd42e4dffb, max_idle_ns: 881590591483 ns
Oct 17 04:05:00 debian10 kernel: [    0.000003] tsc: Detected 2592.000 MHz processor
Oct 17 04:05:00 debian10 kernel: [    0.001307] e820: update [mem 0x00000000-0x00000fff] usable ==> reserved
Oct 17 04:05:00 debian10 kernel: [    0.001309] e820: remove [mem 0x000a0000-0x000fffff] usable
Oct 17 04:05:00 debian10 kernel: [    0.001312] last_pfn = 0x7fff0 max_arch_pfn = 0x400000000
Oct 17 04:05:00 debian10 kernel: [    0.001322] MTRR default type: uncachable
Oct 17 04:05:00 debian10 kernel: [    0.001322] MTRR variable ranges disabled:
Oct 17 04:05:00 debian10 kernel: [    0.001323] Disabled
Oct 17 04:05:00 debian10 kernel: [    0.001324] x86/PAT: MTRRs disabled, skipping PAT initialization too.
Oct 17 04:05:00 debian10 kernel: [    0.001326] CPU MTRRs all blank - virtualized system.
Oct 17 04:05:00 debian10 kernel: [    0.001328] x86/PAT: Configuration [0-7]: WB  WT  UC- UC  WB  WT  UC- UC  
Oct 17 04:05:00 debian10 kernel: [    0.001384] found SMP MP-table at [mem 0x0009fff0-0x0009ffff]
Oct 17 04:05:00 debian10 kernel: [    0.075955] RAMDISK: [mem 0x3367f000-0x35b36fff]
Oct 17 04:05:00 debian10 kernel: [    0.075958] ACPI: Early table checksum verification disabled
Oct 17 04:05:00 debian10 kernel: [    0.075975] ACPI: RSDP 0x00000000000E0000 000024 (v02 VBOX  )
Oct 17 04:05:00 debian10 kernel: [    0.075979] ACPI: XSDT 0x000000007FFF0030 00003C (v01 VBOX   VBOXXSDT 00000001 ASL  00000061)
Oct 17 04:05:00 debian10 kernel: [    0.075983] ACPI: FACP 0x000000007FFF00F0 0000F4 (v04 VBOX   VBOXFACP 00000001 ASL  00000061)
Oct 17 04:05:00 debian10 kernel: [    0.075988] ACPI: DSDT 0x000000007FFF0470 002325 (v02 VBOX   VBOXBIOS 00000002 INTL 20100528)
Oct 17 04:05:00 debian10 kernel: [    0.075991] ACPI: FACS 0x000000007FFF0200 000040
Oct 17 04:05:00 debian10 kernel: [    0.075993] ACPI: FACS 0x000000007FFF0200 000040
Oct 17 04:05:00 debian10 kernel: [    0.075995] ACPI: APIC 0x000000007FFF0240 00005C (v02 VBOX   VBOXAPIC 00000001 ASL  00000061)
Oct 17 04:05:00 debian10 kernel: [    0.075998] ACPI: SSDT 0x000000007FFF02A0 0001CC (v01 VBOX   VBOXCPUT 00000002 INTL 20100528)
Oct 17 04:05:00 debian10 kernel: [    0.076000] ACPI: Reserving FACP table memory at [mem 0x7fff00f0-0x7fff01e3]
Oct 17 04:05:00 debian10 kernel: [    0.076001] ACPI: Reserving DSDT table memory at [mem 0x7fff0470-0x7fff2794]
Oct 17 04:05:00 debian10 kernel: [    0.076001] ACPI: Reserving FACS table memory at [mem 0x7fff0200-0x7fff023f]
Oct 17 04:05:00 debian10 kernel: [    0.076002] ACPI: Reserving FACS table memory at [mem 0x7fff0200-0x7fff023f]
Oct 17 04:05:00 debian10 kernel: [    0.076002] ACPI: Reserving APIC table memory at [mem 0x7fff0240-0x7fff029b]
Oct 17 04:05:00 debian10 kernel: [    0.076003] ACPI: Reserving SSDT table memory at [mem 0x7fff02a0-0x7fff046b]
Oct 17 04:05:00 debian10 kernel: [    0.076016] ACPI: Local APIC address 0xfee00000
Oct 17 04:05:00 debian10 kernel: [    0.076465] No NUMA configuration found
Oct 17 04:05:00 debian10 kernel: [    0.076466] Faking a node at [mem 0x0000000000000000-0x000000007ffeffff]
Oct 17 04:05:00 debian10 kernel: [    0.076469] NODE_DATA(0) allocated [mem 0x7ffeb000-0x7ffeffff]
Oct 17 04:05:00 debian10 kernel: [    0.076484] Zone ranges:
Oct 17 04:05:00 debian10 kernel: [    0.076485]   DMA      [mem 0x0000000000001000-0x0000000000ffffff]
Oct 17 04:05:00 debian10 kernel: [    0.076486]   DMA32    [mem 0x0000000001000000-0x000000007ffeffff]
Oct 17 04:05:00 debian10 kernel: [    0.076486]   Normal   empty
Oct 17 04:05:00 debian10 kernel: [    0.076487]   Device   empty
Oct 17 04:05:00 debian10 kernel: [    0.076487] Movable zone start for each node
Oct 17 04:05:00 debian10 kernel: [    0.076488] Early memory node ranges
Oct 17 04:05:00 debian10 kernel: [    0.076488]   node   0: [mem 0x0000000000001000-0x000000000009efff]
Oct 17 04:05:00 debian10 kernel: [    0.076489]   node   0: [mem 0x0000000000100000-0x000000007ffeffff]
Oct 17 04:05:00 debian10 kernel: [    0.076690] Zeroed struct page in unavailable ranges: 114 pages
Oct 17 04:05:00 debian10 kernel: [    0.076691] Initmem setup node 0 [mem 0x0000000000001000-0x000000007ffeffff]
Oct 17 04:05:00 debian10 kernel: [    0.076692] On node 0 totalpages: 524174
Oct 17 04:05:00 debian10 kernel: [    0.076693]   DMA zone: 64 pages used for memmap
Oct 17 04:05:00 debian10 kernel: [    0.076693]   DMA zone: 21 pages reserved
Oct 17 04:05:00 debian10 kernel: [    0.076694]   DMA zone: 3998 pages, LIFO batch:0
Oct 17 04:05:00 debian10 kernel: [    0.076761]   DMA32 zone: 8128 pages used for memmap
Oct 17 04:05:00 debian10 kernel: [    0.076762]   DMA32 zone: 520176 pages, LIFO batch:63
Oct 17 04:05:00 debian10 kernel: [    0.086756] ACPI: PM-Timer IO Port: 0x4008
Oct 17 04:05:00 debian10 kernel: [    0.086760] ACPI: Local APIC address 0xfee00000
Oct 17 04:05:00 debian10 kernel: [    0.086829] IOAPIC[0]: apic_id 2, version 32, address 0xfec00000, GSI 0-23
Oct 17 04:05:00 debian10 kernel: [    0.086833] ACPI: INT_SRC_OVR (bus 0 bus_irq 0 global_irq 2 dfl dfl)
Oct 17 04:05:00 debian10 kernel: [    0.086834] ACPI: INT_SRC_OVR (bus 0 bus_irq 9 global_irq 9 low level)
Oct 17 04:05:00 debian10 kernel: [    0.086835] ACPI: IRQ0 used by override.
Oct 17 04:05:00 debian10 kernel: [    0.086836] ACPI: IRQ9 used by override.
Oct 17 04:05:00 debian10 kernel: [    0.086838] Using ACPI (MADT) for SMP configuration information
Oct 17 04:05:00 debian10 kernel: [    0.086845] smpboot: Allowing 2 CPUs, 0 hotplug CPUs
Oct 17 04:05:00 debian10 kernel: [    0.086866] PM: Registered nosave memory: [mem 0x00000000-0x00000fff]
Oct 17 04:05:00 debian10 kernel: [    0.086867] PM: Registered nosave memory: [mem 0x0009f000-0x0009ffff]
Oct 17 04:05:00 debian10 kernel: [    0.086868] PM: Registered nosave memory: [mem 0x000a0000-0x000effff]
Oct 17 04:05:00 debian10 kernel: [    0.086868] PM: Registered nosave memory: [mem 0x000f0000-0x000fffff]
Oct 17 04:05:00 debian10 kernel: [    0.086870] [mem 0x80000000-0xfebfffff] available for PCI devices
Oct 17 04:05:00 debian10 kernel: [    0.086871] Booting paravirtualized kernel on KVM
Oct 17 04:05:00 debian10 kernel: [    0.086873] clocksource: refined-jiffies: mask: 0xffffffff max_cycles: 0xffffffff, max_idle_ns: 7645519600211568 ns
Oct 17 04:05:00 debian10 kernel: [    0.172344] random: get_random_bytes called from start_kernel+0x93/0x52a with crng_init=0
Oct 17 04:05:00 debian10 kernel: [    0.172351] setup_percpu: NR_CPUS:512 nr_cpumask_bits:512 nr_cpu_ids:2 nr_node_ids:1
Oct 17 04:05:00 debian10 kernel: [    0.172652] percpu: Embedded 45 pages/cpu s144536 r8192 d31592 u1048576
Oct 17 04:05:00 debian10 kernel: [    0.172657] pcpu-alloc: s144536 r8192 d31592 u1048576 alloc=1*2097152
Oct 17 04:05:00 debian10 kernel: [    0.172658] pcpu-alloc: [0] 0 1 
Oct 17 04:05:00 debian10 kernel: [    0.172678] PV qspinlock hash table entries: 256 (order: 0, 4096 bytes)
Oct 17 04:05:00 debian10 kernel: [    0.172683] Built 1 zonelists, mobility grouping on.  Total pages: 515961
Oct 17 04:05:00 debian10 kernel: [    0.172684] Policy zone: DMA32
Oct 17 04:05:00 debian10 kernel: [    0.172685] Kernel command line: BOOT_IMAGE=/vmlinuz-4.19.0-18-amd64 root=/dev/mapper/debian10--vg-root ro quiet
Oct 17 04:05:00 debian10 kernel: [    0.172765] Calgary: detecting Calgary via BIOS EBDA area
Oct 17 04:05:00 debian10 kernel: [    0.172767] Calgary: Unable to locate Rio Grande table in EBDA - bailing!
Oct 17 04:05:00 debian10 kernel: [    0.176853] Memory: 2001044K/2096696K available (10252K kernel code, 1242K rwdata, 3332K rodata, 1596K init, 2260K bss, 95652K reserved, 0K cma-reserved)
Oct 17 04:05:00 debian10 kernel: [    0.177181] SLUB: HWalign=64, Order=0-3, MinObjects=0, CPUs=2, Nodes=1
Oct 17 04:05:00 debian10 kernel: [    0.177186] ftrace: allocating 32002 entries in 126 pages
Oct 17 04:05:00 debian10 kernel: [    0.188230] rcu: Hierarchical RCU implementation.
Oct 17 04:05:00 debian10 kernel: [    0.188232] rcu: 	RCU restricting CPUs from NR_CPUS=512 to nr_cpu_ids=2.
Oct 17 04:05:00 debian10 kernel: [    0.188233] rcu: Adjusting geometry for rcu_fanout_leaf=16, nr_cpu_ids=2
Oct 17 04:05:00 debian10 kernel: [    0.190632] NR_IRQS: 33024, nr_irqs: 440, preallocated irqs: 16
Oct 17 04:05:00 debian10 kernel: [    0.199996] Console: colour VGA+ 80x25
Oct 17 04:05:00 debian10 kernel: [    0.199999] console [tty0] enabled
Oct 17 04:05:00 debian10 kernel: [    0.200021] ACPI: Core revision 20180810
Oct 17 04:05:00 debian10 kernel: [    0.200129] APIC: Switch to symmetric I/O mode setup
Oct 17 04:05:00 debian10 kernel: [    0.200344] x2apic enabled
Oct 17 04:05:00 debian10 kernel: [    0.200548] Switched APIC routing to physical x2apic.
Oct 17 04:05:00 debian10 kernel: [    0.201542] ..TIMER: vector=0x30 apic1=0 pin1=2 apic2=-1 pin2=-1
Oct 17 04:05:00 debian10 kernel: [    0.201565] clocksource: tsc-early: mask: 0xffffffffffffffff max_cycles: 0x255cb6cc5db, max_idle_ns: 440795203504 ns
Oct 17 04:05:00 debian10 kernel: [    0.201579] Calibrating delay loop (skipped) preset value.. 5184.00 BogoMIPS (lpj=10368000)
Oct 17 04:05:00 debian10 kernel: [    0.201580] pid_max: default: 32768 minimum: 301
Oct 17 04:05:00 debian10 kernel: [    0.201599] Security Framework initialized
Oct 17 04:05:00 debian10 kernel: [    0.201600] Yama: disabled by default; enable with sysctl kernel.yama.*
Oct 17 04:05:00 debian10 kernel: [    0.201615] AppArmor: AppArmor initialized
Oct 17 04:05:00 debian10 kernel: [    0.201956] Dentry cache hash table entries: 262144 (order: 9, 2097152 bytes)
Oct 17 04:05:00 debian10 kernel: [    0.202219] Inode-cache hash table entries: 131072 (order: 8, 1048576 bytes)
Oct 17 04:05:00 debian10 kernel: [    0.202228] Mount-cache hash table entries: 4096 (order: 3, 32768 bytes)
Oct 17 04:05:00 debian10 kernel: [    0.202230] Mountpoint-cache hash table entries: 4096 (order: 3, 32768 bytes)
Oct 17 04:05:00 debian10 kernel: [    0.202443] Last level iTLB entries: 4KB 64, 2MB 8, 4MB 8
Oct 17 04:05:00 debian10 kernel: [    0.202444] Last level dTLB entries: 4KB 64, 2MB 0, 4MB 0, 1GB 4
Oct 17 04:05:00 debian10 kernel: [    0.202447] Spectre V1 : Mitigation: usercopy/swapgs barriers and __user pointer sanitization
Oct 17 04:05:00 debian10 kernel: [    0.202448] Spectre V2 : Mitigation: Full generic retpoline
Oct 17 04:05:00 debian10 kernel: [    0.202448] Spectre V2 : Spectre v2 / SpectreRSB mitigation: Filling RSB on context switch
Oct 17 04:05:00 debian10 kernel: [    0.202449] Speculative Store Bypass: Vulnerable
Oct 17 04:05:00 debian10 kernel: [    0.202570] Freeing SMP alternatives memory: 24K
Oct 17 04:05:00 debian10 kernel: [    0.313788] smpboot: CPU0: Intel(R) Core(TM) i7-10750H CPU @ 2.60GHz (family: 0x6, model: 0xa5, stepping: 0x2)
Oct 17 04:05:00 debian10 kernel: [    0.313870] Performance Events: unsupported p6 CPU model 165 no PMU driver, software events only.
Oct 17 04:05:00 debian10 kernel: [    0.313892] rcu: Hierarchical SRCU implementation.
Oct 17 04:05:00 debian10 kernel: [    0.314200] random: crng done (trusting CPU's manufacturer)
Oct 17 04:05:00 debian10 kernel: [    0.314209] NMI watchdog: Perf NMI watchdog permanently disabled
Oct 17 04:05:00 debian10 kernel: [    0.314240] smp: Bringing up secondary CPUs ...
Oct 17 04:05:00 debian10 kernel: [    0.314286] x86: Booting SMP configuration:
Oct 17 04:05:00 debian10 kernel: [    0.314286] .... node  #0, CPUs:      #1
Oct 17 04:05:00 debian10 kernel: [    0.014657] kvm-clock: cpu 1, msr 377ec041, secondary cpu clock
Oct 17 04:05:00 debian10 kernel: [    0.317179] smp: Brought up 1 node, 2 CPUs
Oct 17 04:05:00 debian10 kernel: [    0.317179] smpboot: Max logical packages: 1
Oct 17 04:05:00 debian10 kernel: [    0.317179] smpboot: Total of 2 processors activated (10368.00 BogoMIPS)
Oct 17 04:05:00 debian10 kernel: [    0.317179] devtmpfs: initialized
Oct 17 04:05:00 debian10 kernel: [    0.317179] x86/mm: Memory block size: 128MB
Oct 17 04:05:00 debian10 kernel: [    0.317611] clocksource: jiffies: mask: 0xffffffff max_cycles: 0xffffffff, max_idle_ns: 7645041785100000 ns
Oct 17 04:05:00 debian10 kernel: [    0.317615] futex hash table entries: 512 (order: 3, 32768 bytes)
Oct 17 04:05:00 debian10 kernel: [    0.317640] pinctrl core: initialized pinctrl subsystem
Oct 17 04:05:00 debian10 kernel: [    0.317770] NET: Registered protocol family 16
Oct 17 04:05:00 debian10 kernel: [    0.317825] audit: initializing netlink subsys (disabled)
Oct 17 04:05:00 debian10 kernel: [    0.317843] audit: type=2000 audit(1634461503.661:1): state=initialized audit_enabled=0 res=1
Oct 17 04:05:00 debian10 kernel: [    0.317843] cpuidle: using governor ladder
Oct 17 04:05:00 debian10 kernel: [    0.317843] cpuidle: using governor menu
Oct 17 04:05:00 debian10 kernel: [    0.317843] ACPI: bus type PCI registered
Oct 17 04:05:00 debian10 kernel: [    0.317843] acpiphp: ACPI Hot Plug PCI Controller Driver version: 0.5
Oct 17 04:05:00 debian10 kernel: [    0.317843] PCI: Using configuration type 1 for base access
Oct 17 04:05:00 debian10 kernel: [    0.318143] HugeTLB registered 2.00 MiB page size, pre-allocated 0 pages
Oct 17 04:05:00 debian10 kernel: [    0.318143] ACPI: Added _OSI(Module Device)
Oct 17 04:05:00 debian10 kernel: [    0.318143] ACPI: Added _OSI(Processor Device)
Oct 17 04:05:00 debian10 kernel: [    0.318143] ACPI: Added _OSI(3.0 _SCP Extensions)
Oct 17 04:05:00 debian10 kernel: [    0.318143] ACPI: Added _OSI(Processor Aggregator Device)
Oct 17 04:05:00 debian10 kernel: [    0.318143] ACPI: Added _OSI(Linux-Dell-Video)
Oct 17 04:05:00 debian10 kernel: [    0.318143] ACPI: Added _OSI(Linux-Lenovo-NV-HDMI-Audio)
Oct 17 04:05:00 debian10 kernel: [    0.318651] ACPI: 2 ACPI AML tables successfully acquired and loaded
Oct 17 04:05:00 debian10 kernel: [    0.319679] ACPI: Interpreter enabled
Oct 17 04:05:00 debian10 kernel: [    0.319686] ACPI: (supports S0 S5)
Oct 17 04:05:00 debian10 kernel: [    0.319687] ACPI: Using IOAPIC for interrupt routing
Oct 17 04:05:00 debian10 kernel: [    0.319805] PCI: Using host bridge windows from ACPI; if necessary, use "pci=nocrs" and report a bug
Oct 17 04:05:00 debian10 kernel: [    0.319888] ACPI: Enabled 2 GPEs in block 00 to 07
Oct 17 04:05:00 debian10 kernel: [    0.324645] ACPI: PCI Root Bridge [PCI0] (domain 0000 [bus 00-ff])
Oct 17 04:05:00 debian10 kernel: [    0.324649] acpi PNP0A03:00: _OSC: OS supports [ASPM ClockPM Segments MSI]
Oct 17 04:05:00 debian10 kernel: [    0.324874] acpi PNP0A03:00: _OSC: not requesting OS control; OS requires [ExtendedConfig ASPM ClockPM MSI]
Oct 17 04:05:00 debian10 kernel: [    0.324879] acpi PNP0A03:00: fail to add MMCONFIG information, can't access extended PCI configuration space under this bridge.
Oct 17 04:05:00 debian10 kernel: [    0.325176] PCI host bridge to bus 0000:00
Oct 17 04:05:00 debian10 kernel: [    0.325178] pci_bus 0000:00: root bus resource [io  0x0000-0x0cf7 window]
Oct 17 04:05:00 debian10 kernel: [    0.325179] pci_bus 0000:00: root bus resource [io  0x0d00-0xffff window]
Oct 17 04:05:00 debian10 kernel: [    0.325180] pci_bus 0000:00: root bus resource [mem 0x000a0000-0x000bffff window]
Oct 17 04:05:00 debian10 kernel: [    0.325181] pci_bus 0000:00: root bus resource [mem 0x80000000-0xfdffffff window]
Oct 17 04:05:00 debian10 kernel: [    0.325182] pci_bus 0000:00: root bus resource [bus 00-ff]
Oct 17 04:05:00 debian10 kernel: [    0.325218] pci 0000:00:00.0: [8086:1237] type 00 class 0x060000
Oct 17 04:05:00 debian10 kernel: [    0.325705] pci 0000:00:01.0: [8086:7000] type 00 class 0x060100
Oct 17 04:05:00 debian10 kernel: [    0.326310] pci 0000:00:01.1: [8086:7111] type 00 class 0x01018a
Oct 17 04:05:00 debian10 kernel: [    0.326616] pci 0000:00:01.1: reg 0x20: [io  0xd000-0xd00f]
Oct 17 04:05:00 debian10 kernel: [    0.326734] pci 0000:00:01.1: legacy IDE quirk: reg 0x10: [io  0x01f0-0x01f7]
Oct 17 04:05:00 debian10 kernel: [    0.326735] pci 0000:00:01.1: legacy IDE quirk: reg 0x14: [io  0x03f6]
Oct 17 04:05:00 debian10 kernel: [    0.326736] pci 0000:00:01.1: legacy IDE quirk: reg 0x18: [io  0x0170-0x0177]
Oct 17 04:05:00 debian10 kernel: [    0.326736] pci 0000:00:01.1: legacy IDE quirk: reg 0x1c: [io  0x0376]
Oct 17 04:05:00 debian10 kernel: [    0.326933] pci 0000:00:02.0: [15ad:0405] type 00 class 0x030000
Oct 17 04:05:00 debian10 kernel: [    0.328892] pci 0000:00:02.0: reg 0x10: [io  0xd010-0xd01f]
Oct 17 04:05:00 debian10 kernel: [    0.330720] pci 0000:00:02.0: reg 0x14: [mem 0xe0000000-0xe7ffffff pref]
Oct 17 04:05:00 debian10 kernel: [    0.332418] pci 0000:00:02.0: reg 0x18: [mem 0xf0000000-0xf01fffff]
Oct 17 04:05:00 debian10 kernel: [    0.339866] pci 0000:00:03.0: [8086:100e] type 00 class 0x020000
Oct 17 04:05:00 debian10 kernel: [    0.340726] pci 0000:00:03.0: reg 0x10: [mem 0xf0200000-0xf021ffff]
Oct 17 04:05:00 debian10 kernel: [    0.342411] pci 0000:00:03.0: reg 0x18: [io  0xd020-0xd027]
Oct 17 04:05:00 debian10 kernel: [    0.345399] pci 0000:00:04.0: [80ee:cafe] type 00 class 0x088000
Oct 17 04:05:00 debian10 kernel: [    0.345651] pci 0000:00:04.0: reg 0x10: [io  0xd040-0xd05f]
Oct 17 04:05:00 debian10 kernel: [    0.346159] pci 0000:00:04.0: reg 0x14: [mem 0xf0400000-0xf07fffff]
Oct 17 04:05:00 debian10 kernel: [    0.346634] pci 0000:00:04.0: reg 0x18: [mem 0xf0800000-0xf0803fff pref]
Oct 17 04:05:00 debian10 kernel: [    0.348866] pci 0000:00:05.0: [8086:2415] type 00 class 0x040100
Oct 17 04:05:00 debian10 kernel: [    0.349006] pci 0000:00:05.0: reg 0x10: [io  0xd100-0xd1ff]
Oct 17 04:05:00 debian10 kernel: [    0.349066] pci 0000:00:05.0: reg 0x14: [io  0xd200-0xd23f]
Oct 17 04:05:00 debian10 kernel: [    0.349637] pci 0000:00:06.0: [106b:003f] type 00 class 0x0c0310
Oct 17 04:05:00 debian10 kernel: [    0.350340] pci 0000:00:06.0: reg 0x10: [mem 0xf0804000-0xf0804fff]
Oct 17 04:05:00 debian10 kernel: [    0.353782] pci 0000:00:07.0: [8086:7113] type 00 class 0x068000
Oct 17 04:05:00 debian10 kernel: [    0.354127] pci 0000:00:07.0: quirk: [io  0x4000-0x403f] claimed by PIIX4 ACPI
Oct 17 04:05:00 debian10 kernel: [    0.354134] pci 0000:00:07.0: quirk: [io  0x4100-0x410f] claimed by PIIX4 SMB
Oct 17 04:05:00 debian10 kernel: [    0.354372] pci 0000:00:0b.0: [8086:265c] type 00 class 0x0c0320
Oct 17 04:05:00 debian10 kernel: [    0.354911] pci 0000:00:0b.0: reg 0x10: [mem 0xf0805000-0xf0805fff]
Oct 17 04:05:00 debian10 kernel: [    0.359182] pci 0000:00:0d.0: [8086:2829] type 00 class 0x010601
Oct 17 04:05:00 debian10 kernel: [    0.359763] pci 0000:00:0d.0: reg 0x10: [io  0xd240-0xd247]
Oct 17 04:05:00 debian10 kernel: [    0.360261] pci 0000:00:0d.0: reg 0x14: [io  0xd248-0xd24b]
Oct 17 04:05:00 debian10 kernel: [    0.360754] pci 0000:00:0d.0: reg 0x18: [io  0xd250-0xd257]
Oct 17 04:05:00 debian10 kernel: [    0.361232] pci 0000:00:0d.0: reg 0x1c: [io  0xd258-0xd25b]
Oct 17 04:05:00 debian10 kernel: [    0.361652] pci 0000:00:0d.0: reg 0x20: [io  0xd260-0xd26f]
Oct 17 04:05:00 debian10 kernel: [    0.362192] pci 0000:00:0d.0: reg 0x24: [mem 0xf0806000-0xf0807fff]
Oct 17 04:05:00 debian10 kernel: [    0.364366] ACPI: PCI Interrupt Link [LNKA] (IRQs 5 9 10 *11)
Oct 17 04:05:00 debian10 kernel: [    0.364550] ACPI: PCI Interrupt Link [LNKB] (IRQs 5 9 *10 11)
Oct 17 04:05:00 debian10 kernel: [    0.364625] ACPI: PCI Interrupt Link [LNKC] (IRQs 5 *9 10 11)
Oct 17 04:05:00 debian10 kernel: [    0.364696] ACPI: PCI Interrupt Link [LNKD] (IRQs 5 9 10 *11)
Oct 17 04:05:00 debian10 kernel: [    0.365701] pci 0000:00:02.0: vgaarb: setting as boot VGA device
Oct 17 04:05:00 debian10 kernel: [    0.365701] pci 0000:00:02.0: vgaarb: VGA device added: decodes=io+mem,owns=io+mem,locks=none
Oct 17 04:05:00 debian10 kernel: [    0.365701] pci 0000:00:02.0: vgaarb: bridge control possible
Oct 17 04:05:00 debian10 kernel: [    0.365701] vgaarb: loaded
Oct 17 04:05:00 debian10 kernel: [    0.365701] pps_core: LinuxPPS API ver. 1 registered
Oct 17 04:05:00 debian10 kernel: [    0.365701] pps_core: Software ver. 5.3.6 - Copyright 2005-2007 Rodolfo Giometti <giometti@linux.it>
Oct 17 04:05:00 debian10 kernel: [    0.365701] PTP clock support registered
Oct 17 04:05:00 debian10 kernel: [    0.365701] EDAC MC: Ver: 3.0.0
Oct 17 04:05:00 debian10 kernel: [    0.365892] PCI: Using ACPI for IRQ routing
Oct 17 04:05:00 debian10 kernel: [    0.365892] PCI: pci_cache_line_size set to 64 bytes
Oct 17 04:05:00 debian10 kernel: [    0.365892] e820: reserve RAM buffer [mem 0x0009fc00-0x0009ffff]
Oct 17 04:05:00 debian10 kernel: [    0.365892] e820: reserve RAM buffer [mem 0x7fff0000-0x7fffffff]
Oct 17 04:05:00 debian10 kernel: [    0.365892] clocksource: Switched to clocksource kvm-clock
Oct 17 04:05:00 debian10 kernel: [    0.373510] VFS: Disk quotas dquot_6.6.0
Oct 17 04:05:00 debian10 kernel: [    0.373520] VFS: Dquot-cache hash table entries: 512 (order 0, 4096 bytes)
Oct 17 04:05:00 debian10 kernel: [    0.373594] AppArmor: AppArmor Filesystem Enabled
Oct 17 04:05:00 debian10 kernel: [    0.373609] pnp: PnP ACPI init
Oct 17 04:05:00 debian10 kernel: [    0.373679] pnp 00:00: Plug and Play ACPI device, IDs PNP0303 (active)
Oct 17 04:05:00 debian10 kernel: [    0.373724] pnp 00:01: Plug and Play ACPI device, IDs PNP0f03 (active)
Oct 17 04:05:00 debian10 kernel: [    0.374191] pnp: PnP ACPI: found 2 devices
Oct 17 04:05:00 debian10 kernel: [    0.383107] clocksource: acpi_pm: mask: 0xffffff max_cycles: 0xffffff, max_idle_ns: 2085701024 ns
Oct 17 04:05:00 debian10 kernel: [    0.383114] pci_bus 0000:00: resource 4 [io  0x0000-0x0cf7 window]
Oct 17 04:05:00 debian10 kernel: [    0.383115] pci_bus 0000:00: resource 5 [io  0x0d00-0xffff window]
Oct 17 04:05:00 debian10 kernel: [    0.383116] pci_bus 0000:00: resource 6 [mem 0x000a0000-0x000bffff window]
Oct 17 04:05:00 debian10 kernel: [    0.383117] pci_bus 0000:00: resource 7 [mem 0x80000000-0xfdffffff window]
Oct 17 04:05:00 debian10 kernel: [    0.383151] NET: Registered protocol family 2
Oct 17 04:05:00 debian10 kernel: [    0.383194] IP idents hash table entries: 32768 (order: 6, 262144 bytes)
Oct 17 04:05:00 debian10 kernel: [    0.383400] tcp_listen_portaddr_hash hash table entries: 1024 (order: 2, 16384 bytes)
Oct 17 04:05:00 debian10 kernel: [    0.383407] TCP established hash table entries: 16384 (order: 5, 131072 bytes)
Oct 17 04:05:00 debian10 kernel: [    0.383434] TCP bind hash table entries: 16384 (order: 6, 262144 bytes)
Oct 17 04:05:00 debian10 kernel: [    0.383479] TCP: Hash tables configured (established 16384 bind 16384)
Oct 17 04:05:00 debian10 kernel: [    0.383760] UDP hash table entries: 1024 (order: 3, 32768 bytes)
Oct 17 04:05:00 debian10 kernel: [    0.383765] UDP-Lite hash table entries: 1024 (order: 3, 32768 bytes)
Oct 17 04:05:00 debian10 kernel: [    0.383798] NET: Registered protocol family 1
Oct 17 04:05:00 debian10 kernel: [    0.383804] NET: Registered protocol family 44
Oct 17 04:05:00 debian10 kernel: [    0.383824] pci 0000:00:00.0: Limiting direct PCI/PCI transfers
Oct 17 04:05:00 debian10 kernel: [    0.383843] pci 0000:00:01.0: Activating ISA DMA hang workarounds
Oct 17 04:05:00 debian10 kernel: [    0.383892] pci 0000:00:02.0: Video device with shadowed ROM at [mem 0x000c0000-0x000dffff]
Oct 17 04:05:00 debian10 kernel: [    0.385557] PCI: CLS 0 bytes, default 64
Oct 17 04:05:00 debian10 kernel: [    0.385583] Unpacking initramfs...
Oct 17 04:05:00 debian10 kernel: [    0.884032] Freeing initrd memory: 37600K
Oct 17 04:05:00 debian10 kernel: [    0.884077] clocksource: tsc: mask: 0xffffffffffffffff max_cycles: 0x255cb6cc5db, max_idle_ns: 440795203504 ns
Oct 17 04:05:00 debian10 kernel: [    0.884108] platform rtc_cmos: registered platform RTC device (no PNP device found)
Oct 17 04:05:00 debian10 kernel: [    0.884737] Initialise system trusted keyrings
Oct 17 04:05:00 debian10 kernel: [    0.884744] Key type blacklist registered
Oct 17 04:05:00 debian10 kernel: [    0.884891] workingset: timestamp_bits=40 max_order=19 bucket_order=0
Oct 17 04:05:00 debian10 kernel: [    0.885939] zbud: loaded
Oct 17 04:05:00 debian10 kernel: [    1.014870] Key type asymmetric registered
Oct 17 04:05:00 debian10 kernel: [    1.014874] Asymmetric key parser 'x509' registered
Oct 17 04:05:00 debian10 kernel: [    1.014921] Block layer SCSI generic (bsg) driver version 0.4 loaded (major 247)
Oct 17 04:05:00 debian10 kernel: [    1.015067] io scheduler noop registered
Oct 17 04:05:00 debian10 kernel: [    1.015068] io scheduler deadline registered
Oct 17 04:05:00 debian10 kernel: [    1.015169] io scheduler cfq registered (default)
Oct 17 04:05:00 debian10 kernel: [    1.015170] io scheduler mq-deadline registered
Oct 17 04:05:00 debian10 kernel: [    1.015430] shpchp: Standard Hot Plug PCI Controller Driver version: 0.4
Oct 17 04:05:00 debian10 kernel: [    1.015445] intel_idle: does not run on family 6 model 165
Oct 17 04:05:00 debian10 kernel: [    1.015749] Serial: 8250/16550 driver, 4 ports, IRQ sharing enabled
Oct 17 04:05:00 debian10 kernel: [    1.016456] Linux agpgart interface v0.103
Oct 17 04:05:00 debian10 kernel: [    1.016589] AMD IOMMUv2 driver by Joerg Roedel <jroedel@suse.de>
Oct 17 04:05:00 debian10 kernel: [    1.016590] AMD IOMMUv2 functionality not available on this system
Oct 17 04:05:00 debian10 kernel: [    1.016820] i8042: PNP: PS/2 Controller [PNP0303:PS2K,PNP0f03:PS2M] at 0x60,0x64 irq 1,12
Oct 17 04:05:00 debian10 kernel: [    1.017386] serio: i8042 KBD port at 0x60,0x64 irq 1
Oct 17 04:05:00 debian10 kernel: [    1.017418] serio: i8042 AUX port at 0x60,0x64 irq 12
Oct 17 04:05:00 debian10 kernel: [    1.017637] mousedev: PS/2 mouse device common for all mice
Oct 17 04:05:00 debian10 kernel: [    1.018187] input: AT Translated Set 2 keyboard as /devices/platform/i8042/serio0/input/input0
Oct 17 04:05:00 debian10 kernel: [    1.018342] rtc_cmos rtc_cmos: registered as rtc0
Oct 17 04:05:00 debian10 kernel: [    1.018357] rtc_cmos rtc_cmos: alarms up to one day, 114 bytes nvram
Oct 17 04:05:00 debian10 kernel: [    1.018407] ledtrig-cpu: registered to indicate activity on CPUs
Oct 17 04:05:00 debian10 kernel: [    1.018626] NET: Registered protocol family 10
Oct 17 04:05:00 debian10 kernel: [    1.024689] Segment Routing with IPv6
Oct 17 04:05:00 debian10 kernel: [    1.024706] mip6: Mobile IPv6
Oct 17 04:05:00 debian10 kernel: [    1.024708] NET: Registered protocol family 17
Oct 17 04:05:00 debian10 kernel: [    1.024761] mpls_gso: MPLS GSO support
Oct 17 04:05:00 debian10 kernel: [    1.024898] mce: Using 0 MCE banks
Oct 17 04:05:00 debian10 kernel: [    1.024913] sched_clock: Marking stable (1014227333, 10657759)->(1024465153, 419939)
Oct 17 04:05:00 debian10 kernel: [    1.025261] registered taskstats version 1
Oct 17 04:05:00 debian10 kernel: [    1.025261] Loading compiled-in X.509 certificates
Oct 17 04:05:00 debian10 kernel: [    1.051891] Loaded X.509 cert 'Debian Secure Boot CA: 6ccece7e4c6c0d1f6149f3dd27dfcc5cbb419ea1'
Oct 17 04:05:00 debian10 kernel: [    1.051907] Loaded X.509 cert 'Debian Secure Boot Signer 2021 - linux: 4b6ef5abca669825178e052c84667ccbc0531f8c'
Oct 17 04:05:00 debian10 kernel: [    1.051927] zswap: loaded using pool lzo/zbud
Oct 17 04:05:00 debian10 kernel: [    1.052096] AppArmor: AppArmor sha1 policy hashing enabled
Oct 17 04:05:00 debian10 kernel: [    1.052415] rtc_cmos rtc_cmos: setting system clock to 2021-10-17 09:04:54 UTC (1634461494)
Oct 17 04:05:00 debian10 kernel: [    1.053740] Freeing unused kernel image memory: 1596K
Oct 17 04:05:00 debian10 kernel: [    1.073926] Write protecting the kernel read-only data: 16384k
Oct 17 04:05:00 debian10 kernel: [    1.074295] Freeing unused kernel image memory: 2028K
Oct 17 04:05:00 debian10 kernel: [    1.074429] Freeing unused kernel image memory: 764K
Oct 17 04:05:00 debian10 kernel: [    1.081568] x86/mm: Checked W+X mappings: passed, no W+X pages found.
Oct 17 04:05:00 debian10 kernel: [    1.081589] Run /init as init process
Oct 17 04:05:00 debian10 kernel: [    1.118551] input: Power Button as /devices/LNXSYSTM:00/LNXPWRBN:00/input/input2
Oct 17 04:05:00 debian10 kernel: [    1.118568] ACPI: Power Button [PWRF]
Oct 17 04:05:00 debian10 kernel: [    1.118680] input: Sleep Button as /devices/LNXSYSTM:00/LNXSLPBN:00/input/input3
Oct 17 04:05:00 debian10 kernel: [    1.118689] ACPI: Sleep Button [SLPF]
Oct 17 04:05:00 debian10 kernel: [    1.123070] ACPI: Video Device [GFX0] (multi-head: yes  rom: no  post: no)
Oct 17 04:05:00 debian10 kernel: [    1.123127] input: Video Bus as /devices/LNXSYSTM:00/LNXSYBUS:00/PNP0A03:00/LNXVIDEO:00/input/input4
Oct 17 04:05:00 debian10 kernel: [    1.131369] SCSI subsystem initialized
Oct 17 04:05:00 debian10 kernel: [    1.136677] e1000: Intel(R) PRO/1000 Network Driver - version 7.3.21-k8-NAPI
Oct 17 04:05:00 debian10 kernel: [    1.136678] e1000: Copyright (c) 1999-2006 Intel Corporation.
Oct 17 04:05:00 debian10 kernel: [    1.142640] piix4_smbus 0000:00:07.0: SMBus Host Controller at 0x4100, revision 0
Oct 17 04:05:00 debian10 kernel: [    1.162645] ACPI: bus type USB registered
Oct 17 04:05:00 debian10 kernel: [    1.162690] usbcore: registered new interface driver usbfs
Oct 17 04:05:00 debian10 kernel: [    1.162695] usbcore: registered new interface driver hub
Oct 17 04:05:00 debian10 kernel: [    1.162703] usbcore: registered new device driver usb
Oct 17 04:05:00 debian10 kernel: [    1.165991] cryptd: max_cpu_qlen set to 1000
Oct 17 04:05:00 debian10 kernel: [    1.166869] ehci_hcd: USB 2.0 'Enhanced' Host Controller (EHCI) Driver
Oct 17 04:05:00 debian10 kernel: [    1.167599] ehci-pci: EHCI PCI platform driver
Oct 17 04:05:00 debian10 kernel: [    1.175735] ohci_hcd: USB 1.1 'Open' Host Controller (OHCI) Driver
Oct 17 04:05:00 debian10 kernel: [    1.182720] AVX2 version of gcm_enc/dec engaged.
Oct 17 04:05:00 debian10 kernel: [    1.182721] AES CTR mode by8 optimization enabled
Oct 17 04:05:00 debian10 kernel: [    1.182792] ehci-pci 0000:00:0b.0: EHCI Host Controller
Oct 17 04:05:00 debian10 kernel: [    1.182797] ehci-pci 0000:00:0b.0: new USB bus registered, assigned bus number 1
Oct 17 04:05:00 debian10 kernel: [    1.182975] libata version 3.00 loaded.
Oct 17 04:05:00 debian10 kernel: [    1.184375] ata_piix 0000:00:01.1: version 2.13
Oct 17 04:05:00 debian10 kernel: [    1.184926] ehci-pci 0000:00:0b.0: irq 19, io mem 0xf0805000
Oct 17 04:05:00 debian10 kernel: [    1.187561] ahci 0000:00:0d.0: version 3.0
Oct 17 04:05:00 debian10 kernel: [    1.188115] ahci 0000:00:0d.0: SSS flag set, parallel bus scan disabled
Oct 17 04:05:00 debian10 kernel: [    1.188243] ahci 0000:00:0d.0: AHCI 0001.0100 32 slots 1 ports 3 Gbps 0x1 impl SATA mode
Oct 17 04:05:00 debian10 kernel: [    1.188245] ahci 0000:00:0d.0: flags: 64bit ncq stag only ccc 
Oct 17 04:05:00 debian10 kernel: [    1.198569] ehci-pci 0000:00:0b.0: USB 2.0 started, EHCI 1.00
Oct 17 04:05:00 debian10 kernel: [    1.198624] usb usb1: New USB device found, idVendor=1d6b, idProduct=0002, bcdDevice= 4.19
Oct 17 04:05:00 debian10 kernel: [    1.198625] usb usb1: New USB device strings: Mfr=3, Product=2, SerialNumber=1
Oct 17 04:05:00 debian10 kernel: [    1.198626] usb usb1: Product: EHCI Host Controller
Oct 17 04:05:00 debian10 kernel: [    1.198627] usb usb1: Manufacturer: Linux 4.19.0-18-amd64 ehci_hcd
Oct 17 04:05:00 debian10 kernel: [    1.198628] usb usb1: SerialNumber: 0000:00:0b.0
Oct 17 04:05:00 debian10 kernel: [    1.198733] hub 1-0:1.0: USB hub found
Oct 17 04:05:00 debian10 kernel: [    1.198738] hub 1-0:1.0: 12 ports detected
Oct 17 04:05:00 debian10 kernel: [    1.200785] ohci-pci: OHCI PCI platform driver
Oct 17 04:05:00 debian10 kernel: [    1.201302] ohci-pci 0000:00:06.0: OHCI PCI host controller
Oct 17 04:05:00 debian10 kernel: [    1.201308] ohci-pci 0000:00:06.0: new USB bus registered, assigned bus number 2
Oct 17 04:05:00 debian10 kernel: [    1.201381] ohci-pci 0000:00:06.0: irq 22, io mem 0xf0804000
Oct 17 04:05:00 debian10 kernel: [    1.204145] scsi host0: ata_piix
Oct 17 04:05:00 debian10 kernel: [    1.206592] scsi host1: ahci
Oct 17 04:05:00 debian10 kernel: [    1.206652] ata3: SATA max UDMA/133 abar m8192@0xf0806000 port 0xf0806100 irq 21
Oct 17 04:05:00 debian10 kernel: [    1.213399] scsi host2: ata_piix
Oct 17 04:05:00 debian10 kernel: [    1.213432] ata1: PATA max UDMA/33 cmd 0x1f0 ctl 0x3f6 bmdma 0xd000 irq 14
Oct 17 04:05:00 debian10 kernel: [    1.213433] ata2: PATA max UDMA/33 cmd 0x170 ctl 0x376 bmdma 0xd008 irq 15
Oct 17 04:05:00 debian10 kernel: [    1.237895] [drm] DMA map mode: Using physical TTM page addresses.
Oct 17 04:05:00 debian10 kernel: [    1.237932] [drm] Capabilities:
Oct 17 04:05:00 debian10 kernel: [    1.237933] [drm]   Cursor.
Oct 17 04:05:00 debian10 kernel: [    1.237933] [drm]   Cursor bypass 2.
Oct 17 04:05:00 debian10 kernel: [    1.237933] [drm]   Alpha cursor.
Oct 17 04:05:00 debian10 kernel: [    1.237934] [drm]   3D.
Oct 17 04:05:00 debian10 kernel: [    1.237934] [drm]   Extended Fifo.
Oct 17 04:05:00 debian10 kernel: [    1.237934] [drm]   Pitchlock.
Oct 17 04:05:00 debian10 kernel: [    1.237935] [drm]   Irq mask.
Oct 17 04:05:00 debian10 kernel: [    1.237935] [drm]   GMR.
Oct 17 04:05:00 debian10 kernel: [    1.237935] [drm]   Traces.
Oct 17 04:05:00 debian10 kernel: [    1.237936] [drm]   GMR2.
Oct 17 04:05:00 debian10 kernel: [    1.237936] [drm]   Screen Object 2.
Oct 17 04:05:00 debian10 kernel: [    1.237937] [drm] Max GMR ids is 8192
Oct 17 04:05:00 debian10 kernel: [    1.237937] [drm] Max number of GMR pages is 1048576
Oct 17 04:05:00 debian10 kernel: [    1.237938] [drm] Max dedicated hypervisor surface memory is 393216 kiB
Oct 17 04:05:00 debian10 kernel: [    1.237938] [drm] Maximum display memory size is 131072 kiB
Oct 17 04:05:00 debian10 kernel: [    1.237939] [drm] VRAM at 0xe0000000 size is 131072 kiB
Oct 17 04:05:00 debian10 kernel: [    1.237939] [drm] MMIO at 0xf0000000 size is 2048 kiB
Oct 17 04:05:00 debian10 kernel: [    1.237941] [drm] global init.
Oct 17 04:05:00 debian10 kernel: [    1.238007] [TTM] Zone  kernel: Available graphics memory: 1021528 kiB
Oct 17 04:05:00 debian10 kernel: [    1.238007] [TTM] Initializing pool allocator
Oct 17 04:05:00 debian10 kernel: [    1.238009] [TTM] Initializing DMA pool allocator
Oct 17 04:05:00 debian10 kernel: [    1.238096] [drm] Supports vblank timestamp caching Rev 2 (21.10.2013).
Oct 17 04:05:00 debian10 kernel: [    1.238096] [drm] No driver support for vblank timestamp query.
Oct 17 04:05:00 debian10 kernel: [    1.238274] [drm] Screen Objects Display Unit initialized
Oct 17 04:05:00 debian10 kernel: [    1.238312] [drm] width 720
Oct 17 04:05:00 debian10 kernel: [    1.238321] [drm] height 400
Oct 17 04:05:00 debian10 kernel: [    1.238329] [drm] bpp 32
Oct 17 04:05:00 debian10 kernel: [    1.238600] [drm] Fifo max 0x00200000 min 0x00001000 cap 0x00000355
Oct 17 04:05:00 debian10 kernel: [    1.238608] [drm] DX: no.
Oct 17 04:05:00 debian10 kernel: [    1.238609] [drm] Atomic: yes.
Oct 17 04:05:00 debian10 kernel: [    1.238609] [drm] SM4_1: no.
Oct 17 04:05:00 debian10 kernel: [    1.238625] [drm:vmw_host_log [vmwgfx]] *ERROR* Failed to send host log message.
Oct 17 04:05:00 debian10 kernel: [    1.239437] [drm:vmw_host_log [vmwgfx]] *ERROR* Failed to send host log message.
Oct 17 04:05:00 debian10 kernel: [    1.242527] fbcon: svgadrmfb (fb0) is primary device
Oct 17 04:05:00 debian10 kernel: [    1.245074] Console: switching to colour frame buffer device 100x37
Oct 17 04:05:00 debian10 kernel: [    1.246436] [drm] Initialized vmwgfx 2.15.0 20180704 for 0000:00:02.0 on minor 0
Oct 17 04:05:00 debian10 kernel: [    1.263244] usb usb2: New USB device found, idVendor=1d6b, idProduct=0001, bcdDevice= 4.19
Oct 17 04:05:00 debian10 kernel: [    1.263246] usb usb2: New USB device strings: Mfr=3, Product=2, SerialNumber=1
Oct 17 04:05:00 debian10 kernel: [    1.263248] usb usb2: Product: OHCI PCI host controller
Oct 17 04:05:00 debian10 kernel: [    1.263249] usb usb2: Manufacturer: Linux 4.19.0-18-amd64 ohci_hcd
Oct 17 04:05:00 debian10 kernel: [    1.263250] usb usb2: SerialNumber: 0000:00:06.0
Oct 17 04:05:00 debian10 kernel: [    1.263516] hub 2-0:1.0: USB hub found
Oct 17 04:05:00 debian10 kernel: [    1.263584] hub 2-0:1.0: 12 ports detected
Oct 17 04:05:00 debian10 kernel: [    1.381510] input: ImExPS/2 Generic Explorer Mouse as /devices/platform/i8042/serio1/input/input5
Oct 17 04:05:00 debian10 kernel: [    1.390074] ata2.00: ATAPI: VBOX CD-ROM, 1.0, max UDMA/133
Oct 17 04:05:00 debian10 kernel: [    1.524725] ata3: SATA link up 3.0 Gbps (SStatus 123 SControl 300)
Oct 17 04:05:00 debian10 kernel: [    1.524841] ata3.00: ATA-6: VBOX HARDDISK, 1.0, max UDMA/133
Oct 17 04:05:00 debian10 kernel: [    1.524842] ata3.00: 1073741824 sectors, multi 128: LBA48 NCQ (depth 32)
Oct 17 04:05:00 debian10 kernel: [    1.525059] ata3.00: configured for UDMA/133
Oct 17 04:05:00 debian10 kernel: [    1.525532] scsi 1:0:0:0: Direct-Access     ATA      VBOX HARDDISK    1.0  PQ: 0 ANSI: 5
Oct 17 04:05:00 debian10 kernel: [    1.525748] e1000 0000:00:03.0 eth0: (PCI:33MHz:32-bit) 08:00:27:0a:8c:44
Oct 17 04:05:00 debian10 kernel: [    1.525750] e1000 0000:00:03.0 eth0: Intel(R) PRO/1000 Network Connection
Oct 17 04:05:00 debian10 kernel: [    1.526131] scsi 2:0:0:0: CD-ROM            VBOX     CD-ROM           1.0  PQ: 0 ANSI: 5
Oct 17 04:05:00 debian10 kernel: [    1.526524] e1000 0000:00:03.0 enp0s3: renamed from eth0
Oct 17 04:05:00 debian10 kernel: [    1.532521] sd 1:0:0:0: [sda] 1073741824 512-byte logical blocks: (550 GB/512 GiB)
Oct 17 04:05:00 debian10 kernel: [    1.532525] sd 1:0:0:0: [sda] Write Protect is off
Oct 17 04:05:00 debian10 kernel: [    1.532526] sd 1:0:0:0: [sda] Mode Sense: 00 3a 00 00
Oct 17 04:05:00 debian10 kernel: [    1.532531] sd 1:0:0:0: [sda] Write cache: enabled, read cache: enabled, doesn't support DPO or FUA
Oct 17 04:05:00 debian10 kernel: [    1.533444]  sda: sda1 sda2 < sda5 >
Oct 17 04:05:00 debian10 kernel: [    1.533864] sd 1:0:0:0: [sda] Attached SCSI disk
Oct 17 04:05:00 debian10 kernel: [    1.558582] sr 2:0:0:0: [sr0] scsi3-mmc drive: 32x/32x xa/form2 tray
Oct 17 04:05:00 debian10 kernel: [    1.558584] cdrom: Uniform CD-ROM driver Revision: 3.20
Oct 17 04:05:00 debian10 kernel: [    1.558742] sr 2:0:0:0: Attached scsi CD-ROM sr0
Oct 17 04:05:00 debian10 kernel: [    1.602049] usb 2-1: new full-speed USB device number 2 using ohci-pci
Oct 17 04:05:00 debian10 kernel: [    1.939421] device-mapper: uevent: version 1.0.3
Oct 17 04:05:00 debian10 kernel: [    1.939465] device-mapper: ioctl: 4.39.0-ioctl (2018-04-03) initialised: dm-devel@redhat.com
Oct 17 04:05:00 debian10 kernel: [    1.987075] usb 2-1: New USB device found, idVendor=80ee, idProduct=0021, bcdDevice= 1.00
Oct 17 04:05:00 debian10 kernel: [    1.987077] usb 2-1: New USB device strings: Mfr=1, Product=3, SerialNumber=0
Oct 17 04:05:00 debian10 kernel: [    1.987078] usb 2-1: Product: USB Tablet
Oct 17 04:05:00 debian10 kernel: [    1.987079] usb 2-1: Manufacturer: VirtualBox
Oct 17 04:05:00 debian10 kernel: [    1.997932] hidraw: raw HID events driver (C) Jiri Kosina
Oct 17 04:05:00 debian10 kernel: [    2.013454] usbcore: registered new interface driver usbhid
Oct 17 04:05:00 debian10 kernel: [    2.013454] usbhid: USB HID core driver
Oct 17 04:05:00 debian10 kernel: [    2.014506] input: VirtualBox USB Tablet as /devices/pci0000:00/0000:00:06.0/usb2/2-1/2-1:1.0/0003:80EE:0021.0001/input/input6
Oct 17 04:05:00 debian10 kernel: [    2.014549] hid-generic 0003:80EE:0021.0001: input,hidraw0: USB HID v1.10 Mouse [VirtualBox USB Tablet] on usb-0000:00:06.0-1/input0
Oct 17 04:05:00 debian10 kernel: [    2.055813] PM: Image not found (code -22)
Oct 17 04:05:00 debian10 kernel: [    2.166136] EXT4-fs (dm-0): mounted filesystem with ordered data mode. Opts: (null)
Oct 17 04:05:00 debian10 kernel: [    2.513875] EXT4-fs (dm-0): re-mounted. Opts: errors=remount-ro
Oct 17 04:05:00 debian10 kernel: [    2.728845] ACPI: AC Adapter [AC] (off-line)
Oct 17 04:05:00 debian10 kernel: [    2.729112] vboxguest: host-version: 6.1.26r145957 0x8000000f
Oct 17 04:05:00 debian10 kernel: [    2.729930] vbg_heartbeat_init: Setting up heartbeat to trigger every 2000 milliseconds
Oct 17 04:05:00 debian10 kernel: [    2.731315] input: VirtualBox mouse integration as /devices/pci0000:00/0000:00:04.0/input/input7
Oct 17 04:05:00 debian10 kernel: [    2.735475] vboxguest: misc device minor 58, IRQ 20, I/O port d040, MMIO at 0x00000000f0400000 (size 0x0000000000400000)
Oct 17 04:05:00 debian10 kernel: [    2.736334] battery: ACPI: Battery Slot [BAT0] (battery present)
Oct 17 04:05:00 debian10 kernel: [    2.780286] input: PC Speaker as /devices/platform/pcspkr/input/input8
Oct 17 04:05:00 debian10 kernel: [    2.785661] sd 1:0:0:0: Attached scsi generic sg0 type 0
Oct 17 04:05:00 debian10 kernel: [    2.786365] sr 2:0:0:0: Attached scsi generic sg1 type 5
Oct 17 04:05:00 debian10 kernel: [    2.989721] Adding 999420k swap on /dev/mapper/debian10--vg-swap_1.  Priority:-2 extents:1 across:999420k FS
Oct 17 04:05:00 debian10 kernel: [    3.022676] EXT4-fs (sda1): mounting ext2 file system using the ext4 subsystem
Oct 17 04:05:00 debian10 kernel: [    3.025375] EXT4-fs (sda1): mounted filesystem without journal. Opts: (null)
Oct 17 04:05:00 debian10 kernel: [    3.078556] EXT4-fs (dm-3): mounted filesystem with ordered data mode. Opts: (null)
Oct 17 04:05:00 debian10 kernel: [    3.086442] EXT4-fs (dm-2): mounted filesystem with ordered data mode. Opts: (null)
Oct 17 04:05:00 debian10 kernel: [    3.089326] snd_intel8x0 0000:00:05.0: white list rate for 1028:0177 is 48000
Oct 17 04:05:00 debian10 kernel: [    3.139585] EXT4-fs (dm-4): mounted filesystem with ordered data mode. Opts: (null)
Oct 17 04:05:00 debian10 kernel: [    3.216592] audit: type=1400 audit(1634461496.660:2): apparmor="STATUS" operation="profile_load" profile="unconfined" name="libreoffice-xpdfimport" pid=445 comm="apparmor_parser"
Oct 17 04:05:00 debian10 kernel: [    5.209268] audit: type=1400 audit(1634461498.652:3): apparmor="STATUS" operation="profile_load" profile="unconfined" name="/usr/bin/evince" pid=444 comm="apparmor_parser"
Oct 17 04:05:00 debian10 kernel: [    5.209907] audit: type=1400 audit(1634461498.656:4): apparmor="STATUS" operation="profile_load" profile="unconfined" name="/usr/bin/evince//sanitized_helper" pid=444 comm="apparmor_parser"
Oct 17 04:05:00 debian10 kernel: [    5.210917] audit: type=1400 audit(1634461498.656:5): apparmor="STATUS" operation="profile_load" profile="unconfined" name="/usr/bin/evince-previewer" pid=444 comm="apparmor_parser"
Oct 17 04:05:00 debian10 kernel: [    5.211212] audit: type=1400 audit(1634461498.656:6): apparmor="STATUS" operation="profile_load" profile="unconfined" name="/usr/bin/evince-previewer//sanitized_helper" pid=444 comm="apparmor_parser"
Oct 17 04:05:00 debian10 kernel: [    5.211815] audit: type=1400 audit(1634461498.656:7): apparmor="STATUS" operation="profile_load" profile="unconfined" name="/usr/bin/evince-thumbnailer" pid=444 comm="apparmor_parser"
Oct 17 04:05:00 debian10 kernel: [    5.249765] audit: type=1400 audit(1634461498.696:8): apparmor="STATUS" operation="profile_load" profile="unconfined" name="nvidia_modprobe" pid=450 comm="apparmor_parser"
Oct 17 04:05:00 debian10 kernel: [    5.250051] audit: type=1400 audit(1634461498.696:9): apparmor="STATUS" operation="profile_load" profile="unconfined" name="nvidia_modprobe//kmod" pid=450 comm="apparmor_parser"
Oct 17 04:05:00 debian10 kernel: [    5.303639] audit: type=1400 audit(1634461498.748:10): apparmor="STATUS" operation="profile_load" profile="unconfined" name="/usr/bin/man" pid=451 comm="apparmor_parser"
Oct 17 04:05:00 debian10 kernel: [    5.330474] kauditd_printk_skb: 2 callbacks suppressed
Oct 17 04:05:00 debian10 kernel: [    5.330475] audit: type=1400 audit(1634461498.776:13): apparmor="STATUS" operation="profile_load" profile="unconfined" name="libreoffice-oopslash" pid=452 comm="apparmor_parser"
Oct 17 04:05:00 debian10 kernel: [    5.350688] audit: type=1400 audit(1634461498.796:14): apparmor="STATUS" operation="profile_load" profile="unconfined" name="libreoffice-senddoc" pid=453 comm="apparmor_parser"
Oct 17 04:05:00 debian10 kernel: [    7.146808] audit: type=1400 audit(1634461500.592:15): apparmor="STATUS" operation="profile_load" profile="unconfined" name="libreoffice-soffice" pid=448 comm="apparmor_parser"
Oct 17 04:05:00 debian10 kernel: [    7.147345] audit: type=1400 audit(1634461500.592:16): apparmor="STATUS" operation="profile_load" profile="unconfined" name="libreoffice-soffice//gpg" pid=448 comm="apparmor_parser"
Oct 17 04:05:00 debian10 kernel: [    7.492977] IPv6: ADDRCONF(NETDEV_UP): enp0s3: link is not ready
Oct 17 04:05:00 debian10 kernel: [    7.495654] IPv6: ADDRCONF(NETDEV_UP): enp0s3: link is not ready
Oct 17 04:05:00 debian10 kernel: [    7.501703] e1000: enp0s3 NIC Link is Up 1000 Mbps Full Duplex, Flow Control: RX
Oct 17 04:05:00 debian10 kernel: [    7.502086] IPv6: ADDRCONF(NETDEV_CHANGE): enp0s3: link becomes ready
Oct 17 04:05:04 debian10 kernel: [   10.997748] [drm:vmw_sou_crtc_page_flip [vmwgfx]] *ERROR* Page flip error -16.
Oct 17 04:06:09 debian10 kernel: [   75.203037] fuse init (API version 7.27)
Oct 17 04:06:12 debian10 kernel: [   79.055677] rfkill: input handler disabled
Oct 17 04:06:15 debian10 kernel: [   81.919843] [drm:vmw_sou_crtc_page_flip [vmwgfx]] *ERROR* Page flip error -16.
Oct 17 04:07:45 debian10 kernel: [  171.268538] rfkill: input handler enabled
Oct 17 04:07:59 debian10 kernel: [    0.000000] Linux version 4.19.0-18-amd64 (debian-kernel@lists.debian.org) (gcc version 8.3.0 (Debian 8.3.0-6)) #1 SMP Debian 4.19.208-1 (2021-09-29)
Oct 17 04:07:59 debian10 kernel: [    0.000000] Command line: BOOT_IMAGE=/vmlinuz-4.19.0-18-amd64 root=/dev/mapper/debian10--vg-root ro quiet
Oct 17 04:07:59 debian10 kernel: [    0.000000] x86/fpu: Supporting XSAVE feature 0x001: 'x87 floating point registers'
Oct 17 04:07:59 debian10 kernel: [    0.000000] x86/fpu: Supporting XSAVE feature 0x002: 'SSE registers'
Oct 17 04:07:59 debian10 kernel: [    0.000000] x86/fpu: Supporting XSAVE feature 0x004: 'AVX registers'
Oct 17 04:07:59 debian10 kernel: [    0.000000] x86/fpu: xstate_offset[2]:  576, xstate_sizes[2]:  256
Oct 17 04:07:59 debian10 kernel: [    0.000000] x86/fpu: Enabled xstate features 0x7, context size is 832 bytes, using 'standard' format.
Oct 17 04:07:59 debian10 kernel: [    0.000000] BIOS-provided physical RAM map:
Oct 17 04:07:59 debian10 kernel: [    0.000000] BIOS-e820: [mem 0x0000000000000000-0x000000000009fbff] usable
Oct 17 04:07:59 debian10 kernel: [    0.000000] BIOS-e820: [mem 0x000000000009fc00-0x000000000009ffff] reserved
Oct 17 04:07:59 debian10 kernel: [    0.000000] BIOS-e820: [mem 0x00000000000f0000-0x00000000000fffff] reserved
Oct 17 04:07:59 debian10 kernel: [    0.000000] BIOS-e820: [mem 0x0000000000100000-0x000000007ffeffff] usable
Oct 17 04:07:59 debian10 kernel: [    0.000000] BIOS-e820: [mem 0x000000007fff0000-0x000000007fffffff] ACPI data
Oct 17 04:07:59 debian10 kernel: [    0.000000] BIOS-e820: [mem 0x00000000fec00000-0x00000000fec00fff] reserved
Oct 17 04:07:59 debian10 kernel: [    0.000000] BIOS-e820: [mem 0x00000000fee00000-0x00000000fee00fff] reserved
Oct 17 04:07:59 debian10 kernel: [    0.000000] BIOS-e820: [mem 0x00000000fffc0000-0x00000000ffffffff] reserved
Oct 17 04:07:59 debian10 kernel: [    0.000000] NX (Execute Disable) protection: active
Oct 17 04:07:59 debian10 kernel: [    0.000000] SMBIOS 2.5 present.
Oct 17 04:07:59 debian10 kernel: [    0.000000] DMI: innotek GmbH VirtualBox/VirtualBox, BIOS VirtualBox 12/01/2006
Oct 17 04:07:59 debian10 kernel: [    0.000000] Hypervisor detected: KVM
Oct 17 04:07:59 debian10 kernel: [    0.000000] kvm-clock: Using msrs 4b564d01 and 4b564d00
Oct 17 04:07:59 debian10 kernel: [    0.000000] kvm-clock: cpu 0, msr d7ec001, primary cpu clock
Oct 17 04:07:59 debian10 kernel: [    0.000000] kvm-clock: using sched offset of 9057365807 cycles
Oct 17 04:07:59 debian10 kernel: [    0.000002] clocksource: kvm-clock: mask: 0xffffffffffffffff max_cycles: 0x1cd42e4dffb, max_idle_ns: 881590591483 ns
Oct 17 04:07:59 debian10 kernel: [    0.000003] tsc: Detected 2592.000 MHz processor
Oct 17 04:07:59 debian10 kernel: [    0.001500] e820: update [mem 0x00000000-0x00000fff] usable ==> reserved
Oct 17 04:07:59 debian10 kernel: [    0.001503] e820: remove [mem 0x000a0000-0x000fffff] usable
Oct 17 04:07:59 debian10 kernel: [    0.001506] last_pfn = 0x7fff0 max_arch_pfn = 0x400000000
Oct 17 04:07:59 debian10 kernel: [    0.001519] MTRR default type: uncachable
Oct 17 04:07:59 debian10 kernel: [    0.001520] MTRR variable ranges disabled:
Oct 17 04:07:59 debian10 kernel: [    0.001521] Disabled
Oct 17 04:07:59 debian10 kernel: [    0.001522] x86/PAT: MTRRs disabled, skipping PAT initialization too.
Oct 17 04:07:59 debian10 kernel: [    0.001524] CPU MTRRs all blank - virtualized system.
Oct 17 04:07:59 debian10 kernel: [    0.001526] x86/PAT: Configuration [0-7]: WB  WT  UC- UC  WB  WT  UC- UC  
Oct 17 04:07:59 debian10 kernel: [    0.001591] found SMP MP-table at [mem 0x0009fff0-0x0009ffff]
Oct 17 04:07:59 debian10 kernel: [    0.085391] RAMDISK: [mem 0x3367f000-0x35b36fff]
Oct 17 04:07:59 debian10 kernel: [    0.085395] ACPI: Early table checksum verification disabled
Oct 17 04:07:59 debian10 kernel: [    0.085412] ACPI: RSDP 0x00000000000E0000 000024 (v02 VBOX  )
Oct 17 04:07:59 debian10 kernel: [    0.085415] ACPI: XSDT 0x000000007FFF0030 00003C (v01 VBOX   VBOXXSDT 00000001 ASL  00000061)
Oct 17 04:07:59 debian10 kernel: [    0.085420] ACPI: FACP 0x000000007FFF00F0 0000F4 (v04 VBOX   VBOXFACP 00000001 ASL  00000061)
Oct 17 04:07:59 debian10 kernel: [    0.085425] ACPI: DSDT 0x000000007FFF0470 002325 (v02 VBOX   VBOXBIOS 00000002 INTL 20100528)
Oct 17 04:07:59 debian10 kernel: [    0.085427] ACPI: FACS 0x000000007FFF0200 000040
Oct 17 04:07:59 debian10 kernel: [    0.085430] ACPI: FACS 0x000000007FFF0200 000040
Oct 17 04:07:59 debian10 kernel: [    0.085432] ACPI: APIC 0x000000007FFF0240 00005C (v02 VBOX   VBOXAPIC 00000001 ASL  00000061)
Oct 17 04:07:59 debian10 kernel: [    0.085435] ACPI: SSDT 0x000000007FFF02A0 0001CC (v01 VBOX   VBOXCPUT 00000002 INTL 20100528)
Oct 17 04:07:59 debian10 kernel: [    0.085437] ACPI: Reserving FACP table memory at [mem 0x7fff00f0-0x7fff01e3]
Oct 17 04:07:59 debian10 kernel: [    0.085438] ACPI: Reserving DSDT table memory at [mem 0x7fff0470-0x7fff2794]
Oct 17 04:07:59 debian10 kernel: [    0.085439] ACPI: Reserving FACS table memory at [mem 0x7fff0200-0x7fff023f]
Oct 17 04:07:59 debian10 kernel: [    0.085439] ACPI: Reserving FACS table memory at [mem 0x7fff0200-0x7fff023f]
Oct 17 04:07:59 debian10 kernel: [    0.085440] ACPI: Reserving APIC table memory at [mem 0x7fff0240-0x7fff029b]
Oct 17 04:07:59 debian10 kernel: [    0.085440] ACPI: Reserving SSDT table memory at [mem 0x7fff02a0-0x7fff046b]
Oct 17 04:07:59 debian10 kernel: [    0.085454] ACPI: Local APIC address 0xfee00000
Oct 17 04:07:59 debian10 kernel: [    0.085906] No NUMA configuration found
Oct 17 04:07:59 debian10 kernel: [    0.085907] Faking a node at [mem 0x0000000000000000-0x000000007ffeffff]
Oct 17 04:07:59 debian10 kernel: [    0.085911] NODE_DATA(0) allocated [mem 0x7ffeb000-0x7ffeffff]
Oct 17 04:07:59 debian10 kernel: [    0.085928] Zone ranges:
Oct 17 04:07:59 debian10 kernel: [    0.085928]   DMA      [mem 0x0000000000001000-0x0000000000ffffff]
Oct 17 04:07:59 debian10 kernel: [    0.085929]   DMA32    [mem 0x0000000001000000-0x000000007ffeffff]
Oct 17 04:07:59 debian10 kernel: [    0.085930]   Normal   empty
Oct 17 04:07:59 debian10 kernel: [    0.085931]   Device   empty
Oct 17 04:07:59 debian10 kernel: [    0.085931] Movable zone start for each node
Oct 17 04:07:59 debian10 kernel: [    0.085932] Early memory node ranges
Oct 17 04:07:59 debian10 kernel: [    0.085932]   node   0: [mem 0x0000000000001000-0x000000000009efff]
Oct 17 04:07:59 debian10 kernel: [    0.085933]   node   0: [mem 0x0000000000100000-0x000000007ffeffff]
Oct 17 04:07:59 debian10 kernel: [    0.086147] Zeroed struct page in unavailable ranges: 114 pages
Oct 17 04:07:59 debian10 kernel: [    0.086148] Initmem setup node 0 [mem 0x0000000000001000-0x000000007ffeffff]
Oct 17 04:07:59 debian10 kernel: [    0.086149] On node 0 totalpages: 524174
Oct 17 04:07:59 debian10 kernel: [    0.086150]   DMA zone: 64 pages used for memmap
Oct 17 04:07:59 debian10 kernel: [    0.086151]   DMA zone: 21 pages reserved
Oct 17 04:07:59 debian10 kernel: [    0.086151]   DMA zone: 3998 pages, LIFO batch:0
Oct 17 04:07:59 debian10 kernel: [    0.086222]   DMA32 zone: 8128 pages used for memmap
Oct 17 04:07:59 debian10 kernel: [    0.086223]   DMA32 zone: 520176 pages, LIFO batch:63
Oct 17 04:07:59 debian10 kernel: [    0.096657] ACPI: PM-Timer IO Port: 0x4008
Oct 17 04:07:59 debian10 kernel: [    0.096663] ACPI: Local APIC address 0xfee00000
Oct 17 04:07:59 debian10 kernel: [    0.096736] IOAPIC[0]: apic_id 2, version 32, address 0xfec00000, GSI 0-23
Oct 17 04:07:59 debian10 kernel: [    0.096740] ACPI: INT_SRC_OVR (bus 0 bus_irq 0 global_irq 2 dfl dfl)
Oct 17 04:07:59 debian10 kernel: [    0.096741] ACPI: INT_SRC_OVR (bus 0 bus_irq 9 global_irq 9 low level)
Oct 17 04:07:59 debian10 kernel: [    0.096743] ACPI: IRQ0 used by override.
Oct 17 04:07:59 debian10 kernel: [    0.096743] ACPI: IRQ9 used by override.
Oct 17 04:07:59 debian10 kernel: [    0.096745] Using ACPI (MADT) for SMP configuration information
Oct 17 04:07:59 debian10 kernel: [    0.096770] smpboot: Allowing 2 CPUs, 0 hotplug CPUs
Oct 17 04:07:59 debian10 kernel: [    0.096794] PM: Registered nosave memory: [mem 0x00000000-0x00000fff]
Oct 17 04:07:59 debian10 kernel: [    0.096795] PM: Registered nosave memory: [mem 0x0009f000-0x0009ffff]
Oct 17 04:07:59 debian10 kernel: [    0.096795] PM: Registered nosave memory: [mem 0x000a0000-0x000effff]
Oct 17 04:07:59 debian10 kernel: [    0.096796] PM: Registered nosave memory: [mem 0x000f0000-0x000fffff]
Oct 17 04:07:59 debian10 kernel: [    0.096797] [mem 0x80000000-0xfebfffff] available for PCI devices
Oct 17 04:07:59 debian10 kernel: [    0.096798] Booting paravirtualized kernel on KVM
Oct 17 04:07:59 debian10 kernel: [    0.096801] clocksource: refined-jiffies: mask: 0xffffffff max_cycles: 0xffffffff, max_idle_ns: 7645519600211568 ns
Oct 17 04:07:59 debian10 kernel: [    0.200260] random: get_random_bytes called from start_kernel+0x93/0x52a with crng_init=0
Oct 17 04:07:59 debian10 kernel: [    0.200267] setup_percpu: NR_CPUS:512 nr_cpumask_bits:512 nr_cpu_ids:2 nr_node_ids:1
Oct 17 04:07:59 debian10 kernel: [    0.200555] percpu: Embedded 45 pages/cpu s144536 r8192 d31592 u1048576
Oct 17 04:07:59 debian10 kernel: [    0.200560] pcpu-alloc: s144536 r8192 d31592 u1048576 alloc=1*2097152
Oct 17 04:07:59 debian10 kernel: [    0.200561] pcpu-alloc: [0] 0 1 
Oct 17 04:07:59 debian10 kernel: [    0.200580] PV qspinlock hash table entries: 256 (order: 0, 4096 bytes)
Oct 17 04:07:59 debian10 kernel: [    0.200584] Built 1 zonelists, mobility grouping on.  Total pages: 515961
Oct 17 04:07:59 debian10 kernel: [    0.200585] Policy zone: DMA32
Oct 17 04:07:59 debian10 kernel: [    0.200586] Kernel command line: BOOT_IMAGE=/vmlinuz-4.19.0-18-amd64 root=/dev/mapper/debian10--vg-root ro quiet
Oct 17 04:07:59 debian10 kernel: [    0.200659] Calgary: detecting Calgary via BIOS EBDA area
Oct 17 04:07:59 debian10 kernel: [    0.200661] Calgary: Unable to locate Rio Grande table in EBDA - bailing!
Oct 17 04:07:59 debian10 kernel: [    0.204165] Memory: 2001044K/2096696K available (10252K kernel code, 1242K rwdata, 3332K rodata, 1596K init, 2260K bss, 95652K reserved, 0K cma-reserved)
Oct 17 04:07:59 debian10 kernel: [    0.204450] SLUB: HWalign=64, Order=0-3, MinObjects=0, CPUs=2, Nodes=1
Oct 17 04:07:59 debian10 kernel: [    0.204454] ftrace: allocating 32002 entries in 126 pages
Oct 17 04:07:59 debian10 kernel: [    0.214223] rcu: Hierarchical RCU implementation.
Oct 17 04:07:59 debian10 kernel: [    0.214225] rcu: 	RCU restricting CPUs from NR_CPUS=512 to nr_cpu_ids=2.
Oct 17 04:07:59 debian10 kernel: [    0.214225] rcu: Adjusting geometry for rcu_fanout_leaf=16, nr_cpu_ids=2
Oct 17 04:07:59 debian10 kernel: [    0.216032] NR_IRQS: 33024, nr_irqs: 440, preallocated irqs: 16
Oct 17 04:07:59 debian10 kernel: [    0.224487] Console: colour VGA+ 80x25
Oct 17 04:07:59 debian10 kernel: [    0.224489] console [tty0] enabled
Oct 17 04:07:59 debian10 kernel: [    0.224505] ACPI: Core revision 20180810
Oct 17 04:07:59 debian10 kernel: [    0.224592] APIC: Switch to symmetric I/O mode setup
Oct 17 04:07:59 debian10 kernel: [    0.224800] x2apic enabled
Oct 17 04:07:59 debian10 kernel: [    0.225003] Switched APIC routing to physical x2apic.
Oct 17 04:07:59 debian10 kernel: [    0.225909] ..TIMER: vector=0x30 apic1=0 pin1=2 apic2=-1 pin2=-1
Oct 17 04:07:59 debian10 kernel: [    0.225930] clocksource: tsc-early: mask: 0xffffffffffffffff max_cycles: 0x255cb6cc5db, max_idle_ns: 440795203504 ns
Oct 17 04:07:59 debian10 kernel: [    0.225943] Calibrating delay loop (skipped) preset value.. 5184.00 BogoMIPS (lpj=10368000)
Oct 17 04:07:59 debian10 kernel: [    0.225944] pid_max: default: 32768 minimum: 301
Oct 17 04:07:59 debian10 kernel: [    0.225962] Security Framework initialized
Oct 17 04:07:59 debian10 kernel: [    0.225963] Yama: disabled by default; enable with sysctl kernel.yama.*
Oct 17 04:07:59 debian10 kernel: [    0.225977] AppArmor: AppArmor initialized
Oct 17 04:07:59 debian10 kernel: [    0.226306] Dentry cache hash table entries: 262144 (order: 9, 2097152 bytes)
Oct 17 04:07:59 debian10 kernel: [    0.226563] Inode-cache hash table entries: 131072 (order: 8, 1048576 bytes)
Oct 17 04:07:59 debian10 kernel: [    0.226572] Mount-cache hash table entries: 4096 (order: 3, 32768 bytes)
Oct 17 04:07:59 debian10 kernel: [    0.226574] Mountpoint-cache hash table entries: 4096 (order: 3, 32768 bytes)
Oct 17 04:07:59 debian10 kernel: [    0.226776] Last level iTLB entries: 4KB 64, 2MB 8, 4MB 8
Oct 17 04:07:59 debian10 kernel: [    0.226776] Last level dTLB entries: 4KB 64, 2MB 0, 4MB 0, 1GB 4
Oct 17 04:07:59 debian10 kernel: [    0.226778] Spectre V1 : Mitigation: usercopy/swapgs barriers and __user pointer sanitization
Oct 17 04:07:59 debian10 kernel: [    0.226780] Spectre V2 : Mitigation: Full generic retpoline
Oct 17 04:07:59 debian10 kernel: [    0.226780] Spectre V2 : Spectre v2 / SpectreRSB mitigation: Filling RSB on context switch
Oct 17 04:07:59 debian10 kernel: [    0.226780] Speculative Store Bypass: Vulnerable
Oct 17 04:07:59 debian10 kernel: [    0.226962] Freeing SMP alternatives memory: 24K
Oct 17 04:07:59 debian10 kernel: [    0.338151] smpboot: CPU0: Intel(R) Core(TM) i7-10750H CPU @ 2.60GHz (family: 0x6, model: 0xa5, stepping: 0x2)
Oct 17 04:07:59 debian10 kernel: [    0.338241] Performance Events: unsupported p6 CPU model 165 no PMU driver, software events only.
Oct 17 04:07:59 debian10 kernel: [    0.338262] rcu: Hierarchical SRCU implementation.
Oct 17 04:07:59 debian10 kernel: [    0.338512] random: crng done (trusting CPU's manufacturer)
Oct 17 04:07:59 debian10 kernel: [    0.338522] NMI watchdog: Perf NMI watchdog permanently disabled
Oct 17 04:07:59 debian10 kernel: [    0.338550] smp: Bringing up secondary CPUs ...
Oct 17 04:07:59 debian10 kernel: [    0.338651] x86: Booting SMP configuration:
Oct 17 04:07:59 debian10 kernel: [    0.338652] .... node  #0, CPUs:      #1
Oct 17 04:07:59 debian10 kernel: [    0.013667] kvm-clock: cpu 1, msr d7ec041, secondary cpu clock
Oct 17 04:07:59 debian10 kernel: [    0.340947] smp: Brought up 1 node, 2 CPUs
Oct 17 04:07:59 debian10 kernel: [    0.340947] smpboot: Max logical packages: 1
Oct 17 04:07:59 debian10 kernel: [    0.340947] smpboot: Total of 2 processors activated (10368.00 BogoMIPS)
Oct 17 04:07:59 debian10 kernel: [    0.340947] devtmpfs: initialized
Oct 17 04:07:59 debian10 kernel: [    0.340947] x86/mm: Memory block size: 128MB
Oct 17 04:07:59 debian10 kernel: [    0.340947] clocksource: jiffies: mask: 0xffffffff max_cycles: 0xffffffff, max_idle_ns: 7645041785100000 ns
Oct 17 04:07:59 debian10 kernel: [    0.340947] futex hash table entries: 512 (order: 3, 32768 bytes)
Oct 17 04:07:59 debian10 kernel: [    0.340947] pinctrl core: initialized pinctrl subsystem
Oct 17 04:07:59 debian10 kernel: [    0.340947] NET: Registered protocol family 16
Oct 17 04:07:59 debian10 kernel: [    0.340947] audit: initializing netlink subsys (disabled)
Oct 17 04:07:59 debian10 kernel: [    0.340947] audit: type=2000 audit(1634461685.486:1): state=initialized audit_enabled=0 res=1
Oct 17 04:07:59 debian10 kernel: [    0.340947] cpuidle: using governor ladder
Oct 17 04:07:59 debian10 kernel: [    0.340947] cpuidle: using governor menu
Oct 17 04:07:59 debian10 kernel: [    0.340947] ACPI: bus type PCI registered
Oct 17 04:07:59 debian10 kernel: [    0.340947] acpiphp: ACPI Hot Plug PCI Controller Driver version: 0.5
Oct 17 04:07:59 debian10 kernel: [    0.340947] PCI: Using configuration type 1 for base access
Oct 17 04:07:59 debian10 kernel: [    0.342144] HugeTLB registered 2.00 MiB page size, pre-allocated 0 pages
Oct 17 04:07:59 debian10 kernel: [    0.342144] ACPI: Added _OSI(Module Device)
Oct 17 04:07:59 debian10 kernel: [    0.342144] ACPI: Added _OSI(Processor Device)
Oct 17 04:07:59 debian10 kernel: [    0.342144] ACPI: Added _OSI(3.0 _SCP Extensions)
Oct 17 04:07:59 debian10 kernel: [    0.342144] ACPI: Added _OSI(Processor Aggregator Device)
Oct 17 04:07:59 debian10 kernel: [    0.342144] ACPI: Added _OSI(Linux-Dell-Video)
Oct 17 04:07:59 debian10 kernel: [    0.342144] ACPI: Added _OSI(Linux-Lenovo-NV-HDMI-Audio)
Oct 17 04:07:59 debian10 kernel: [    0.342904] ACPI: 2 ACPI AML tables successfully acquired and loaded
Oct 17 04:07:59 debian10 kernel: [    0.343824] ACPI: Interpreter enabled
Oct 17 04:07:59 debian10 kernel: [    0.343831] ACPI: (supports S0 S5)
Oct 17 04:07:59 debian10 kernel: [    0.343832] ACPI: Using IOAPIC for interrupt routing
Oct 17 04:07:59 debian10 kernel: [    0.343933] PCI: Using host bridge windows from ACPI; if necessary, use "pci=nocrs" and report a bug
Oct 17 04:07:59 debian10 kernel: [    0.344004] ACPI: Enabled 2 GPEs in block 00 to 07
Oct 17 04:07:59 debian10 kernel: [    0.348037] ACPI: PCI Root Bridge [PCI0] (domain 0000 [bus 00-ff])
Oct 17 04:07:59 debian10 kernel: [    0.348041] acpi PNP0A03:00: _OSC: OS supports [ASPM ClockPM Segments MSI]
Oct 17 04:07:59 debian10 kernel: [    0.348277] acpi PNP0A03:00: _OSC: not requesting OS control; OS requires [ExtendedConfig ASPM ClockPM MSI]
Oct 17 04:07:59 debian10 kernel: [    0.348281] acpi PNP0A03:00: fail to add MMCONFIG information, can't access extended PCI configuration space under this bridge.
Oct 17 04:07:59 debian10 kernel: [    0.348554] PCI host bridge to bus 0000:00
Oct 17 04:07:59 debian10 kernel: [    0.348556] pci_bus 0000:00: root bus resource [io  0x0000-0x0cf7 window]
Oct 17 04:07:59 debian10 kernel: [    0.348557] pci_bus 0000:00: root bus resource [io  0x0d00-0xffff window]
Oct 17 04:07:59 debian10 kernel: [    0.348558] pci_bus 0000:00: root bus resource [mem 0x000a0000-0x000bffff window]
Oct 17 04:07:59 debian10 kernel: [    0.348559] pci_bus 0000:00: root bus resource [mem 0x80000000-0xfdffffff window]
Oct 17 04:07:59 debian10 kernel: [    0.348560] pci_bus 0000:00: root bus resource [bus 00-ff]
Oct 17 04:07:59 debian10 kernel: [    0.348595] pci 0000:00:00.0: [8086:1237] type 00 class 0x060000
Oct 17 04:07:59 debian10 kernel: [    0.349150] pci 0000:00:01.0: [8086:7000] type 00 class 0x060100
Oct 17 04:07:59 debian10 kernel: [    0.350513] pci 0000:00:01.1: [8086:7111] type 00 class 0x01018a
Oct 17 04:07:59 debian10 kernel: [    0.350817] pci 0000:00:01.1: reg 0x20: [io  0xd000-0xd00f]
Oct 17 04:07:59 debian10 kernel: [    0.350929] pci 0000:00:01.1: legacy IDE quirk: reg 0x10: [io  0x01f0-0x01f7]
Oct 17 04:07:59 debian10 kernel: [    0.350930] pci 0000:00:01.1: legacy IDE quirk: reg 0x14: [io  0x03f6]
Oct 17 04:07:59 debian10 kernel: [    0.350931] pci 0000:00:01.1: legacy IDE quirk: reg 0x18: [io  0x0170-0x0177]
Oct 17 04:07:59 debian10 kernel: [    0.350931] pci 0000:00:01.1: legacy IDE quirk: reg 0x1c: [io  0x0376]
Oct 17 04:07:59 debian10 kernel: [    0.351107] pci 0000:00:02.0: [15ad:0405] type 00 class 0x030000
Oct 17 04:07:59 debian10 kernel: [    0.353280] pci 0000:00:02.0: reg 0x10: [io  0xd010-0xd01f]
Oct 17 04:07:59 debian10 kernel: [    0.355186] pci 0000:00:02.0: reg 0x14: [mem 0xe0000000-0xe7ffffff pref]
Oct 17 04:07:59 debian10 kernel: [    0.356934] pci 0000:00:02.0: reg 0x18: [mem 0xf0000000-0xf01fffff]
Oct 17 04:07:59 debian10 kernel: [    0.363947] pci 0000:00:03.0: [8086:100e] type 00 class 0x020000
Oct 17 04:07:59 debian10 kernel: [    0.364802] pci 0000:00:03.0: reg 0x10: [mem 0xf0200000-0xf021ffff]
Oct 17 04:07:59 debian10 kernel: [    0.366021] pci 0000:00:03.0: reg 0x18: [io  0xd020-0xd027]
Oct 17 04:07:59 debian10 kernel: [    0.369358] pci 0000:00:04.0: [80ee:cafe] type 00 class 0x088000
Oct 17 04:07:59 debian10 kernel: [    0.370018] pci 0000:00:04.0: reg 0x10: [io  0xd040-0xd05f]
Oct 17 04:07:59 debian10 kernel: [    0.370565] pci 0000:00:04.0: reg 0x14: [mem 0xf0400000-0xf07fffff]
Oct 17 04:07:59 debian10 kernel: [    0.371096] pci 0000:00:04.0: reg 0x18: [mem 0xf0800000-0xf0803fff pref]
Oct 17 04:07:59 debian10 kernel: [    0.373154] pci 0000:00:05.0: [8086:2415] type 00 class 0x040100
Oct 17 04:07:59 debian10 kernel: [    0.373254] pci 0000:00:05.0: reg 0x10: [io  0xd100-0xd1ff]
Oct 17 04:07:59 debian10 kernel: [    0.373302] pci 0000:00:05.0: reg 0x14: [io  0xd200-0xd23f]
Oct 17 04:07:59 debian10 kernel: [    0.373776] pci 0000:00:06.0: [106b:003f] type 00 class 0x0c0310
Oct 17 04:07:59 debian10 kernel: [    0.374775] pci 0000:00:06.0: reg 0x10: [mem 0xf0804000-0xf0804fff]
Oct 17 04:07:59 debian10 kernel: [    0.378445] pci 0000:00:07.0: [8086:7113] type 00 class 0x068000
Oct 17 04:07:59 debian10 kernel: [    0.378814] pci 0000:00:07.0: quirk: [io  0x4000-0x403f] claimed by PIIX4 ACPI
Oct 17 04:07:59 debian10 kernel: [    0.378823] pci 0000:00:07.0: quirk: [io  0x4100-0x410f] claimed by PIIX4 SMB
Oct 17 04:07:59 debian10 kernel: [    0.379102] pci 0000:00:0b.0: [8086:265c] type 00 class 0x0c0320
Oct 17 04:07:59 debian10 kernel: [    0.379737] pci 0000:00:0b.0: reg 0x10: [mem 0xf0805000-0xf0805fff]
Oct 17 04:07:59 debian10 kernel: [    0.383663] pci 0000:00:0d.0: [8086:2829] type 00 class 0x010601
Oct 17 04:07:59 debian10 kernel: [    0.384316] pci 0000:00:0d.0: reg 0x10: [io  0xd240-0xd247]
Oct 17 04:07:59 debian10 kernel: [    0.384874] pci 0000:00:0d.0: reg 0x14: [io  0xd248-0xd24b]
Oct 17 04:07:59 debian10 kernel: [    0.386014] pci 0000:00:0d.0: reg 0x18: [io  0xd250-0xd257]
Oct 17 04:07:59 debian10 kernel: [    0.386494] pci 0000:00:0d.0: reg 0x1c: [io  0xd258-0xd25b]
Oct 17 04:07:59 debian10 kernel: [    0.386953] pci 0000:00:0d.0: reg 0x20: [io  0xd260-0xd26f]
Oct 17 04:07:59 debian10 kernel: [    0.387526] pci 0000:00:0d.0: reg 0x24: [mem 0xf0806000-0xf0807fff]
Oct 17 04:07:59 debian10 kernel: [    0.389594] ACPI: PCI Interrupt Link [LNKA] (IRQs 5 9 10 *11)
Oct 17 04:07:59 debian10 kernel: [    0.389781] ACPI: PCI Interrupt Link [LNKB] (IRQs 5 9 *10 11)
Oct 17 04:07:59 debian10 kernel: [    0.389843] ACPI: PCI Interrupt Link [LNKC] (IRQs 5 *9 10 11)
Oct 17 04:07:59 debian10 kernel: [    0.389943] ACPI: PCI Interrupt Link [LNKD] (IRQs 5 9 10 *11)
Oct 17 04:07:59 debian10 kernel: [    0.390086] pci 0000:00:02.0: vgaarb: setting as boot VGA device
Oct 17 04:07:59 debian10 kernel: [    0.390086] pci 0000:00:02.0: vgaarb: VGA device added: decodes=io+mem,owns=io+mem,locks=none
Oct 17 04:07:59 debian10 kernel: [    0.390086] pci 0000:00:02.0: vgaarb: bridge control possible
Oct 17 04:07:59 debian10 kernel: [    0.390086] vgaarb: loaded
Oct 17 04:07:59 debian10 kernel: [    0.390086] pps_core: LinuxPPS API ver. 1 registered
Oct 17 04:07:59 debian10 kernel: [    0.390086] pps_core: Software ver. 5.3.6 - Copyright 2005-2007 Rodolfo Giometti <giometti@linux.it>
Oct 17 04:07:59 debian10 kernel: [    0.390086] PTP clock support registered
Oct 17 04:07:59 debian10 kernel: [    0.390086] EDAC MC: Ver: 3.0.0
Oct 17 04:07:59 debian10 kernel: [    0.390233] PCI: Using ACPI for IRQ routing
Oct 17 04:07:59 debian10 kernel: [    0.390233] PCI: pci_cache_line_size set to 64 bytes
Oct 17 04:07:59 debian10 kernel: [    0.390233] e820: reserve RAM buffer [mem 0x0009fc00-0x0009ffff]
Oct 17 04:07:59 debian10 kernel: [    0.390233] e820: reserve RAM buffer [mem 0x7fff0000-0x7fffffff]
Oct 17 04:07:59 debian10 kernel: [    0.390233] clocksource: Switched to clocksource kvm-clock
Oct 17 04:07:59 debian10 kernel: [    0.397809] VFS: Disk quotas dquot_6.6.0
Oct 17 04:07:59 debian10 kernel: [    0.397819] VFS: Dquot-cache hash table entries: 512 (order 0, 4096 bytes)
Oct 17 04:07:59 debian10 kernel: [    0.397896] AppArmor: AppArmor Filesystem Enabled
Oct 17 04:07:59 debian10 kernel: [    0.397914] pnp: PnP ACPI init
Oct 17 04:07:59 debian10 kernel: [    0.397965] pnp 00:00: Plug and Play ACPI device, IDs PNP0303 (active)
Oct 17 04:07:59 debian10 kernel: [    0.398025] pnp 00:01: Plug and Play ACPI device, IDs PNP0f03 (active)
Oct 17 04:07:59 debian10 kernel: [    0.398476] pnp: PnP ACPI: found 2 devices
Oct 17 04:07:59 debian10 kernel: [    0.406784] clocksource: acpi_pm: mask: 0xffffff max_cycles: 0xffffff, max_idle_ns: 2085701024 ns
Oct 17 04:07:59 debian10 kernel: [    0.406791] pci_bus 0000:00: resource 4 [io  0x0000-0x0cf7 window]
Oct 17 04:07:59 debian10 kernel: [    0.406792] pci_bus 0000:00: resource 5 [io  0x0d00-0xffff window]
Oct 17 04:07:59 debian10 kernel: [    0.406793] pci_bus 0000:00: resource 6 [mem 0x000a0000-0x000bffff window]
Oct 17 04:07:59 debian10 kernel: [    0.406793] pci_bus 0000:00: resource 7 [mem 0x80000000-0xfdffffff window]
Oct 17 04:07:59 debian10 kernel: [    0.406825] NET: Registered protocol family 2
Oct 17 04:07:59 debian10 kernel: [    0.406866] IP idents hash table entries: 32768 (order: 6, 262144 bytes)
Oct 17 04:07:59 debian10 kernel: [    0.407071] tcp_listen_portaddr_hash hash table entries: 1024 (order: 2, 16384 bytes)
Oct 17 04:07:59 debian10 kernel: [    0.407078] TCP established hash table entries: 16384 (order: 5, 131072 bytes)
Oct 17 04:07:59 debian10 kernel: [    0.407102] TCP bind hash table entries: 16384 (order: 6, 262144 bytes)
Oct 17 04:07:59 debian10 kernel: [    0.407127] TCP: Hash tables configured (established 16384 bind 16384)
Oct 17 04:07:59 debian10 kernel: [    0.407317] UDP hash table entries: 1024 (order: 3, 32768 bytes)
Oct 17 04:07:59 debian10 kernel: [    0.407321] UDP-Lite hash table entries: 1024 (order: 3, 32768 bytes)
Oct 17 04:07:59 debian10 kernel: [    0.407349] NET: Registered protocol family 1
Oct 17 04:07:59 debian10 kernel: [    0.407355] NET: Registered protocol family 44
Oct 17 04:07:59 debian10 kernel: [    0.407374] pci 0000:00:00.0: Limiting direct PCI/PCI transfers
Oct 17 04:07:59 debian10 kernel: [    0.407386] pci 0000:00:01.0: Activating ISA DMA hang workarounds
Oct 17 04:07:59 debian10 kernel: [    0.407421] pci 0000:00:02.0: Video device with shadowed ROM at [mem 0x000c0000-0x000dffff]
Oct 17 04:07:59 debian10 kernel: [    0.409156] PCI: CLS 0 bytes, default 64
Oct 17 04:07:59 debian10 kernel: [    0.409184] Unpacking initramfs...
Oct 17 04:07:59 debian10 kernel: [    0.900819] Freeing initrd memory: 37600K
Oct 17 04:07:59 debian10 kernel: [    0.900903] clocksource: tsc: mask: 0xffffffffffffffff max_cycles: 0x255cb6cc5db, max_idle_ns: 440795203504 ns
Oct 17 04:07:59 debian10 kernel: [    0.900933] platform rtc_cmos: registered platform RTC device (no PNP device found)
Oct 17 04:07:59 debian10 kernel: [    0.901515] Initialise system trusted keyrings
Oct 17 04:07:59 debian10 kernel: [    0.901522] Key type blacklist registered
Oct 17 04:07:59 debian10 kernel: [    0.901666] workingset: timestamp_bits=40 max_order=19 bucket_order=0
Oct 17 04:07:59 debian10 kernel: [    0.902497] zbud: loaded
Oct 17 04:07:59 debian10 kernel: [    0.994032] Key type asymmetric registered
Oct 17 04:07:59 debian10 kernel: [    0.994033] Asymmetric key parser 'x509' registered
Oct 17 04:07:59 debian10 kernel: [    0.994046] Block layer SCSI generic (bsg) driver version 0.4 loaded (major 247)
Oct 17 04:07:59 debian10 kernel: [    0.994094] io scheduler noop registered
Oct 17 04:07:59 debian10 kernel: [    0.994095] io scheduler deadline registered
Oct 17 04:07:59 debian10 kernel: [    0.994127] io scheduler cfq registered (default)
Oct 17 04:07:59 debian10 kernel: [    0.994128] io scheduler mq-deadline registered
Oct 17 04:07:59 debian10 kernel: [    0.994248] shpchp: Standard Hot Plug PCI Controller Driver version: 0.4
Oct 17 04:07:59 debian10 kernel: [    0.994256] intel_idle: does not run on family 6 model 165
Oct 17 04:07:59 debian10 kernel: [    0.994401] Serial: 8250/16550 driver, 4 ports, IRQ sharing enabled
Oct 17 04:07:59 debian10 kernel: [    0.994784] Linux agpgart interface v0.103
Oct 17 04:07:59 debian10 kernel: [    0.994859] AMD IOMMUv2 driver by Joerg Roedel <jroedel@suse.de>
Oct 17 04:07:59 debian10 kernel: [    0.994859] AMD IOMMUv2 functionality not available on this system
Oct 17 04:07:59 debian10 kernel: [    0.994988] i8042: PNP: PS/2 Controller [PNP0303:PS2K,PNP0f03:PS2M] at 0x60,0x64 irq 1,12
Oct 17 04:07:59 debian10 kernel: [    0.995377] serio: i8042 KBD port at 0x60,0x64 irq 1
Oct 17 04:07:59 debian10 kernel: [    0.995396] serio: i8042 AUX port at 0x60,0x64 irq 12
Oct 17 04:07:59 debian10 kernel: [    0.995483] mousedev: PS/2 mouse device common for all mice
Oct 17 04:07:59 debian10 kernel: [    0.995841] input: AT Translated Set 2 keyboard as /devices/platform/i8042/serio0/input/input0
Oct 17 04:07:59 debian10 kernel: [    0.995998] rtc_cmos rtc_cmos: registered as rtc0
Oct 17 04:07:59 debian10 kernel: [    0.996007] rtc_cmos rtc_cmos: alarms up to one day, 114 bytes nvram
Oct 17 04:07:59 debian10 kernel: [    0.996040] ledtrig-cpu: registered to indicate activity on CPUs
Oct 17 04:07:59 debian10 kernel: [    0.996183] NET: Registered protocol family 10
Oct 17 04:07:59 debian10 kernel: [    1.000548] Segment Routing with IPv6
Oct 17 04:07:59 debian10 kernel: [    1.000561] mip6: Mobile IPv6
Oct 17 04:07:59 debian10 kernel: [    1.000562] NET: Registered protocol family 17
Oct 17 04:07:59 debian10 kernel: [    1.000600] mpls_gso: MPLS GSO support
Oct 17 04:07:59 debian10 kernel: [    1.000695] mce: Using 0 MCE banks
Oct 17 04:07:59 debian10 kernel: [    1.000707] sched_clock: Marking stable (991010680, 9667342)->(999852626, 825396)
Oct 17 04:07:59 debian10 kernel: [    1.001005] registered taskstats version 1
Oct 17 04:07:59 debian10 kernel: [    1.001006] Loading compiled-in X.509 certificates
Oct 17 04:07:59 debian10 kernel: [    1.024008] Loaded X.509 cert 'Debian Secure Boot CA: 6ccece7e4c6c0d1f6149f3dd27dfcc5cbb419ea1'
Oct 17 04:07:59 debian10 kernel: [    1.024021] Loaded X.509 cert 'Debian Secure Boot Signer 2021 - linux: 4b6ef5abca669825178e052c84667ccbc0531f8c'
Oct 17 04:07:59 debian10 kernel: [    1.024039] zswap: loaded using pool lzo/zbud
Oct 17 04:07:59 debian10 kernel: [    1.024171] AppArmor: AppArmor sha1 policy hashing enabled
Oct 17 04:07:59 debian10 kernel: [    1.024385] rtc_cmos rtc_cmos: setting system clock to 2021-10-17 09:07:57 UTC (1634461677)
Oct 17 04:07:59 debian10 kernel: [    1.025560] Freeing unused kernel image memory: 1596K
Oct 17 04:07:59 debian10 kernel: [    1.038818] Write protecting the kernel read-only data: 16384k
Oct 17 04:07:59 debian10 kernel: [    1.039314] Freeing unused kernel image memory: 2028K
Oct 17 04:07:59 debian10 kernel: [    1.039411] Freeing unused kernel image memory: 764K
Oct 17 04:07:59 debian10 kernel: [    1.045033] x86/mm: Checked W+X mappings: passed, no W+X pages found.
Oct 17 04:07:59 debian10 kernel: [    1.045035] Run /init as init process
Oct 17 04:07:59 debian10 kernel: [    1.077139] input: Power Button as /devices/LNXSYSTM:00/LNXPWRBN:00/input/input2
Oct 17 04:07:59 debian10 kernel: [    1.077178] ACPI: Power Button [PWRF]
Oct 17 04:07:59 debian10 kernel: [    1.077233] input: Sleep Button as /devices/LNXSYSTM:00/LNXSLPBN:00/input/input3
Oct 17 04:07:59 debian10 kernel: [    1.077238] ACPI: Sleep Button [SLPF]
Oct 17 04:07:59 debian10 kernel: [    1.079636] ACPI: Video Device [GFX0] (multi-head: yes  rom: no  post: no)
Oct 17 04:07:59 debian10 kernel: [    1.079726] input: Video Bus as /devices/LNXSYSTM:00/LNXSYBUS:00/PNP0A03:00/LNXVIDEO:00/input/input4
Oct 17 04:07:59 debian10 kernel: [    1.092267] piix4_smbus 0000:00:07.0: SMBus Host Controller at 0x4100, revision 0
Oct 17 04:07:59 debian10 kernel: [    1.097585] SCSI subsystem initialized
Oct 17 04:07:59 debian10 kernel: [    1.107289] e1000: Intel(R) PRO/1000 Network Driver - version 7.3.21-k8-NAPI
Oct 17 04:07:59 debian10 kernel: [    1.107290] e1000: Copyright (c) 1999-2006 Intel Corporation.
Oct 17 04:07:59 debian10 kernel: [    1.125949] ACPI: bus type USB registered
Oct 17 04:07:59 debian10 kernel: [    1.125965] usbcore: registered new interface driver usbfs
Oct 17 04:07:59 debian10 kernel: [    1.125970] usbcore: registered new interface driver hub
Oct 17 04:07:59 debian10 kernel: [    1.125975] usbcore: registered new device driver usb
Oct 17 04:07:59 debian10 kernel: [    1.129168] ehci_hcd: USB 2.0 'Enhanced' Host Controller (EHCI) Driver
Oct 17 04:07:59 debian10 kernel: [    1.129745] ehci-pci: EHCI PCI platform driver
Oct 17 04:07:59 debian10 kernel: [    1.132942] ohci_hcd: USB 1.1 'Open' Host Controller (OHCI) Driver
Oct 17 04:07:59 debian10 kernel: [    1.136761] cryptd: max_cpu_qlen set to 1000
Oct 17 04:07:59 debian10 kernel: [    1.139568] libata version 3.00 loaded.
Oct 17 04:07:59 debian10 kernel: [    1.143817] ata_piix 0000:00:01.1: version 2.13
Oct 17 04:07:59 debian10 kernel: [    1.144537] ehci-pci 0000:00:0b.0: EHCI Host Controller
Oct 17 04:07:59 debian10 kernel: [    1.144542] ehci-pci 0000:00:0b.0: new USB bus registered, assigned bus number 1
Oct 17 04:07:59 debian10 kernel: [    1.144770] ehci-pci 0000:00:0b.0: irq 19, io mem 0xf0805000
Oct 17 04:07:59 debian10 kernel: [    1.155970] AVX2 version of gcm_enc/dec engaged.
Oct 17 04:07:59 debian10 kernel: [    1.155971] AES CTR mode by8 optimization enabled
Oct 17 04:07:59 debian10 kernel: [    1.157273] [drm] DMA map mode: Using physical TTM page addresses.
Oct 17 04:07:59 debian10 kernel: [    1.157313] [drm] Capabilities:
Oct 17 04:07:59 debian10 kernel: [    1.157313] [drm]   Cursor.
Oct 17 04:07:59 debian10 kernel: [    1.157314] [drm]   Cursor bypass 2.
Oct 17 04:07:59 debian10 kernel: [    1.157314] [drm]   Alpha cursor.
Oct 17 04:07:59 debian10 kernel: [    1.157314] [drm]   3D.
Oct 17 04:07:59 debian10 kernel: [    1.157315] [drm]   Extended Fifo.
Oct 17 04:07:59 debian10 kernel: [    1.157315] [drm]   Pitchlock.
Oct 17 04:07:59 debian10 kernel: [    1.157315] [drm]   Irq mask.
Oct 17 04:07:59 debian10 kernel: [    1.157316] [drm]   GMR.
Oct 17 04:07:59 debian10 kernel: [    1.157316] [drm]   Traces.
Oct 17 04:07:59 debian10 kernel: [    1.157316] [drm]   GMR2.
Oct 17 04:07:59 debian10 kernel: [    1.157317] [drm]   Screen Object 2.
Oct 17 04:07:59 debian10 kernel: [    1.157318] [drm] Max GMR ids is 8192
Oct 17 04:07:59 debian10 kernel: [    1.157318] [drm] Max number of GMR pages is 1048576
Oct 17 04:07:59 debian10 kernel: [    1.157319] [drm] Max dedicated hypervisor surface memory is 393216 kiB
Oct 17 04:07:59 debian10 kernel: [    1.157319] [drm] Maximum display memory size is 131072 kiB
Oct 17 04:07:59 debian10 kernel: [    1.157320] [drm] VRAM at 0xe0000000 size is 131072 kiB
Oct 17 04:07:59 debian10 kernel: [    1.157321] [drm] MMIO at 0xf0000000 size is 2048 kiB
Oct 17 04:07:59 debian10 kernel: [    1.157322] [drm] global init.
Oct 17 04:07:59 debian10 kernel: [    1.157352] scsi host0: ata_piix
Oct 17 04:07:59 debian10 kernel: [    1.157436] scsi host1: ata_piix
Oct 17 04:07:59 debian10 kernel: [    1.157465] ata1: PATA max UDMA/33 cmd 0x1f0 ctl 0x3f6 bmdma 0xd000 irq 14
Oct 17 04:07:59 debian10 kernel: [    1.157466] ata2: PATA max UDMA/33 cmd 0x170 ctl 0x376 bmdma 0xd008 irq 15
Oct 17 04:07:59 debian10 kernel: [    1.157945] ahci 0000:00:0d.0: version 3.0
Oct 17 04:07:59 debian10 kernel: [    1.158013] ehci-pci 0000:00:0b.0: USB 2.0 started, EHCI 1.00
Oct 17 04:07:59 debian10 kernel: [    1.158058] usb usb1: New USB device found, idVendor=1d6b, idProduct=0002, bcdDevice= 4.19
Oct 17 04:07:59 debian10 kernel: [    1.158060] usb usb1: New USB device strings: Mfr=3, Product=2, SerialNumber=1
Oct 17 04:07:59 debian10 kernel: [    1.158061] usb usb1: Product: EHCI Host Controller
Oct 17 04:07:59 debian10 kernel: [    1.158061] usb usb1: Manufacturer: Linux 4.19.0-18-amd64 ehci_hcd
Oct 17 04:07:59 debian10 kernel: [    1.158062] usb usb1: SerialNumber: 0000:00:0b.0
Oct 17 04:07:59 debian10 kernel: [    1.158138] hub 1-0:1.0: USB hub found
Oct 17 04:07:59 debian10 kernel: [    1.158142] hub 1-0:1.0: 12 ports detected
Oct 17 04:07:59 debian10 kernel: [    1.158961] ahci 0000:00:0d.0: SSS flag set, parallel bus scan disabled
Oct 17 04:07:59 debian10 kernel: [    1.159085] ahci 0000:00:0d.0: AHCI 0001.0100 32 slots 1 ports 3 Gbps 0x1 impl SATA mode
Oct 17 04:07:59 debian10 kernel: [    1.159087] ahci 0000:00:0d.0: flags: 64bit ncq stag only ccc 
Oct 17 04:07:59 debian10 kernel: [    1.159273] [TTM] Zone  kernel: Available graphics memory: 1021528 kiB
Oct 17 04:07:59 debian10 kernel: [    1.159273] [TTM] Initializing pool allocator
Oct 17 04:07:59 debian10 kernel: [    1.159276] [TTM] Initializing DMA pool allocator
Oct 17 04:07:59 debian10 kernel: [    1.159390] [drm] Supports vblank timestamp caching Rev 2 (21.10.2013).
Oct 17 04:07:59 debian10 kernel: [    1.159390] [drm] No driver support for vblank timestamp query.
Oct 17 04:07:59 debian10 kernel: [    1.159555] [drm] Screen Objects Display Unit initialized
Oct 17 04:07:59 debian10 kernel: [    1.159593] [drm] width 720
Oct 17 04:07:59 debian10 kernel: [    1.159603] [drm] height 400
Oct 17 04:07:59 debian10 kernel: [    1.159611] [drm] bpp 32
Oct 17 04:07:59 debian10 kernel: [    1.159928] [drm] Fifo max 0x00200000 min 0x00001000 cap 0x00000355
Oct 17 04:07:59 debian10 kernel: [    1.159935] [drm] DX: no.
Oct 17 04:07:59 debian10 kernel: [    1.159935] [drm] Atomic: yes.
Oct 17 04:07:59 debian10 kernel: [    1.159936] [drm] SM4_1: no.
Oct 17 04:07:59 debian10 kernel: [    1.159948] [drm:vmw_host_log [vmwgfx]] *ERROR* Failed to send host log message.
Oct 17 04:07:59 debian10 kernel: [    1.160570] [drm:vmw_host_log [vmwgfx]] *ERROR* Failed to send host log message.
Oct 17 04:07:59 debian10 kernel: [    1.162400] ohci-pci: OHCI PCI platform driver
Oct 17 04:07:59 debian10 kernel: [    1.162731] fbcon: svgadrmfb (fb0) is primary device
Oct 17 04:07:59 debian10 kernel: [    1.162877] ohci-pci 0000:00:06.0: OHCI PCI host controller
Oct 17 04:07:59 debian10 kernel: [    1.162882] ohci-pci 0000:00:06.0: new USB bus registered, assigned bus number 2
Oct 17 04:07:59 debian10 kernel: [    1.163010] ohci-pci 0000:00:06.0: irq 22, io mem 0xf0804000
Oct 17 04:07:59 debian10 kernel: [    1.166224] Console: switching to colour frame buffer device 100x37
Oct 17 04:07:59 debian10 kernel: [    1.167297] [drm] Initialized vmwgfx 2.15.0 20180704 for 0000:00:02.0 on minor 0
Oct 17 04:07:59 debian10 kernel: [    1.172203] scsi host2: ahci
Oct 17 04:07:59 debian10 kernel: [    1.172297] ata3: SATA max UDMA/133 abar m8192@0xf0806000 port 0xf0806100 irq 21
Oct 17 04:07:59 debian10 kernel: [    1.222352] usb usb2: New USB device found, idVendor=1d6b, idProduct=0001, bcdDevice= 4.19
Oct 17 04:07:59 debian10 kernel: [    1.222353] usb usb2: New USB device strings: Mfr=3, Product=2, SerialNumber=1
Oct 17 04:07:59 debian10 kernel: [    1.222354] usb usb2: Product: OHCI PCI host controller
Oct 17 04:07:59 debian10 kernel: [    1.222355] usb usb2: Manufacturer: Linux 4.19.0-18-amd64 ohci_hcd
Oct 17 04:07:59 debian10 kernel: [    1.222356] usb usb2: SerialNumber: 0000:00:06.0
Oct 17 04:07:59 debian10 kernel: [    1.223983] hub 2-0:1.0: USB hub found
Oct 17 04:07:59 debian10 kernel: [    1.224027] hub 2-0:1.0: 12 ports detected
Oct 17 04:07:59 debian10 kernel: [    1.338157] ata2.00: ATAPI: VBOX CD-ROM, 1.0, max UDMA/133
Oct 17 04:07:59 debian10 kernel: [    1.338961] scsi 1:0:0:0: CD-ROM            VBOX     CD-ROM           1.0  PQ: 0 ANSI: 5
Oct 17 04:07:59 debian10 kernel: [    1.341431] input: ImExPS/2 Generic Explorer Mouse as /devices/platform/i8042/serio1/input/input5
Oct 17 04:07:59 debian10 kernel: [    1.489817] e1000 0000:00:03.0 eth0: (PCI:33MHz:32-bit) 08:00:27:0a:8c:44
Oct 17 04:07:59 debian10 kernel: [    1.489820] e1000 0000:00:03.0 eth0: Intel(R) PRO/1000 Network Connection
Oct 17 04:07:59 debian10 kernel: [    1.490545] e1000 0000:00:03.0 enp0s3: renamed from eth0
Oct 17 04:07:59 debian10 kernel: [    1.491027] ata3: SATA link up 3.0 Gbps (SStatus 123 SControl 300)
Oct 17 04:07:59 debian10 kernel: [    1.491132] ata3.00: ATA-6: VBOX HARDDISK, 1.0, max UDMA/133
Oct 17 04:07:59 debian10 kernel: [    1.491133] ata3.00: 1073741824 sectors, multi 128: LBA48 NCQ (depth 32)
Oct 17 04:07:59 debian10 kernel: [    1.491249] ata3.00: configured for UDMA/133
Oct 17 04:07:59 debian10 kernel: [    1.491367] scsi 2:0:0:0: Direct-Access     ATA      VBOX HARDDISK    1.0  PQ: 0 ANSI: 5
Oct 17 04:07:59 debian10 kernel: [    1.495871] sd 2:0:0:0: [sda] 1073741824 512-byte logical blocks: (550 GB/512 GiB)
Oct 17 04:07:59 debian10 kernel: [    1.495874] sd 2:0:0:0: [sda] Write Protect is off
Oct 17 04:07:59 debian10 kernel: [    1.495875] sd 2:0:0:0: [sda] Mode Sense: 00 3a 00 00
Oct 17 04:07:59 debian10 kernel: [    1.495879] sd 2:0:0:0: [sda] Write cache: enabled, read cache: enabled, doesn't support DPO or FUA
Oct 17 04:07:59 debian10 kernel: [    1.496726]  sda: sda1 sda2 < sda5 >
Oct 17 04:07:59 debian10 kernel: [    1.496930] sd 2:0:0:0: [sda] Attached SCSI disk
Oct 17 04:07:59 debian10 kernel: [    1.522766] sr 1:0:0:0: [sr0] scsi3-mmc drive: 32x/32x xa/form2 tray
Oct 17 04:07:59 debian10 kernel: [    1.522768] cdrom: Uniform CD-ROM driver Revision: 3.20
Oct 17 04:07:59 debian10 kernel: [    1.523086] sr 1:0:0:0: Attached scsi CD-ROM sr0
Oct 17 04:07:59 debian10 kernel: [    1.555464] usb 2-1: new full-speed USB device number 2 using ohci-pci
Oct 17 04:07:59 debian10 kernel: [    1.940303] device-mapper: uevent: version 1.0.3
Oct 17 04:07:59 debian10 kernel: [    1.940339] device-mapper: ioctl: 4.39.0-ioctl (2018-04-03) initialised: dm-devel@redhat.com
Oct 17 04:07:59 debian10 kernel: [    1.982868] usb 2-1: New USB device found, idVendor=80ee, idProduct=0021, bcdDevice= 1.00
Oct 17 04:07:59 debian10 kernel: [    1.982869] usb 2-1: New USB device strings: Mfr=1, Product=3, SerialNumber=0
Oct 17 04:07:59 debian10 kernel: [    1.982871] usb 2-1: Product: USB Tablet
Oct 17 04:07:59 debian10 kernel: [    1.982871] usb 2-1: Manufacturer: VirtualBox
Oct 17 04:07:59 debian10 kernel: [    1.993201] hidraw: raw HID events driver (C) Jiri Kosina
Oct 17 04:07:59 debian10 kernel: [    2.009311] usbcore: registered new interface driver usbhid
Oct 17 04:07:59 debian10 kernel: [    2.009312] usbhid: USB HID core driver
Oct 17 04:07:59 debian10 kernel: [    2.010222] input: VirtualBox USB Tablet as /devices/pci0000:00/0000:00:06.0/usb2/2-1/2-1:1.0/0003:80EE:0021.0001/input/input6
Oct 17 04:07:59 debian10 kernel: [    2.010259] hid-generic 0003:80EE:0021.0001: input,hidraw0: USB HID v1.10 Mouse [VirtualBox USB Tablet] on usb-0000:00:06.0-1/input0
Oct 17 04:07:59 debian10 kernel: [    2.067625] PM: Image not found (code -22)
Oct 17 04:07:59 debian10 kernel: [    2.175278] EXT4-fs (dm-0): mounted filesystem with ordered data mode. Opts: (null)
Oct 17 04:07:59 debian10 kernel: [    2.477468] EXT4-fs (dm-0): re-mounted. Opts: errors=remount-ro
Oct 17 04:07:59 debian10 kernel: [    2.688575] vboxguest: host-version: 6.1.26r145957 0x8000000f
Oct 17 04:07:59 debian10 kernel: [    2.694991] ACPI: AC Adapter [AC] (off-line)
Oct 17 04:07:59 debian10 kernel: [    2.696468] battery: ACPI: Battery Slot [BAT0] (battery present)
Oct 17 04:07:59 debian10 kernel: [    2.699397] vbg_heartbeat_init: Setting up heartbeat to trigger every 2000 milliseconds
Oct 17 04:07:59 debian10 kernel: [    2.699603] input: VirtualBox mouse integration as /devices/pci0000:00/0000:00:04.0/input/input7
Oct 17 04:07:59 debian10 kernel: [    2.702356] vboxguest: misc device minor 58, IRQ 20, I/O port d040, MMIO at 0x00000000f0400000 (size 0x0000000000400000)
Oct 17 04:07:59 debian10 kernel: [    2.716167] sr 1:0:0:0: Attached scsi generic sg0 type 5
Oct 17 04:07:59 debian10 kernel: [    2.716189] sd 2:0:0:0: Attached scsi generic sg1 type 0
Oct 17 04:07:59 debian10 kernel: [    2.755875] input: PC Speaker as /devices/platform/pcspkr/input/input8
Oct 17 04:07:59 debian10 kernel: [    2.910541] Adding 999420k swap on /dev/mapper/debian10--vg-swap_1.  Priority:-2 extents:1 across:999420k FS
Oct 17 04:07:59 debian10 kernel: [    2.940656] EXT4-fs (sda1): mounting ext2 file system using the ext4 subsystem
Oct 17 04:07:59 debian10 kernel: [    2.943635] EXT4-fs (sda1): mounted filesystem without journal. Opts: (null)
Oct 17 04:07:59 debian10 kernel: [    3.021980] EXT4-fs (dm-2): mounted filesystem with ordered data mode. Opts: (null)
Oct 17 04:07:59 debian10 kernel: [    3.026478] EXT4-fs (dm-4): mounted filesystem with ordered data mode. Opts: (null)
Oct 17 04:07:59 debian10 kernel: [    3.036307] EXT4-fs (dm-3): mounted filesystem with ordered data mode. Opts: (null)
Oct 17 04:07:59 debian10 kernel: [    3.068060] snd_intel8x0 0000:00:05.0: white list rate for 1028:0177 is 48000
Oct 17 04:07:59 debian10 kernel: [    3.073916] audit: type=1400 audit(1634461679.544:2): apparmor="STATUS" operation="profile_load" profile="unconfined" name="libreoffice-xpdfimport" pid=441 comm="apparmor_parser"
Oct 17 04:07:59 debian10 kernel: [    3.110807] audit: type=1400 audit(1634461679.584:3): apparmor="STATUS" operation="profile_load" profile="unconfined" name="libreoffice-soffice" pid=443 comm="apparmor_parser"
Oct 17 04:07:59 debian10 kernel: [    3.110810] audit: type=1400 audit(1634461679.584:4): apparmor="STATUS" operation="profile_load" profile="unconfined" name="libreoffice-soffice//gpg" pid=443 comm="apparmor_parser"
Oct 17 04:07:59 debian10 kernel: [    3.111271] audit: type=1400 audit(1634461679.584:5): apparmor="STATUS" operation="profile_load" profile="unconfined" name="/usr/bin/evince" pid=440 comm="apparmor_parser"
Oct 17 04:07:59 debian10 kernel: [    3.111273] audit: type=1400 audit(1634461679.584:6): apparmor="STATUS" operation="profile_load" profile="unconfined" name="/usr/bin/evince//sanitized_helper" pid=440 comm="apparmor_parser"
Oct 17 04:07:59 debian10 kernel: [    3.111275] audit: type=1400 audit(1634461679.584:7): apparmor="STATUS" operation="profile_load" profile="unconfined" name="/usr/bin/evince-previewer" pid=440 comm="apparmor_parser"
Oct 17 04:07:59 debian10 kernel: [    3.111276] audit: type=1400 audit(1634461679.584:8): apparmor="STATUS" operation="profile_load" profile="unconfined" name="/usr/bin/evince-previewer//sanitized_helper" pid=440 comm="apparmor_parser"
Oct 17 04:07:59 debian10 kernel: [    3.111277] audit: type=1400 audit(1634461679.584:9): apparmor="STATUS" operation="profile_load" profile="unconfined" name="/usr/bin/evince-thumbnailer" pid=440 comm="apparmor_parser"
Oct 17 04:07:59 debian10 kernel: [    3.115129] audit: type=1400 audit(1634461679.588:10): apparmor="STATUS" operation="profile_load" profile="unconfined" name="nvidia_modprobe" pid=451 comm="apparmor_parser"
Oct 17 04:08:00 debian10 kernel: [    3.605584] IPv6: ADDRCONF(NETDEV_UP): enp0s3: link is not ready
Oct 17 04:08:00 debian10 kernel: [    3.607758] IPv6: ADDRCONF(NETDEV_UP): enp0s3: link is not ready
Oct 17 04:08:02 debian10 kernel: [    5.630390] e1000: enp0s3 NIC Link is Up 1000 Mbps Full Duplex, Flow Control: RX
Oct 17 04:08:02 debian10 kernel: [    5.630692] IPv6: ADDRCONF(NETDEV_CHANGE): enp0s3: link becomes ready
Oct 17 04:08:03 debian10 kernel: [    7.284648] [drm:vmw_sou_crtc_page_flip [vmwgfx]] *ERROR* Page flip error -16.
Oct 17 04:08:08 debian10 kernel: [   12.122169] fuse init (API version 7.27)
Oct 17 04:08:09 debian10 kernel: [   13.325897] rfkill: input handler disabled
Oct 17 04:08:10 debian10 kernel: [   14.285377] [drm:vmw_sou_crtc_page_flip [vmwgfx]] *ERROR* Page flip error -16.
Oct 17 04:08:25 debian10 kernel: [   28.608894] rfkill: input handler enabled
Oct 17 04:08:51 debian10 kernel: [    0.000000] Linux version 4.19.0-18-amd64 (debian-kernel@lists.debian.org) (gcc version 8.3.0 (Debian 8.3.0-6)) #1 SMP Debian 4.19.208-1 (2021-09-29)
Oct 17 04:08:51 debian10 kernel: [    0.000000] Command line: BOOT_IMAGE=/vmlinuz-4.19.0-18-amd64 root=/dev/mapper/debian10--vg-root ro quiet
Oct 17 04:08:51 debian10 kernel: [    0.000000] x86/fpu: Supporting XSAVE feature 0x001: 'x87 floating point registers'
Oct 17 04:08:51 debian10 kernel: [    0.000000] x86/fpu: Supporting XSAVE feature 0x002: 'SSE registers'
Oct 17 04:08:51 debian10 kernel: [    0.000000] x86/fpu: Supporting XSAVE feature 0x004: 'AVX registers'
Oct 17 04:08:51 debian10 kernel: [    0.000000] x86/fpu: xstate_offset[2]:  576, xstate_sizes[2]:  256
Oct 17 04:08:51 debian10 kernel: [    0.000000] x86/fpu: Enabled xstate features 0x7, context size is 832 bytes, using 'standard' format.
Oct 17 04:08:51 debian10 kernel: [    0.000000] BIOS-provided physical RAM map:
Oct 17 04:08:51 debian10 kernel: [    0.000000] BIOS-e820: [mem 0x0000000000000000-0x000000000009fbff] usable
Oct 17 04:08:51 debian10 kernel: [    0.000000] BIOS-e820: [mem 0x000000000009fc00-0x000000000009ffff] reserved
Oct 17 04:08:51 debian10 kernel: [    0.000000] BIOS-e820: [mem 0x00000000000f0000-0x00000000000fffff] reserved
Oct 17 04:08:51 debian10 kernel: [    0.000000] BIOS-e820: [mem 0x0000000000100000-0x000000007ffeffff] usable
Oct 17 04:08:51 debian10 kernel: [    0.000000] BIOS-e820: [mem 0x000000007fff0000-0x000000007fffffff] ACPI data
Oct 17 04:08:51 debian10 kernel: [    0.000000] BIOS-e820: [mem 0x00000000fec00000-0x00000000fec00fff] reserved
Oct 17 04:08:51 debian10 kernel: [    0.000000] BIOS-e820: [mem 0x00000000fee00000-0x00000000fee00fff] reserved
Oct 17 04:08:51 debian10 kernel: [    0.000000] BIOS-e820: [mem 0x00000000fffc0000-0x00000000ffffffff] reserved
Oct 17 04:08:51 debian10 kernel: [    0.000000] NX (Execute Disable) protection: active
Oct 17 04:08:51 debian10 kernel: [    0.000000] SMBIOS 2.5 present.
Oct 17 04:08:51 debian10 kernel: [    0.000000] DMI: innotek GmbH VirtualBox/VirtualBox, BIOS VirtualBox 12/01/2006
Oct 17 04:08:51 debian10 kernel: [    0.000000] Hypervisor detected: KVM
Oct 17 04:08:51 debian10 kernel: [    0.000000] kvm-clock: Using msrs 4b564d01 and 4b564d00
Oct 17 04:08:51 debian10 kernel: [    0.000000] kvm-clock: cpu 0, msr 56dec001, primary cpu clock
Oct 17 04:08:51 debian10 kernel: [    0.000000] kvm-clock: using sched offset of 9161642565 cycles
Oct 17 04:08:51 debian10 kernel: [    0.000001] clocksource: kvm-clock: mask: 0xffffffffffffffff max_cycles: 0x1cd42e4dffb, max_idle_ns: 881590591483 ns
Oct 17 04:08:51 debian10 kernel: [    0.000003] tsc: Detected 2592.000 MHz processor
Oct 17 04:08:51 debian10 kernel: [    0.001215] e820: update [mem 0x00000000-0x00000fff] usable ==> reserved
Oct 17 04:08:51 debian10 kernel: [    0.001216] e820: remove [mem 0x000a0000-0x000fffff] usable
Oct 17 04:08:51 debian10 kernel: [    0.001219] last_pfn = 0x7fff0 max_arch_pfn = 0x400000000
Oct 17 04:08:51 debian10 kernel: [    0.001227] MTRR default type: uncachable
Oct 17 04:08:51 debian10 kernel: [    0.001227] MTRR variable ranges disabled:
Oct 17 04:08:51 debian10 kernel: [    0.001227] Disabled
Oct 17 04:08:51 debian10 kernel: [    0.001228] x86/PAT: MTRRs disabled, skipping PAT initialization too.
Oct 17 04:08:51 debian10 kernel: [    0.001229] CPU MTRRs all blank - virtualized system.
Oct 17 04:08:51 debian10 kernel: [    0.001231] x86/PAT: Configuration [0-7]: WB  WT  UC- UC  WB  WT  UC- UC  
Oct 17 04:08:51 debian10 kernel: [    0.001278] found SMP MP-table at [mem 0x0009fff0-0x0009ffff]
Oct 17 04:08:51 debian10 kernel: [    0.070512] RAMDISK: [mem 0x3367f000-0x35b36fff]
Oct 17 04:08:51 debian10 kernel: [    0.070516] ACPI: Early table checksum verification disabled
Oct 17 04:08:51 debian10 kernel: [    0.070531] ACPI: RSDP 0x00000000000E0000 000024 (v02 VBOX  )
Oct 17 04:08:51 debian10 kernel: [    0.070534] ACPI: XSDT 0x000000007FFF0030 00003C (v01 VBOX   VBOXXSDT 00000001 ASL  00000061)
Oct 17 04:08:51 debian10 kernel: [    0.070538] ACPI: FACP 0x000000007FFF00F0 0000F4 (v04 VBOX   VBOXFACP 00000001 ASL  00000061)
Oct 17 04:08:51 debian10 kernel: [    0.070542] ACPI: DSDT 0x000000007FFF0470 002325 (v02 VBOX   VBOXBIOS 00000002 INTL 20100528)
Oct 17 04:08:51 debian10 kernel: [    0.070545] ACPI: FACS 0x000000007FFF0200 000040
Oct 17 04:08:51 debian10 kernel: [    0.070547] ACPI: FACS 0x000000007FFF0200 000040
Oct 17 04:08:51 debian10 kernel: [    0.070549] ACPI: APIC 0x000000007FFF0240 00005C (v02 VBOX   VBOXAPIC 00000001 ASL  00000061)
