Nov 15 14:48:53 ogenser kernel: klogd 1.5.1, log source = /proc/kmsg started.
Nov 15 14:48:53 ogenser kernel: Cannot find map file.
Nov 15 14:48:53 ogenser kernel: Loaded 162383 symbols from 1 module.
Nov 15 14:48:53 ogenser kernel: [    0.000000] Linux version 6.4.12ogenser (root@livecd) (gcc (GCC) 13.2.0, GNU ld (GNU Binutils) 2.41) #1 SMP PREEMPT_DYNAMIC Tue Nov  7 03:18:05 UTC 2023
Nov 15 14:48:53 ogenser kernel: [    0.000000] Command line: BOOT_IMAGE=/vmlinuz-6.4.12-lfs-12.0 root=/dev/sda3 ro
Nov 15 14:48:53 ogenser kernel: [    0.000000] BIOS-provided physical RAM map:
Nov 15 14:48:53 ogenser kernel: [    0.000000] BIOS-e820: [mem 0x0000000000000000-0x000000000009fbff] usable
Nov 15 14:48:53 ogenser kernel: [    0.000000] BIOS-e820: [mem 0x000000000009fc00-0x000000000009ffff] reserved
Nov 15 14:48:53 ogenser kernel: [    0.000000] BIOS-e820: [mem 0x00000000000f0000-0x00000000000fffff] reserved
Nov 15 14:48:53 ogenser kernel: [    0.000000] BIOS-e820: [mem 0x0000000000100000-0x00000000dffeffff] usable
Nov 15 14:48:53 ogenser kernel: [    0.000000] BIOS-e820: [mem 0x00000000dfff0000-0x00000000dfffffff] ACPI data
Nov 15 14:48:53 ogenser kernel: [    0.000000] BIOS-e820: [mem 0x00000000fec00000-0x00000000fec00fff] reserved
Nov 15 14:48:53 ogenser kernel: [    0.000000] BIOS-e820: [mem 0x00000000fee00000-0x00000000fee00fff] reserved
Nov 15 14:48:53 ogenser kernel: [    0.000000] BIOS-e820: [mem 0x00000000fffc0000-0x00000000ffffffff] reserved
Nov 15 14:48:53 ogenser kernel: [    0.000000] BIOS-e820: [mem 0x0000000100000000-0x00000003193fffff] usable
Nov 15 14:48:53 ogenser kernel: [    0.000000] NX (Execute Disable) protection: active
Nov 15 14:48:53 ogenser kernel: [    0.000000] SMBIOS 2.5 present.
Nov 15 14:48:53 ogenser kernel: [    0.000000] DMI: innotek GmbH VirtualBox/VirtualBox, BIOS VirtualBox 12/01/2006
Nov 15 14:48:53 ogenser kernel: [    0.000000] Hypervisor detected: KVM
Nov 15 14:48:53 ogenser kernel: [    0.000000] kvm-clock: Using msrs 4b564d01 and 4b564d00
Nov 15 14:48:53 ogenser kernel: [    0.000003] kvm-clock: using sched offset of 8604083540 cycles
Nov 15 14:48:53 ogenser kernel: [    0.000007] clocksource: kvm-clock: mask: 0xffffffffffffffff max_cycles: 0x1cd42e4dffb, max_idle_ns: 881590591483 ns
Nov 15 14:48:53 ogenser kernel: [    0.000011] tsc: Detected 2900.000 MHz processor
Nov 15 14:48:53 ogenser kernel: [    0.001674] e820: update [mem 0x00000000-0x00000fff] usable ==> reserved
Nov 15 14:48:53 ogenser kernel: [    0.001680] e820: remove [mem 0x000a0000-0x000fffff] usable
Nov 15 14:48:53 ogenser kernel: [    0.001685] last_pfn = 0x319400 max_arch_pfn = 0x400000000
Nov 15 14:48:53 ogenser kernel: [    0.001693] MTRRs disabled by BIOS
Nov 15 14:48:53 ogenser kernel: [    0.001696] x86/PAT: Configuration [0-7]: WB  WC  UC- UC  WB  WP  UC- WT  
Nov 15 14:48:53 ogenser kernel: [    0.001718] last_pfn = 0xdfff0 max_arch_pfn = 0x400000000
Nov 15 14:48:53 ogenser kernel: [    0.001815] found SMP MP-table at [mem 0x0009fff0-0x0009ffff]
Nov 15 14:48:53 ogenser kernel: [    0.003566] ACPI: Early table checksum verification disabled
Nov 15 14:48:53 ogenser kernel: [    0.003573] ACPI: RSDP 0x00000000000E0000 000024 (v02 VBOX  )
Nov 15 14:48:53 ogenser kernel: [    0.003578] ACPI: XSDT 0x00000000DFFF0030 00003C (v01 VBOX   VBOXXSDT 00000001 ASL  00000061)
Nov 15 14:48:53 ogenser kernel: [    0.003584] ACPI: FACP 0x00000000DFFF00F0 0000F4 (v04 VBOX   VBOXFACP 00000001 ASL  00000061)
Nov 15 14:48:53 ogenser kernel: [    0.003589] ACPI: DSDT 0x00000000DFFF0470 002325 (v02 VBOX   VBOXBIOS 00000002 INTL 20120111)
Nov 15 14:48:53 ogenser kernel: [    0.003592] ACPI: FACS 0x00000000DFFF0200 000040
Nov 15 14:48:53 ogenser kernel: [    0.003594] ACPI: FACS 0x00000000DFFF0200 000040
Nov 15 14:48:53 ogenser kernel: [    0.003597] ACPI: APIC 0x00000000DFFF0240 00005C (v02 VBOX   VBOXAPIC 00000001 ASL  00000061)
Nov 15 14:48:53 ogenser kernel: [    0.003599] ACPI: SSDT 0x00000000DFFF02A0 0001CC (v01 VBOX   VBOXCPUT 00000002 INTL 20120111)
Nov 15 14:48:53 ogenser kernel: [    0.003602] ACPI: Reserving FACP table memory at [mem 0xdfff00f0-0xdfff01e3]
Nov 15 14:48:53 ogenser kernel: [    0.003603] ACPI: Reserving DSDT table memory at [mem 0xdfff0470-0xdfff2794]
Nov 15 14:48:53 ogenser kernel: [    0.003604] ACPI: Reserving FACS table memory at [mem 0xdfff0200-0xdfff023f]
Nov 15 14:48:53 ogenser kernel: [    0.003604] ACPI: Reserving FACS table memory at [mem 0xdfff0200-0xdfff023f]
Nov 15 14:48:53 ogenser kernel: [    0.003605] ACPI: Reserving APIC table memory at [mem 0xdfff0240-0xdfff029b]
Nov 15 14:48:53 ogenser kernel: [    0.003606] ACPI: Reserving SSDT table memory at [mem 0xdfff02a0-0xdfff046b]
Nov 15 14:48:53 ogenser kernel: [    0.003859] No NUMA configuration found
Nov 15 14:48:53 ogenser kernel: [    0.003861] Faking a node at [mem 0x0000000000000000-0x00000003193fffff]
Nov 15 14:48:53 ogenser kernel: [    0.003863] NODE_DATA(0) allocated [mem 0x3193f5000-0x3193f8fff]
Nov 15 14:48:53 ogenser kernel: [    0.003881] Zone ranges:
Nov 15 14:48:53 ogenser kernel: [    0.003882]   DMA      [mem 0x0000000000001000-0x0000000000ffffff]
Nov 15 14:48:53 ogenser kernel: [    0.003883]   DMA32    [mem 0x0000000001000000-0x00000000ffffffff]
Nov 15 14:48:53 ogenser kernel: [    0.003884]   Normal   [mem 0x0000000100000000-0x00000003193fffff]
Nov 15 14:48:53 ogenser kernel: [    0.003885] Movable zone start for each node
Nov 15 14:48:53 ogenser kernel: [    0.003886] Early memory node ranges
Nov 15 14:48:53 ogenser kernel: [    0.003886]   node   0: [mem 0x0000000000001000-0x000000000009efff]
Nov 15 14:48:53 ogenser kernel: [    0.003888]   node   0: [mem 0x0000000000100000-0x00000000dffeffff]
Nov 15 14:48:53 ogenser kernel: [    0.003889]   node   0: [mem 0x0000000100000000-0x00000003193fffff]
Nov 15 14:48:53 ogenser kernel: [    0.003890] Initmem setup node 0 [mem 0x0000000000001000-0x00000003193fffff]
Nov 15 14:48:53 ogenser kernel: [    0.005329] On node 0, zone DMA: 1 pages in unavailable ranges
Nov 15 14:48:53 ogenser kernel: [    0.005359] On node 0, zone DMA: 97 pages in unavailable ranges
Nov 15 14:48:53 ogenser kernel: [    0.155204] On node 0, zone Normal: 16 pages in unavailable ranges
Nov 15 14:48:53 ogenser kernel: [    0.155492] On node 0, zone Normal: 27648 pages in unavailable ranges
Nov 15 14:48:53 ogenser kernel: [    0.156904] ACPI: PM-Timer IO Port: 0x4008
Nov 15 14:48:53 ogenser kernel: [    0.156999] IOAPIC[0]: apic_id 2, version 32, address 0xfec00000, GSI 0-23
Nov 15 14:48:53 ogenser kernel: [    0.157006] ACPI: INT_SRC_OVR (bus 0 bus_irq 0 global_irq 2 dfl dfl)
Nov 15 14:48:53 ogenser kernel: [    0.157008] ACPI: INT_SRC_OVR (bus 0 bus_irq 9 global_irq 9 low level)
Nov 15 14:48:53 ogenser kernel: [    0.157013] ACPI: Using ACPI (MADT) for SMP configuration information
Nov 15 14:48:53 ogenser kernel: [    0.157022] smpboot: Allowing 2 CPUs, 0 hotplug CPUs
Nov 15 14:48:53 ogenser kernel: [    0.157049] PM: hibernation: Registered nosave memory: [mem 0x00000000-0x00000fff]
Nov 15 14:48:53 ogenser kernel: [    0.157051] PM: hibernation: Registered nosave memory: [mem 0x0009f000-0x0009ffff]
Nov 15 14:48:53 ogenser kernel: [    0.157053] PM: hibernation: Registered nosave memory: [mem 0x000a0000-0x000effff]
Nov 15 14:48:53 ogenser kernel: [    0.157054] PM: hibernation: Registered nosave memory: [mem 0x000f0000-0x000fffff]
Nov 15 14:48:53 ogenser kernel: [    0.157055] PM: hibernation: Registered nosave memory: [mem 0xdfff0000-0xdfffffff]
Nov 15 14:48:53 ogenser kernel: [    0.157056] PM: hibernation: Registered nosave memory: [mem 0xe0000000-0xfebfffff]
Nov 15 14:48:53 ogenser kernel: [    0.157057] PM: hibernation: Registered nosave memory: [mem 0xfec00000-0xfec00fff]
Nov 15 14:48:53 ogenser kernel: [    0.157058] PM: hibernation: Registered nosave memory: [mem 0xfec01000-0xfedfffff]
Nov 15 14:48:53 ogenser kernel: [    0.157059] PM: hibernation: Registered nosave memory: [mem 0xfee00000-0xfee00fff]
Nov 15 14:48:53 ogenser kernel: [    0.157060] PM: hibernation: Registered nosave memory: [mem 0xfee01000-0xfffbffff]
Nov 15 14:48:53 ogenser kernel: [    0.157061] PM: hibernation: Registered nosave memory: [mem 0xfffc0000-0xffffffff]
Nov 15 14:48:53 ogenser kernel: [    0.157062] [mem 0xe0000000-0xfebfffff] available for PCI devices
Nov 15 14:48:53 ogenser kernel: [    0.157064] Booting paravirtualized kernel on KVM
Nov 15 14:48:53 ogenser kernel: [    0.157067] clocksource: refined-jiffies: mask: 0xffffffff max_cycles: 0xffffffff, max_idle_ns: 1910969940391419 ns
Nov 15 14:48:53 ogenser kernel: [    0.164613] setup_percpu: NR_CPUS:64 nr_cpumask_bits:2 nr_cpu_ids:2 nr_node_ids:1
Nov 15 14:48:53 ogenser kernel: [    0.166739] percpu: Embedded 54 pages/cpu s182696 r8192 d30296 u1048576
Nov 15 14:48:53 ogenser kernel: [    0.166748] pcpu-alloc: s182696 r8192 d30296 u1048576 alloc=1*2097152
Nov 15 14:48:53 ogenser kernel: [    0.166751] pcpu-alloc: [0] 0 1 
Nov 15 14:48:53 ogenser kernel: [    0.166773] Kernel command line: BOOT_IMAGE=/vmlinuz-6.4.12-lfs-12.0 root=/dev/sda3 ro
Nov 15 14:48:53 ogenser kernel: [    0.166799] Unknown kernel command line parameters "BOOT_IMAGE=/vmlinuz-6.4.12-lfs-12.0", will be passed to user space.
Nov 15 14:48:53 ogenser kernel: [    0.166825] random: crng init done
Nov 15 14:48:53 ogenser kernel: [    0.179347] Dentry cache hash table entries: 2097152 (order: 12, 16777216 bytes, linear)
Nov 15 14:48:53 ogenser kernel: [    0.185624] Inode-cache hash table entries: 1048576 (order: 11, 8388608 bytes, linear)
Nov 15 14:48:53 ogenser kernel: [    0.185681] Fallback order for Node 0: 0 
Nov 15 14:48:53 ogenser kernel: [    0.185684] Built 1 zonelists, mobility grouping on.  Total pages: 3069088
Nov 15 14:48:53 ogenser kernel: [    0.185686] Policy zone: Normal
Nov 15 14:48:53 ogenser kernel: [    0.185687] mem auto-init: stack:all(zero), heap alloc:off, heap free:off
Nov 15 14:48:53 ogenser kernel: [    0.185692] software IO TLB: area num 2.
Nov 15 14:48:53 ogenser kernel: [    0.272841] Memory: 12143968K/12471864K available (18432K kernel code, 2739K rwdata, 6396K rodata, 2604K init, 1608K bss, 327636K reserved, 0K cma-reserved)
Nov 15 14:48:53 ogenser kernel: [    0.272883] SLUB: HWalign=64, Order=0-3, MinObjects=0, CPUs=2, Nodes=1
Nov 15 14:48:53 ogenser kernel: [    0.272893] Kernel/User page tables isolation: enabled
Nov 15 14:48:53 ogenser kernel: [    0.274061] Dynamic Preempt: voluntary
Nov 15 14:48:53 ogenser kernel: [    0.275970] rcu: Preemptible hierarchical RCU implementation.
Nov 15 14:48:53 ogenser kernel: [    0.275973] rcu: ^IRCU event tracing is enabled.
Nov 15 14:48:53 ogenser kernel: [    0.275974] rcu: ^IRCU restricting CPUs from NR_CPUS=64 to nr_cpu_ids=2.
Nov 15 14:48:53 ogenser kernel: [    0.275976] ^ITrampoline variant of Tasks RCU enabled.
Nov 15 14:48:53 ogenser kernel: [    0.275977] rcu: RCU calculated value of scheduler-enlistment delay is 100 jiffies.
Nov 15 14:48:53 ogenser kernel: [    0.275977] rcu: Adjusting geometry for rcu_fanout_leaf=16, nr_cpu_ids=2
Nov 15 14:48:53 ogenser kernel: [    0.277951] NR_IRQS: 4352, nr_irqs: 440, preallocated irqs: 16
Nov 15 14:48:53 ogenser kernel: [    0.278208] rcu: srcu_init: Setting srcu_struct sizes based on contention.
Nov 15 14:48:53 ogenser kernel: [    0.285785] Console: colour VGA+ 80x25
Nov 15 14:48:53 ogenser kernel: [    0.285791] printk: console [tty0] enabled
Nov 15 14:48:53 ogenser kernel: [    0.326241] ACPI: Core revision 20230331
Nov 15 14:48:53 ogenser kernel: [    0.327150] APIC: Switch to symmetric I/O mode setup
Nov 15 14:48:53 ogenser kernel: [    0.327849] x2apic enabled
Nov 15 14:48:53 ogenser kernel: [    0.328403] Switched APIC routing to physical x2apic.
Nov 15 14:48:53 ogenser kernel: [    0.330766] ..TIMER: vector=0x30 apic1=0 pin1=2 apic2=-1 pin2=-1
Nov 15 14:48:53 ogenser kernel: [    0.331061] clocksource: tsc-early: mask: 0xffffffffffffffff max_cycles: 0x29cd42e80b2, max_idle_ns: 440795228349 ns
Nov 15 14:48:53 ogenser kernel: [    0.331496] Calibrating delay loop (skipped) preset value.. 5800.00 BogoMIPS (lpj=2900000)
Nov 15 14:48:53 ogenser kernel: [    0.332612] unchecked MSR access error: WRMSR to 0x3a (tried to write 0x0000000000000001) at rIP: 0xffffffff82249262 (init_ia32_feat_ctl+0x92/0x340)
Nov 15 14:48:53 ogenser kernel: [    0.333089] Call Trace:
Nov 15 14:48:53 ogenser kernel: [    0.333243]  <TASK>
Nov 15 14:48:53 ogenser kernel: [    0.333384]  ? ex_handler_msr+0xc6/0x120
Nov 15 14:48:53 ogenser kernel: [    0.333491]  ? fixup_exception+0x17d/0x2f0
Nov 15 14:48:53 ogenser kernel: [    0.333491]  ? exc_general_protection+0xde/0x3d0
Nov 15 14:48:53 ogenser kernel: [    0.333491]  ? asm_exc_general_protection+0x26/0x30
Nov 15 14:48:53 ogenser kernel: [    0.333491]  ? init_ia32_feat_ctl+0x92/0x340
Nov 15 14:48:53 ogenser kernel: [    0.333491]  init_intel+0xbd/0x5b0
Nov 15 14:48:53 ogenser kernel: [    0.333491]  identify_cpu+0x26e/0x780
Nov 15 14:48:53 ogenser kernel: [    0.333491]  identify_boot_cpu+0x10/0xb0
Nov 15 14:48:53 ogenser kernel: [    0.333491]  arch_cpu_finalize_init+0x9/0x50
Nov 15 14:48:53 ogenser kernel: [    0.333491]  start_kernel+0x392/0x670
Nov 15 14:48:53 ogenser kernel: [    0.333491]  x86_64_start_reservations+0x18/0x30
Nov 15 14:48:53 ogenser kernel: [    0.333491]  x86_64_start_kernel+0xc5/0xd0
Nov 15 14:48:53 ogenser kernel: [    0.333491]  secondary_startup_64_no_verify+0x106/0x10b
Nov 15 14:48:53 ogenser kernel: [    0.333491]  </TASK>
Nov 15 14:48:53 ogenser kernel: [    0.333491] Last level iTLB entries: 4KB 64, 2MB 8, 4MB 8
Nov 15 14:48:53 ogenser kernel: [    0.333491] Last level dTLB entries: 4KB 64, 2MB 0, 4MB 0, 1GB 4
Nov 15 14:48:53 ogenser kernel: [    0.333491] Spectre V1 : Mitigation: usercopy/swapgs barriers and __user pointer sanitization
Nov 15 14:48:53 ogenser kernel: [    0.333491] Spectre V2 : Mitigation: Retpolines
Nov 15 14:48:53 ogenser kernel: [    0.333491] Spectre V2 : Spectre v2 / SpectreRSB mitigation: Filling RSB on context switch
Nov 15 14:48:53 ogenser kernel: [    0.333491] Spectre V2 : Spectre v2 / SpectreRSB : Filling RSB on VMEXIT
Nov 15 14:48:53 ogenser kernel: [    0.333491] Speculative Store Bypass: Vulnerable
Nov 15 14:48:53 ogenser kernel: [    0.333491] MDS: Mitigation: Clear CPU buffers
Nov 15 14:48:53 ogenser kernel: [    0.333491] MMIO Stale Data: Unknown: No mitigations
Nov 15 14:48:53 ogenser kernel: [    0.333491] SRBDS: Unknown: Dependent on hypervisor status
Nov 15 14:48:53 ogenser kernel: [    0.333491] x86/fpu: Supporting XSAVE feature 0x001: 'x87 floating point registers'
Nov 15 14:48:53 ogenser kernel: [    0.333498] x86/fpu: Supporting XSAVE feature 0x002: 'SSE registers'
Nov 15 14:48:53 ogenser kernel: [    0.333753] x86/fpu: Supporting XSAVE feature 0x004: 'AVX registers'
Nov 15 14:48:53 ogenser kernel: [    0.334002] x86/fpu: xstate_offset[2]:  576, xstate_sizes[2]:  256
Nov 15 14:48:53 ogenser kernel: [    0.334244] x86/fpu: Enabled xstate features 0x7, context size is 832 bytes, using 'standard' format.
Nov 15 14:48:53 ogenser kernel: [    0.348858] Freeing SMP alternatives memory: 48K
Nov 15 14:48:53 ogenser kernel: [    0.349105] pid_max: default: 32768 minimum: 301
Nov 15 14:48:53 ogenser kernel: [    0.349342] LSM: initializing lsm=capability,selinux,integrity
Nov 15 14:48:53 ogenser kernel: [    0.349491] SELinux:  Initializing.
Nov 15 14:48:53 ogenser kernel: [    0.349660] Mount-cache hash table entries: 32768 (order: 6, 262144 bytes, linear)
Nov 15 14:48:53 ogenser kernel: [    0.351523] Mountpoint-cache hash table entries: 32768 (order: 6, 262144 bytes, linear)
Nov 15 14:48:53 ogenser kernel: [    0.460663] APIC calibration not consistent with PM-Timer: 101ms instead of 100ms
Nov 15 14:48:53 ogenser kernel: [    0.461188] APIC delta adjusted to PM-Timer: 6308168 (6404195)
Nov 15 14:48:53 ogenser kernel: [    0.461671] smpboot: CPU0: Intel(R) Core(TM) i5-5287U CPU @ 2.90GHz (family: 0x6, model: 0x3d, stepping: 0x4)
Nov 15 14:48:53 ogenser kernel: [    0.462491] cblist_init_generic: Setting adjustable number of callback queues.
Nov 15 14:48:53 ogenser kernel: [    0.463017] cblist_init_generic: Setting shift to 1 and lim to 1.
Nov 15 14:48:53 ogenser kernel: [    0.463471] Performance Events: unsupported p6 CPU model 61 no PMU driver, software events only.
Nov 15 14:48:53 ogenser kernel: [    0.463513] signal: max sigframe size: 1776
Nov 15 14:48:53 ogenser kernel: [    0.463855] rcu: Hierarchical SRCU implementation.
Nov 15 14:48:53 ogenser kernel: [    0.464494] rcu: ^IMax phase no-delay instances is 400.
Nov 15 14:48:53 ogenser kernel: [    0.465132] smp: Bringing up secondary CPUs ...
Nov 15 14:48:53 ogenser kernel: [    0.465691] x86: Booting SMP configuration:
Nov 15 14:48:53 ogenser kernel: [    0.466028] .... node  #0, CPUs:      #1
Nov 15 14:48:53 ogenser kernel: [    0.471614] smp: Brought up 1 node, 2 CPUs
Nov 15 14:48:53 ogenser kernel: [    0.472844] smpboot: Max logical packages: 1
Nov 15 14:48:53 ogenser kernel: [    0.473145] smpboot: Total of 2 processors activated (11600.00 BogoMIPS)
Nov 15 14:48:53 ogenser kernel: [    0.480563] devtmpfs: initialized
Nov 15 14:48:53 ogenser kernel: [    0.481603] clocksource: jiffies: mask: 0xffffffff max_cycles: 0xffffffff, max_idle_ns: 1911260446275000 ns
Nov 15 14:48:53 ogenser kernel: [    0.482091] futex hash table entries: 512 (order: 3, 32768 bytes, linear)
Nov 15 14:48:53 ogenser kernel: [    0.482591] PM: RTC time: 14:48:45, date: 2023-11-15
Nov 15 14:48:53 ogenser kernel: [    0.483793] NET: Registered PF_NETLINK/PF_ROUTE protocol family
Nov 15 14:48:53 ogenser kernel: [    0.484676] audit: initializing netlink subsys (disabled)
Nov 15 14:48:53 ogenser kernel: [    0.485153] audit: type=2000 audit(1700059735.111:1): state=initialized audit_enabled=0 res=1
Nov 15 14:48:53 ogenser kernel: [    0.485561] thermal_sys: Registered thermal governor 'step_wise'
Nov 15 14:48:53 ogenser kernel: [    0.486015] thermal_sys: Registered thermal governor 'user_space'
Nov 15 14:48:53 ogenser kernel: [    0.486440] cpuidle: using governor menu
Nov 15 14:48:53 ogenser kernel: [    0.487591] PCI: Using configuration type 1 for base access
Nov 15 14:48:53 ogenser kernel: [    0.488211] kprobes: kprobe jump-optimization is enabled. All kprobes are optimized if possible.
Nov 15 14:48:53 ogenser kernel: [    0.607492] HugeTLB: registered 2.00 MiB page size, pre-allocated 0 pages
Nov 15 14:48:53 ogenser kernel: [    0.607492] HugeTLB: 28 KiB vmemmap can be freed for a 2.00 MiB page
Nov 15 14:48:53 ogenser kernel: [    0.609491] ACPI: Added _OSI(Module Device)
Nov 15 14:48:53 ogenser kernel: [    0.609491] ACPI: Added _OSI(Processor Device)
Nov 15 14:48:53 ogenser kernel: [    0.610495] ACPI: Added _OSI(3.0 _SCP Extensions)
Nov 15 14:48:53 ogenser kernel: [    0.610841] ACPI: Added _OSI(Processor Aggregator Device)
Nov 15 14:48:53 ogenser kernel: [    0.614030] ACPI: 2 ACPI AML tables successfully acquired and loaded
Nov 15 14:48:53 ogenser kernel: [    0.643869] ACPI: Interpreter enabled
Nov 15 14:48:53 ogenser kernel: [    0.643869] ACPI: PM: (supports S0 S5)
Nov 15 14:48:53 ogenser kernel: [    0.644011] ACPI: Using IOAPIC for interrupt routing
Nov 15 14:48:53 ogenser kernel: [    0.644347] PCI: Using host bridge windows from ACPI; if necessary, use "pci=nocrs" and report a bug
Nov 15 14:48:53 ogenser kernel: [    0.644491] PCI: Using E820 reservations for host bridge windows
Nov 15 14:48:53 ogenser kernel: [    0.644491] ACPI: Enabled 2 GPEs in block 00 to 07
Nov 15 14:48:53 ogenser kernel: [    0.652010] ACPI: PCI Root Bridge [PCI0] (domain 0000 [bus 00-ff])
Nov 15 14:48:53 ogenser kernel: [    0.652418] acpi PNP0A03:00: _OSC: OS supports [ASPM ClockPM Segments MSI HPX-Type3]
Nov 15 14:48:53 ogenser kernel: [    0.652491] acpi PNP0A03:00: _OSC: not requesting OS control; OS requires [ExtendedConfig ASPM ClockPM MSI]
Nov 15 14:48:53 ogenser kernel: [    0.652500] acpi PNP0A03:00: fail to add MMCONFIG information, can't access extended configuration space under this bridge
Nov 15 14:48:53 ogenser kernel: [    0.653681] PCI host bridge to bus 0000:00
Nov 15 14:48:53 ogenser kernel: [    0.653977] pci_bus 0000:00: root bus resource [io  0x0000-0x0cf7 window]
Nov 15 14:48:53 ogenser kernel: [    0.654370] pci_bus 0000:00: root bus resource [io  0x0d00-0xffff window]
Nov 15 14:48:53 ogenser kernel: [    0.654491] pci_bus 0000:00: root bus resource [mem 0x000a0000-0x000bffff window]
Nov 15 14:48:53 ogenser kernel: [    0.654491] pci_bus 0000:00: root bus resource [mem 0xe0000000-0xfdffffff window]
Nov 15 14:48:53 ogenser kernel: [    0.654491] pci_bus 0000:00: root bus resource [bus 00-ff]
Nov 15 14:48:53 ogenser kernel: [    0.658574] pci 0000:00:00.0: [8086:1237] type 00 class 0x060000
Nov 15 14:48:53 ogenser kernel: [    0.659795] pci 0000:00:01.0: [8086:7000] type 00 class 0x060100
Nov 15 14:48:53 ogenser kernel: [    0.665225] pci 0000:00:01.1: [8086:7111] type 00 class 0x01018a
Nov 15 14:48:53 ogenser kernel: [    0.667068] pci 0000:00:01.1: reg 0x20: [io  0xd000-0xd00f]
Nov 15 14:48:53 ogenser kernel: [    0.667868] pci 0000:00:01.1: legacy IDE quirk: reg 0x10: [io  0x01f0-0x01f7]
Nov 15 14:48:53 ogenser kernel: [    0.668282] pci 0000:00:01.1: legacy IDE quirk: reg 0x14: [io  0x03f6]
Nov 15 14:48:53 ogenser kernel: [    0.668491] pci 0000:00:01.1: legacy IDE quirk: reg 0x18: [io  0x0170-0x0177]
Nov 15 14:48:53 ogenser kernel: [    0.668491] pci 0000:00:01.1: legacy IDE quirk: reg 0x1c: [io  0x0376]
Nov 15 14:48:53 ogenser kernel: [    0.669587] pci 0000:00:02.0: [15ad:0405] type 00 class 0x030000
Nov 15 14:48:53 ogenser kernel: [    0.671532] pci 0000:00:02.0: reg 0x10: [io  0xd010-0xd01f]
Nov 15 14:48:53 ogenser kernel: [    0.680562] pci 0000:00:02.0: reg 0x14: [mem 0xe0000000-0xe0ffffff pref]
Nov 15 14:48:53 ogenser kernel: [    0.689527] pci 0000:00:02.0: reg 0x18: [mem 0xf0000000-0xf01fffff]
Nov 15 14:48:53 ogenser kernel: [    0.722160] pci 0000:00:02.0: Video device with shadowed ROM at [mem 0x000c0000-0x000dffff]
Nov 15 14:48:53 ogenser kernel: [    0.722264] pci 0000:00:03.0: [8086:100e] type 00 class 0x020000
Nov 15 14:48:53 ogenser kernel: [    0.725498] pci 0000:00:03.0: reg 0x10: [mem 0xf0200000-0xf021ffff]
Nov 15 14:48:53 ogenser kernel: [    0.742633] pci 0000:00:03.0: reg 0x18: [io  0xd020-0xd027]
Nov 15 14:48:53 ogenser kernel: [    0.773532] pci 0000:00:04.0: [80ee:cafe] type 00 class 0x088000
Nov 15 14:48:53 ogenser kernel: [    0.784688] pci 0000:00:04.0: reg 0x10: [io  0xd040-0xd05f]
Nov 15 14:48:53 ogenser kernel: [    0.794596] pci 0000:00:04.0: reg 0x14: [mem 0xf0400000-0xf07fffff]
Nov 15 14:48:53 ogenser kernel: [    0.801540] pci 0000:00:04.0: reg 0x18: [mem 0xf0800000-0xf0803fff pref]
Nov 15 14:48:53 ogenser kernel: [    0.842860] pci 0000:00:05.0: [8086:2415] type 00 class 0x040100
Nov 15 14:48:53 ogenser kernel: [    0.844768] pci 0000:00:05.0: reg 0x10: [io  0xd100-0xd1ff]
Nov 15 14:48:53 ogenser kernel: [    0.845799] pci 0000:00:05.0: reg 0x14: [io  0xd200-0xd23f]
Nov 15 14:48:53 ogenser kernel: [    0.847217] pci 0000:00:06.0: [106b:003f] type 00 class 0x0c0310
Nov 15 14:48:53 ogenser kernel: [    0.856705] pci 0000:00:06.0: reg 0x10: [mem 0xf0804000-0xf0804fff]
Nov 15 14:48:53 ogenser kernel: [    0.908398] pci 0000:00:07.0: [8086:7113] type 00 class 0x068000
Nov 15 14:48:53 ogenser kernel: [    0.910709] pci 0000:00:07.0: quirk: [io  0x4000-0x403f] claimed by PIIX4 ACPI
Nov 15 14:48:53 ogenser kernel: [    0.911501] pci 0000:00:07.0: quirk: [io  0x4100-0x410f] claimed by PIIX4 SMB
Nov 15 14:48:53 ogenser kernel: [    0.913841] pci 0000:00:0b.0: [8086:265c] type 00 class 0x0c0320
Nov 15 14:48:53 ogenser kernel: [    0.920513] pci 0000:00:0b.0: reg 0x10: [mem 0xf0805000-0xf0805fff]
Nov 15 14:48:53 ogenser kernel: [    0.956106] pci 0000:00:0d.0: [8086:2829] type 00 class 0x010601
Nov 15 14:48:53 ogenser kernel: [    0.960563] pci 0000:00:0d.0: reg 0x10: [io  0xd240-0xd247]
Nov 15 14:48:53 ogenser kernel: [    0.970623] pci 0000:00:0d.0: reg 0x14: [io  0xd248-0xd24b]
Nov 15 14:48:53 ogenser kernel: [    0.976582] pci 0000:00:0d.0: reg 0x18: [io  0xd250-0xd257]
Nov 15 14:48:53 ogenser kernel: [    0.982591] pci 0000:00:0d.0: reg 0x1c: [io  0xd258-0xd25b]
Nov 15 14:48:53 ogenser kernel: [    0.997582] pci 0000:00:0d.0: reg 0x20: [io  0xd260-0xd26f]
Nov 15 14:48:53 ogenser kernel: [    1.006578] pci 0000:00:0d.0: reg 0x24: [mem 0xf0806000-0xf0807fff]
Nov 15 14:48:53 ogenser kernel: [    1.019541] ACPI: PCI: Interrupt link LNKA configured for IRQ 11
Nov 15 14:48:53 ogenser kernel: [    1.019600] ACPI: PCI: Interrupt link LNKB configured for IRQ 10
Nov 15 14:48:53 ogenser kernel: [    1.021650] ACPI: PCI: Interrupt link LNKC configured for IRQ 9
Nov 15 14:48:53 ogenser kernel: [    1.023625] ACPI: PCI: Interrupt link LNKD configured for IRQ 11
Nov 15 14:48:53 ogenser kernel: [    1.024771] iommu: Default domain type: Translated 
Nov 15 14:48:53 ogenser kernel: [    1.025115] iommu: DMA domain TLB invalidation policy: lazy mode 
Nov 15 14:48:53 ogenser kernel: [    1.025491] SCSI subsystem initialized
Nov 15 14:48:53 ogenser kernel: [    1.026533] libata version 3.00 loaded.
Nov 15 14:48:53 ogenser kernel: [    1.026604] ACPI: bus type USB registered
Nov 15 14:48:53 ogenser kernel: [    1.026969] usbcore: registered new interface driver usbfs
Nov 15 14:48:53 ogenser kernel: [    1.027512] usbcore: registered new interface driver hub
Nov 15 14:48:53 ogenser kernel: [    1.027528] usbcore: registered new device driver usb
Nov 15 14:48:53 ogenser kernel: [    1.027904] pps_core: LinuxPPS API ver. 1 registered
Nov 15 14:48:53 ogenser kernel: [    1.029498] pps_core: Software ver. 5.3.6 - Copyright 2005-2007 Rodolfo Giometti <giometti@linux.it>
Nov 15 14:48:53 ogenser kernel: [    1.030228] PTP clock support registered
Nov 15 14:48:53 ogenser kernel: [    1.030589] Advanced Linux Sound Architecture Driver Initialized.
Nov 15 14:48:53 ogenser kernel: [    1.032819] NetLabel: Initializing
Nov 15 14:48:53 ogenser kernel: [    1.033106] NetLabel:  domain hash size = 128
Nov 15 14:48:53 ogenser kernel: [    1.033402] NetLabel:  protocols = UNLABELED CIPSOv4 CALIPSO
Nov 15 14:48:53 ogenser kernel: [    1.033402] NetLabel:  unlabeled traffic allowed by default
Nov 15 14:48:53 ogenser kernel: [    1.033402] PCI: Using ACPI for IRQ routing
Nov 15 14:48:53 ogenser kernel: [    1.033402] PCI: pci_cache_line_size set to 64 bytes
Nov 15 14:48:53 ogenser kernel: [    1.036565] e820: reserve RAM buffer [mem 0x0009fc00-0x0009ffff]
Nov 15 14:48:53 ogenser kernel: [    1.036585] e820: reserve RAM buffer [mem 0xdfff0000-0xdfffffff]
Nov 15 14:48:53 ogenser kernel: [    1.036587] e820: reserve RAM buffer [mem 0x319400000-0x31bffffff]
Nov 15 14:48:53 ogenser kernel: [    1.036743] pci 0000:00:02.0: vgaarb: setting as boot VGA device
Nov 15 14:48:53 ogenser kernel: [    1.037110] pci 0000:00:02.0: vgaarb: bridge control possible
Nov 15 14:48:53 ogenser kernel: [    1.037455] pci 0000:00:02.0: vgaarb: VGA device added: decodes=io+mem,owns=io+mem,locks=none
Nov 15 14:48:53 ogenser kernel: [    1.037491] vgaarb: loaded
Nov 15 14:48:53 ogenser kernel: [    1.038501] clocksource: Switched to clocksource kvm-clock
Nov 15 14:48:53 ogenser kernel: [    1.039118] VFS: Disk quotas dquot_6.6.0
Nov 15 14:48:53 ogenser kernel: [    1.039472] VFS: Dquot-cache hash table entries: 512 (order 0, 4096 bytes)
Nov 15 14:48:53 ogenser kernel: [    1.040699] pnp: PnP ACPI init
Nov 15 14:48:53 ogenser kernel: [    1.050836] pnp: PnP ACPI: found 2 devices
Nov 15 14:48:53 ogenser kernel: [    1.071420] clocksource: acpi_pm: mask: 0xffffff max_cycles: 0xffffff, max_idle_ns: 2085701024 ns
Nov 15 14:48:53 ogenser kernel: [    1.072125] NET: Registered PF_INET protocol family
Nov 15 14:48:53 ogenser kernel: [    1.075477] IP idents hash table entries: 262144 (order: 9, 2097152 bytes, linear)
Nov 15 14:48:53 ogenser kernel: [    1.078583] tcp_listen_portaddr_hash hash table entries: 8192 (order: 5, 131072 bytes, linear)
Nov 15 14:48:53 ogenser kernel: [    1.078583] Table-perturb hash table entries: 65536 (order: 6, 262144 bytes, linear)
Nov 15 14:48:53 ogenser kernel: [    1.078583] TCP established hash table entries: 131072 (order: 8, 1048576 bytes, linear)
Nov 15 14:48:53 ogenser kernel: [    1.085676] TCP bind hash table entries: 65536 (order: 9, 2097152 bytes, linear)
Nov 15 14:48:53 ogenser kernel: [    1.091576] TCP: Hash tables configured (established 131072 bind 65536)
Nov 15 14:48:53 ogenser kernel: [    1.092177] UDP hash table entries: 8192 (order: 6, 262144 bytes, linear)
Nov 15 14:48:53 ogenser kernel: [    1.092177] UDP-Lite hash table entries: 8192 (order: 6, 262144 bytes, linear)
Nov 15 14:48:53 ogenser kernel: [    1.092177] NET: Registered PF_UNIX/PF_LOCAL protocol family
Nov 15 14:48:53 ogenser kernel: [    1.094480] RPC: Registered named UNIX socket transport module.
Nov 15 14:48:53 ogenser kernel: [    1.094872] RPC: Registered udp transport module.
Nov 15 14:48:53 ogenser kernel: [    1.095182] RPC: Registered tcp transport module.
Nov 15 14:48:53 ogenser kernel: [    1.095363] RPC: Registered tcp NFSv4.1 backchannel transport module.
Nov 15 14:48:53 ogenser kernel: [    1.096639] pci_bus 0000:00: resource 4 [io  0x0000-0x0cf7 window]
Nov 15 14:48:53 ogenser kernel: [    1.097082] pci_bus 0000:00: resource 5 [io  0x0d00-0xffff window]
Nov 15 14:48:53 ogenser kernel: [    1.097481] pci_bus 0000:00: resource 6 [mem 0x000a0000-0x000bffff window]
Nov 15 14:48:53 ogenser kernel: [    1.097587] pci_bus 0000:00: resource 7 [mem 0xe0000000-0xfdffffff window]
Nov 15 14:48:53 ogenser kernel: [    1.098674] pci 0000:00:00.0: Limiting direct PCI/PCI transfers
Nov 15 14:48:53 ogenser kernel: [    1.104042] PCI: CLS 0 bytes, default 64
Nov 15 14:48:53 ogenser kernel: [    1.104251] PCI-DMA: Using software bounce buffering for IO (SWIOTLB)
Nov 15 14:48:53 ogenser kernel: [    1.104929] software IO TLB: mapped [mem 0x00000000dbff0000-0x00000000dfff0000] (64MB)
Nov 15 14:48:53 ogenser kernel: [    1.105670] RAPL PMU: API unit is 2^-32 Joules, 0 fixed counters, 10737418240 ms ovfl timer
Nov 15 14:48:53 ogenser kernel: [    1.106211] clocksource: tsc: mask: 0xffffffffffffffff max_cycles: 0x29cd42e80b2, max_idle_ns: 440795228349 ns
Nov 15 14:48:53 ogenser kernel: [    1.107205] clocksource: Switched to clocksource tsc
Nov 15 14:48:53 ogenser kernel: [    1.107798] platform rtc_cmos: registered platform RTC device (no PNP device found)
Nov 15 14:48:53 ogenser kernel: [    1.109511] Initialise system trusted keyrings
Nov 15 14:48:53 ogenser kernel: [    1.110089] workingset: timestamp_bits=40 max_order=22 bucket_order=0
Nov 15 14:48:53 ogenser kernel: [    1.111275] NFS: Registering the id_resolver key type
Nov 15 14:48:53 ogenser kernel: [    1.111642] Key type id_resolver registered
Nov 15 14:48:53 ogenser kernel: [    1.111943] Key type id_legacy registered
Nov 15 14:48:53 ogenser kernel: [    1.112189] 9p: Installing v9fs 9p2000 file system support
Nov 15 14:48:53 ogenser kernel: [    1.133935] Key type asymmetric registered
Nov 15 14:48:53 ogenser kernel: [    1.135355] Asymmetric key parser 'x509' registered
Nov 15 14:48:53 ogenser kernel: [    1.136125] Block layer SCSI generic (bsg) driver version 0.4 loaded (major 251)
Nov 15 14:48:53 ogenser kernel: [    1.136289] io scheduler mq-deadline registered
Nov 15 14:48:53 ogenser kernel: [    1.136289] io scheduler kyber registered
Nov 15 14:48:53 ogenser kernel: [    1.142041] ACPI: AC: AC Adapter [AC] (on-line)
Nov 15 14:48:53 ogenser kernel: [    1.142298] input: Power Button as /devices/LNXSYSTM:00/LNXPWRBN:00/input/input0
Nov 15 14:48:53 ogenser kernel: [    1.143208] ACPI: button: Power Button [PWRF]
Nov 15 14:48:53 ogenser kernel: [    1.143710] input: Sleep Button as /devices/LNXSYSTM:00/LNXSLPBN:00/input/input1
Nov 15 14:48:53 ogenser kernel: [    1.144157] ACPI: button: Sleep Button [SLPF]
Nov 15 14:48:53 ogenser kernel: [    1.144851] ACPI: video: Video Device [GFX0] (multi-head: yes  rom: no  post: no)
Nov 15 14:48:53 ogenser kernel: [    1.145444] input: Video Bus as /devices/LNXSYSTM:00/LNXSYBUS:00/PNP0A03:00/LNXVIDEO:00/input/input2
Nov 15 14:48:53 ogenser kernel: [    1.146541] Serial: 8250/16550 driver, 4 ports, IRQ sharing enabled
Nov 15 14:48:53 ogenser kernel: [    1.147606] Non-volatile memory driver v1.3
Nov 15 14:48:53 ogenser kernel: [    1.147969] Linux agpgart interface v0.103
Nov 15 14:48:53 ogenser kernel: [    1.148726] ACPI: battery: Slot [BAT0] (battery present)
Nov 15 14:48:53 ogenser kernel: [    1.149664] ACPI: bus type drm_connector registered
Nov 15 14:48:53 ogenser kernel: [    1.156644] loop: module loaded
Nov 15 14:48:53 ogenser kernel: [    1.156644] ahci 0000:00:0d.0: version 3.0
Nov 15 14:48:53 ogenser kernel: [    1.158263] ahci 0000:00:0d.0: SSS flag set, parallel bus scan disabled
Nov 15 14:48:53 ogenser kernel: [    1.159328] ahci 0000:00:0d.0: AHCI 0001.0100 32 slots 1 ports 3 Gbps 0x1 impl SATA mode
Nov 15 14:48:53 ogenser kernel: [    1.159880] ahci 0000:00:0d.0: flags: 64bit ncq stag only ccc 
Nov 15 14:48:53 ogenser kernel: [    1.161465] scsi host0: ahci
Nov 15 14:48:53 ogenser kernel: [    1.161874] ata1: SATA max UDMA/133 abar m8192@0xf0806000 port 0xf0806100 irq 21
Nov 15 14:48:53 ogenser kernel: [    1.162398] ata_piix 0000:00:01.1: version 2.13
Nov 15 14:48:53 ogenser kernel: [    1.163464] scsi host1: ata_piix
Nov 15 14:48:53 ogenser kernel: [    1.164465] scsi host2: ata_piix
Nov 15 14:48:53 ogenser kernel: [    1.164866] ata2: PATA max UDMA/33 cmd 0x1f0 ctl 0x3f6 bmdma 0xd000 irq 14
Nov 15 14:48:53 ogenser kernel: [    1.165288] ata3: PATA max UDMA/33 cmd 0x170 ctl 0x376 bmdma 0xd008 irq 15
Nov 15 14:48:53 ogenser kernel: [    1.166363] e100: Intel(R) PRO/100 Network Driver
Nov 15 14:48:53 ogenser kernel: [    1.166728] e100: Copyright(c) 1999-2006 Intel Corporation
Nov 15 14:48:53 ogenser kernel: [    1.167186] e1000: Intel(R) PRO/1000 Network Driver
Nov 15 14:48:53 ogenser kernel: [    1.168264] e1000: Copyright (c) 1999-2006 Intel Corporation.
Nov 15 14:48:53 ogenser kernel: [    1.340272] ata3.00: ATAPI: VBOX CD-ROM, 1.0, max UDMA/133
Nov 15 14:48:53 ogenser kernel: [    1.475675] ata1: SATA link up 3.0 Gbps (SStatus 123 SControl 300)
Nov 15 14:48:53 ogenser kernel: [    1.476271] ata1.00: ATA-6: VBOX HARDDISK, 1.0, max UDMA/133
Nov 15 14:48:53 ogenser kernel: [    1.476675] ata1.00: 135741440 sectors, multi 128: LBA48 NCQ (depth 32)
Nov 15 14:48:53 ogenser kernel: [    1.477371] ata1.00: configured for UDMA/133
Nov 15 14:48:53 ogenser kernel: [    1.477796] scsi 0:0:0:0: Direct-Access     ATA      VBOX HARDDISK    1.0  PQ: 0 ANSI: 5
Nov 15 14:48:53 ogenser kernel: [    1.478762] sd 0:0:0:0: [sda] 135741440 512-byte logical blocks: (69.5 GB/64.7 GiB)
Nov 15 14:48:53 ogenser kernel: [    1.479284] sd 0:0:0:0: [sda] Write Protect is off
Nov 15 14:48:53 ogenser kernel: [    1.479591] sd 0:0:0:0: [sda] Mode Sense: 00 3a 00 00
Nov 15 14:48:53 ogenser kernel: [    1.479610] sd 0:0:0:0: [sda] Write cache: enabled, read cache: enabled, doesn't support DPO or FUA
Nov 15 14:48:53 ogenser kernel: [    1.480168] sd 0:0:0:0: [sda] Preferred minimum I/O size 512 bytes
Nov 15 14:48:53 ogenser kernel: [    1.482354] sd 0:0:0:0: Attached scsi generic sg0 type 0
Nov 15 14:48:53 ogenser kernel: [    1.483742]  sda: sda1 sda2 sda3
Nov 15 14:48:53 ogenser kernel: [    1.484136] scsi 2:0:0:0: CD-ROM            VBOX     CD-ROM           1.0  PQ: 0 ANSI: 5
Nov 15 14:48:53 ogenser kernel: [    1.485129] sd 0:0:0:0: [sda] Attached SCSI disk
Nov 15 14:48:53 ogenser kernel: [    1.489966] sr 2:0:0:0: [sr0] scsi3-mmc drive: 32x/32x xa/form2 tray
Nov 15 14:48:53 ogenser kernel: [    1.490440] cdrom: Uniform CD-ROM driver Revision: 3.20
Nov 15 14:48:53 ogenser kernel: [    1.495356] sr 2:0:0:0: Attached scsi CD-ROM sr0
Nov 15 14:48:53 ogenser kernel: [    1.495679] sr 2:0:0:0: Attached scsi generic sg1 type 5
Nov 15 14:48:53 ogenser kernel: [    1.679235] e1000 0000:00:03.0 eth0: (PCI:33MHz:32-bit) 08:00:27:a7:7c:7f
Nov 15 14:48:53 ogenser kernel: [    1.679284] e1000 0000:00:03.0 eth0: Intel(R) PRO/1000 Network Connection
Nov 15 14:48:53 ogenser kernel: [    1.679284] e1000e: Intel(R) PRO/1000 Network Driver
Nov 15 14:48:53 ogenser kernel: [    1.679284] e1000e: Copyright(c) 1999 - 2015 Intel Corporation.
Nov 15 14:48:53 ogenser kernel: [    1.680348] sky2: driver version 1.30
Nov 15 14:48:53 ogenser kernel: [    1.681741] ohci-pci 0000:00:06.0: OHCI PCI host controller
Nov 15 14:48:53 ogenser kernel: [    1.682278] ohci-pci 0000:00:06.0: new USB bus registered, assigned bus number 1
Nov 15 14:48:53 ogenser kernel: [    1.682678] ohci-pci 0000:00:06.0: irq 22, io mem 0xf0804000
Nov 15 14:48:53 ogenser kernel: [    1.736736] usb usb1: New USB device found, idVendor=1d6b, idProduct=0001, bcdDevice= 6.04
Nov 15 14:48:53 ogenser kernel: [    1.737775] usb usb1: New USB device strings: Mfr=3, Product=2, SerialNumber=1
Nov 15 14:48:53 ogenser kernel: [    1.738193] usb usb1: Product: OHCI PCI host controller
Nov 15 14:48:53 ogenser kernel: [    1.738426] usb usb1: Manufacturer: Linux 6.4.12ogenser ohci_hcd
Nov 15 14:48:53 ogenser kernel: [    1.738691] usb usb1: SerialNumber: 0000:00:06.0
Nov 15 14:48:53 ogenser kernel: [    1.739298] hub 1-0:1.0: USB hub found
Nov 15 14:48:53 ogenser kernel: [    1.739511] hub 1-0:1.0: 12 ports detected
Nov 15 14:48:53 ogenser kernel: [    1.740363] ehci-pci 0000:00:0b.0: EHCI Host Controller
Nov 15 14:48:53 ogenser kernel: [    1.740380] usbcore: registered new interface driver usblp
Nov 15 14:48:53 ogenser kernel: [    1.740751] ehci-pci 0000:00:0b.0: new USB bus registered, assigned bus number 2
Nov 15 14:48:53 ogenser kernel: [    1.741007] usbcore: registered new interface driver usb-storage
Nov 15 14:48:53 ogenser kernel: [    1.741920] i8042: PNP: PS/2 Controller [PNP0303:PS2K,PNP0f03:PS2M] at 0x60,0x64 irq 1,12
Nov 15 14:48:53 ogenser kernel: [    1.742315] ehci-pci 0000:00:0b.0: irq 19, io mem 0xf0805000
Nov 15 14:48:53 ogenser kernel: [    1.743080] serio: i8042 KBD port at 0x60,0x64 irq 1
Nov 15 14:48:53 ogenser kernel: [    1.743423] serio: i8042 AUX port at 0x60,0x64 irq 12
Nov 15 14:48:53 ogenser kernel: [    1.745066] input: AT Translated Set 2 keyboard as /devices/platform/i8042/serio0/input/input3
Nov 15 14:48:53 ogenser kernel: [    1.747516] rtc_cmos rtc_cmos: registered as rtc0
Nov 15 14:48:53 ogenser kernel: [    1.748053] rtc_cmos rtc_cmos: alarms up to one day, 114 bytes nvram
Nov 15 14:48:53 ogenser kernel: [    1.748739] fail to initialize ptp_kvm
Nov 15 14:48:53 ogenser kernel: [    1.748831] device-mapper: ioctl: 4.48.0-ioctl (2023-03-01) initialised: dm-devel@redhat.com
Nov 15 14:48:53 ogenser kernel: [    1.749784] ehci-pci 0000:00:0b.0: USB 2.0 started, EHCI 1.00
Nov 15 14:48:53 ogenser kernel: [    1.750257] usb usb2: New USB device found, idVendor=1d6b, idProduct=0002, bcdDevice= 6.04
Nov 15 14:48:53 ogenser kernel: [    1.750723] usb usb2: New USB device strings: Mfr=3, Product=2, SerialNumber=1
Nov 15 14:48:53 ogenser kernel: [    1.750723] usb usb2: Product: EHCI Host Controller
Nov 15 14:48:53 ogenser kernel: [    1.750723] usb usb2: Manufacturer: Linux 6.4.12ogenser ehci_hcd
Nov 15 14:48:53 ogenser kernel: [    1.750723] usb usb2: SerialNumber: 0000:00:0b.0
Nov 15 14:48:53 ogenser kernel: [    1.750723] hub 2-0:1.0: USB hub found
Nov 15 14:48:53 ogenser kernel: [    1.752988] hub 2-0:1.0: 12 ports detected
Nov 15 14:48:53 ogenser kernel: [    1.753170] intel_pstate: CPU model not supported
Nov 15 14:48:53 ogenser kernel: [    1.754286] hid: raw HID events driver (C) Jiri Kosina
Nov 15 14:48:53 ogenser kernel: [    1.754758] usbcore: registered new interface driver usbhid
Nov 15 14:48:53 ogenser kernel: [    1.754989] usbhid: USB HID core driver
Nov 15 14:48:53 ogenser kernel: [    1.761443] Initializing XFRM netlink socket
Nov 15 14:48:53 ogenser kernel: [    1.761809] NET: Registered PF_INET6 protocol family
Nov 15 14:48:53 ogenser kernel: [    1.767300] Segment Routing with IPv6
Nov 15 14:48:53 ogenser kernel: [    1.768600] In-situ OAM (IOAM) with IPv6
Nov 15 14:48:53 ogenser kernel: [    1.769116] sit: IPv6, IPv4 and MPLS over IPv4 tunneling driver
Nov 15 14:48:53 ogenser kernel: [    1.770767] NET: Registered PF_PACKET protocol family
Nov 15 14:48:53 ogenser kernel: [    1.772251] 9pnet: Installing 9P2000 support
Nov 15 14:48:53 ogenser kernel: [    1.772620] Key type dns_resolver registered
Nov 15 14:48:53 ogenser kernel: [    1.773688] IPI shorthand broadcast: enabled
Nov 15 14:48:53 ogenser kernel: [    1.779639] sched_clock: Marking stable (1726583518, 52154309)->(1961652218, -182914391)
Nov 15 14:48:53 ogenser kernel: [    1.780607] registered taskstats version 1
Nov 15 14:48:53 ogenser kernel: [    1.780978] Loading compiled-in X.509 certificates
Nov 15 14:48:53 ogenser kernel: [    1.783562] PM:   Magic number: 15:430:839
Nov 15 14:48:53 ogenser kernel: [    1.783964] printk: console [netcon0] enabled
Nov 15 14:48:53 ogenser kernel: [    1.784174] netconsole: network logging started
Nov 15 14:48:53 ogenser kernel: [    1.784450] cfg80211: Loading compiled-in X.509 certificates for regulatory database
Nov 15 14:48:53 ogenser kernel: [    1.785316] kworker/u4:2 (54) used greatest stack depth: 14584 bytes left
Nov 15 14:48:53 ogenser kernel: [    1.786073] Loaded X.509 cert 'sforshee: 00b28ddf47aef9cea7'
Nov 15 14:48:53 ogenser kernel: [    1.786376] ALSA device list:
Nov 15 14:48:53 ogenser kernel: [    1.786542]   No soundcards found.
Nov 15 14:48:53 ogenser kernel: [    1.786766] platform regulatory.0: Direct firmware load for regulatory.db failed with error -2
Nov 15 14:48:53 ogenser kernel: [    1.787183] cfg80211: failed to load regulatory.db
Nov 15 14:48:53 ogenser kernel: [    1.956829] input: ImExPS/2 Generic Explorer Mouse as /devices/platform/i8042/serio1/input/input5
Nov 15 14:48:53 ogenser kernel: [    1.957823] md: Waiting for all devices to be available before autodetect
Nov 15 14:48:53 ogenser kernel: [    1.958240] md: If you don't use raid, use raid=noautodetect
Nov 15 14:48:53 ogenser kernel: [    1.958591] md: Autodetecting RAID arrays.
Nov 15 14:48:53 ogenser kernel: [    1.958889] md: autorun ...
Nov 15 14:48:53 ogenser kernel: [    1.959134] md: ... autorun DONE.
Nov 15 14:48:53 ogenser kernel: [    1.965291] EXT4-fs (sda3): mounted filesystem 50588d3f-506a-41dd-99be-81c231ab37c2 ro with ordered data mode. Quota mode: none.
Nov 15 14:48:53 ogenser kernel: [    1.965882] VFS: Mounted root (ext4 filesystem) readonly on device 8:3.
Nov 15 14:48:53 ogenser kernel: [    1.967546] devtmpfs: mounted
Nov 15 14:48:53 ogenser kernel: [    1.968481] Freeing unused kernel image (initmem) memory: 2604K
Nov 15 14:48:53 ogenser kernel: [    1.972433] Write protecting the kernel read-only data: 26624k
Nov 15 14:48:53 ogenser kernel: [    1.973561] Freeing unused kernel image (rodata/data gap) memory: 1796K
Nov 15 14:48:53 ogenser kernel: [    2.027361] x86/mm: Checked W+X mappings: passed, no W+X pages found.
Nov 15 14:48:53 ogenser kernel: [    2.027863] x86/mm: Checking user space page tables
Nov 15 14:48:53 ogenser kernel: [    2.080252] x86/mm: Checked W+X mappings: passed, no W+X pages found.
Nov 15 14:48:53 ogenser kernel: [    2.080305] usb 1-1: new full-speed USB device number 2 using ohci-pci
Nov 15 14:48:53 ogenser kernel: [    2.080525] Run /sbin/init as init process
Nov 15 14:48:53 ogenser kernel: [    2.081125]   with arguments:
Nov 15 14:48:53 ogenser kernel: [    2.081126]     /sbin/init
Nov 15 14:48:53 ogenser kernel: [    2.081126]   with environment:
Nov 15 14:48:53 ogenser kernel: [    2.081127]     HOME=/
Nov 15 14:48:53 ogenser kernel: [    2.081127]     TERM=linux
Nov 15 14:48:53 ogenser kernel: [    2.081128]     BOOT_IMAGE=/vmlinuz-6.4.12-lfs-12.0
Nov 15 14:48:53 ogenser kernel: [    2.175033] stty (62) used greatest stack depth: 13616 bytes left
Nov 15 14:48:53 ogenser kernel: [    2.202483] dmesg (63) used greatest stack depth: 13592 bytes left
Nov 15 14:48:53 ogenser kernel: [    2.333935] usb 1-1: New USB device found, idVendor=80ee, idProduct=0021, bcdDevice= 1.00
Nov 15 14:48:53 ogenser kernel: [    2.334448] usb 1-1: New USB device strings: Mfr=1, Product=3, SerialNumber=0
Nov 15 14:48:53 ogenser kernel: [    2.334815] usb 1-1: Product: USB Tablet
Nov 15 14:48:53 ogenser kernel: [    2.335106] usb 1-1: Manufacturer: VirtualBox
Nov 15 14:48:53 ogenser kernel: [    2.350321] input: VirtualBox USB Tablet as /devices/pci0000:00/0000:00:06.0/usb1/1-1/1-1:1.0/0003:80EE:0021.0001/input/input6
Nov 15 14:48:53 ogenser kernel: [    2.351358] hid-generic 0003:80EE:0021.0001: input,hidraw0: USB HID v1.10 Mouse [VirtualBox USB Tablet] on usb-0000:00:06.0-1/input0
Nov 15 14:48:53 ogenser kernel: [    2.517737] ip (162) used greatest stack depth: 13368 bytes left
Nov 15 14:48:53 ogenser kernel: [    2.521048] ip (163) used greatest stack depth: 12952 bytes left
Nov 15 14:48:53 ogenser kernel: <30>[    2.595286] udevd[188]: Starting systemd-udevd version 254
Nov 15 14:48:53 ogenser kernel: <30>[    2.600120] udevd[189]: Using default interface naming scheme 'v253'.
Nov 15 14:48:53 ogenser kernel: <27>[    2.636065] udevd[189]: /usr/lib/udev/rules.d/80-drivers.rules:5 Unknown builtin command 'kmod load', ignoring.
Nov 15 14:48:53 ogenser kernel: <27>[    2.636930] udevd[189]: /usr/lib/udev/rules.d/80-drivers.rules:6 Unknown builtin command 'kmod load tifm_sd', ignoring.
Nov 15 14:48:53 ogenser kernel: <27>[    2.637350] udevd[189]: /usr/lib/udev/rules.d/80-drivers.rules:7 Unknown builtin command 'kmod load tifm_ms', ignoring.
Nov 15 14:48:53 ogenser kernel: <27>[    2.637761] udevd[189]: /usr/lib/udev/rules.d/80-drivers.rules:8 Unknown builtin command 'kmod load ms_block mspro_block', ignoring.
Nov 15 14:48:53 ogenser kernel: <27>[    2.638199] udevd[189]: /usr/lib/udev/rules.d/80-drivers.rules:9 Unknown builtin command 'kmod load i2o_block', ignoring.
Nov 15 14:48:53 ogenser kernel: <27>[    2.638614] udevd[189]: /usr/lib/udev/rules.d/80-drivers.rules:10 Unknown builtin command 'kmod load ppdev', ignoring.
Nov 15 14:48:53 ogenser kernel: <27>[    2.646376] udevd[189]: /usr/lib/udev/rules.d/80-drivers.rules:11 Unknown builtin command 'kmod load sm_ftl', ignoring.
Nov 15 14:48:53 ogenser kernel: [    2.780799] e1000 0000:00:03.0 enp0s3: renamed from eth0
Nov 15 14:48:53 ogenser kernel: [    7.081526] Adding 1048572k swap on /dev/sda2.  Priority:1 extents:1 across:1048572k 
Nov 15 14:48:53 ogenser kernel: [    7.104405] EXT4-fs (sda3): re-mounted 50588d3f-506a-41dd-99be-81c231ab37c2 ro. Quota mode: none.
Nov 15 14:48:53 ogenser kernel: [    7.175534] EXT4-fs (sda3): re-mounted 50588d3f-506a-41dd-99be-81c231ab37c2 r/w. Quota mode: none.
Nov 15 14:48:56 ogenser kernel: [   11.376671] (udev-worker) (206) used greatest stack depth: 12744 bytes left
Nov 15 14:55:26 ogenser kernel: [  402.071347] EXT4-fs (sda1): mounted filesystem 30aca047-fa3a-45ea-bacc-cb69aa065bd0 r/w with ordered data mode. Quota mode: none.
Nov 15 14:58:10 ogenser kernel: Kernel logging (proc) stopped.
Nov 15 14:58:10 ogenser kernel: Kernel log daemon terminating.
Nov 15 14:58:36 ogenser kernel: klogd 1.5.1, log source = /proc/kmsg started.
Nov 15 14:58:36 ogenser kernel: Cannot find map file.
Nov 15 14:58:36 ogenser kernel: Loaded 162383 symbols from 1 module.
Nov 15 14:58:36 ogenser kernel: [    0.000000] Linux version 6.4.12ogenser (root@livecd) (gcc (GCC) 13.2.0, GNU ld (GNU Binutils) 2.41) #1 SMP PREEMPT_DYNAMIC Tue Nov  7 03:18:05 UTC 2023
Nov 15 14:58:36 ogenser kernel: [    0.000000] Command line: BOOT_IMAGE=/vmlinuz-6.4.12-ogenser root=/dev/sda3 ro
Nov 15 14:58:36 ogenser kernel: [    0.000000] BIOS-provided physical RAM map:
Nov 15 14:58:36 ogenser kernel: [    0.000000] BIOS-e820: [mem 0x0000000000000000-0x000000000009fbff] usable
Nov 15 14:58:36 ogenser kernel: [    0.000000] BIOS-e820: [mem 0x000000000009fc00-0x000000000009ffff] reserved
Nov 15 14:58:36 ogenser kernel: [    0.000000] BIOS-e820: [mem 0x00000000000f0000-0x00000000000fffff] reserved
Nov 15 14:58:36 ogenser kernel: [    0.000000] BIOS-e820: [mem 0x0000000000100000-0x00000000dffeffff] usable
Nov 15 14:58:36 ogenser kernel: [    0.000000] BIOS-e820: [mem 0x00000000dfff0000-0x00000000dfffffff] ACPI data
Nov 15 14:58:36 ogenser kernel: [    0.000000] BIOS-e820: [mem 0x00000000fec00000-0x00000000fec00fff] reserved
Nov 15 14:58:36 ogenser kernel: [    0.000000] BIOS-e820: [mem 0x00000000fee00000-0x00000000fee00fff] reserved
Nov 15 14:58:36 ogenser kernel: [    0.000000] BIOS-e820: [mem 0x00000000fffc0000-0x00000000ffffffff] reserved
Nov 15 14:58:36 ogenser kernel: [    0.000000] BIOS-e820: [mem 0x0000000100000000-0x00000003193fffff] usable
Nov 15 14:58:36 ogenser kernel: [    0.000000] NX (Execute Disable) protection: active
Nov 15 14:58:36 ogenser kernel: [    0.000000] SMBIOS 2.5 present.
Nov 15 14:58:36 ogenser kernel: [    0.000000] DMI: innotek GmbH VirtualBox/VirtualBox, BIOS VirtualBox 12/01/2006
Nov 15 14:58:36 ogenser kernel: [    0.000000] Hypervisor detected: KVM
Nov 15 14:58:36 ogenser kernel: [    0.000000] kvm-clock: Using msrs 4b564d01 and 4b564d00
Nov 15 14:58:36 ogenser kernel: [    0.000003] kvm-clock: using sched offset of 8452820510 cycles
Nov 15 14:58:36 ogenser kernel: [    0.000006] clocksource: kvm-clock: mask: 0xffffffffffffffff max_cycles: 0x1cd42e4dffb, max_idle_ns: 881590591483 ns
Nov 15 14:58:36 ogenser kernel: [    0.000009] tsc: Detected 2900.000 MHz processor
Nov 15 14:58:36 ogenser kernel: [    0.001007] e820: update [mem 0x00000000-0x00000fff] usable ==> reserved
Nov 15 14:58:36 ogenser kernel: [    0.001013] e820: remove [mem 0x000a0000-0x000fffff] usable
Nov 15 14:58:36 ogenser kernel: [    0.001020] last_pfn = 0x319400 max_arch_pfn = 0x400000000
Nov 15 14:58:36 ogenser kernel: [    0.001029] MTRRs disabled by BIOS
Nov 15 14:58:36 ogenser kernel: [    0.001034] x86/PAT: Configuration [0-7]: WB  WC  UC- UC  WB  WP  UC- WT  
Nov 15 14:58:36 ogenser kernel: [    0.001063] last_pfn = 0xdfff0 max_arch_pfn = 0x400000000
Nov 15 14:58:36 ogenser kernel: [    0.001123] found SMP MP-table at [mem 0x0009fff0-0x0009ffff]
Nov 15 14:58:36 ogenser kernel: [    0.002896] ACPI: Early table checksum verification disabled
Nov 15 14:58:36 ogenser kernel: [    0.002903] ACPI: RSDP 0x00000000000E0000 000024 (v02 VBOX  )
Nov 15 14:58:36 ogenser kernel: [    0.002909] ACPI: XSDT 0x00000000DFFF0030 00003C (v01 VBOX   VBOXXSDT 00000001 ASL  00000061)
Nov 15 14:58:36 ogenser kernel: [    0.002914] ACPI: FACP 0x00000000DFFF00F0 0000F4 (v04 VBOX   VBOXFACP 00000001 ASL  00000061)
Nov 15 14:58:36 ogenser kernel: [    0.002919] ACPI: DSDT 0x00000000DFFF0470 002325 (v02 VBOX   VBOXBIOS 00000002 INTL 20120111)
Nov 15 14:58:36 ogenser kernel: [    0.002922] ACPI: FACS 0x00000000DFFF0200 000040
Nov 15 14:58:36 ogenser kernel: [    0.002925] ACPI: FACS 0x00000000DFFF0200 000040
Nov 15 14:58:36 ogenser kernel: [    0.002927] ACPI: APIC 0x00000000DFFF0240 00005C (v02 VBOX   VBOXAPIC 00000001 ASL  00000061)
Nov 15 14:58:36 ogenser kernel: [    0.002930] ACPI: SSDT 0x00000000DFFF02A0 0001CC (v01 VBOX   VBOXCPUT 00000002 INTL 20120111)
Nov 15 14:58:36 ogenser kernel: [    0.002932] ACPI: Reserving FACP table memory at [mem 0xdfff00f0-0xdfff01e3]
Nov 15 14:58:36 ogenser kernel: [    0.002934] ACPI: Reserving DSDT table memory at [mem 0xdfff0470-0xdfff2794]
Nov 15 14:58:36 ogenser kernel: [    0.002934] ACPI: Reserving FACS table memory at [mem 0xdfff0200-0xdfff023f]
Nov 15 14:58:36 ogenser kernel: [    0.002935] ACPI: Reserving FACS table memory at [mem 0xdfff0200-0xdfff023f]
Nov 15 14:58:36 ogenser kernel: [    0.002936] ACPI: Reserving APIC table memory at [mem 0xdfff0240-0xdfff029b]
Nov 15 14:58:36 ogenser kernel: [    0.002936] ACPI: Reserving SSDT table memory at [mem 0xdfff02a0-0xdfff046b]
Nov 15 14:58:36 ogenser kernel: [    0.003205] No NUMA configuration found
Nov 15 14:58:36 ogenser kernel: [    0.003207] Faking a node at [mem 0x0000000000000000-0x00000003193fffff]
Nov 15 14:58:36 ogenser kernel: [    0.003210] NODE_DATA(0) allocated [mem 0x3193f8000-0x3193fbfff]
Nov 15 14:58:36 ogenser kernel: [    0.003227] Zone ranges:
Nov 15 14:58:36 ogenser kernel: [    0.003228]   DMA      [mem 0x0000000000001000-0x0000000000ffffff]
Nov 15 14:58:36 ogenser kernel: [    0.003230]   DMA32    [mem 0x0000000001000000-0x00000000ffffffff]
Nov 15 14:58:36 ogenser kernel: [    0.003231]   Normal   [mem 0x0000000100000000-0x00000003193fffff]
Nov 15 14:58:36 ogenser kernel: [    0.003232] Movable zone start for each node
Nov 15 14:58:36 ogenser kernel: [    0.003233] Early memory node ranges
Nov 15 14:58:36 ogenser kernel: [    0.003233]   node   0: [mem 0x0000000000001000-0x000000000009efff]
Nov 15 14:58:36 ogenser kernel: [    0.003235]   node   0: [mem 0x0000000000100000-0x00000000dffeffff]
Nov 15 14:58:36 ogenser kernel: [    0.003236]   node   0: [mem 0x0000000100000000-0x00000003193fffff]
Nov 15 14:58:36 ogenser kernel: [    0.003237] Initmem setup node 0 [mem 0x0000000000001000-0x00000003193fffff]
Nov 15 14:58:36 ogenser kernel: [    0.004587] On node 0, zone DMA: 1 pages in unavailable ranges
Nov 15 14:58:36 ogenser kernel: [    0.004628] On node 0, zone DMA: 97 pages in unavailable ranges
Nov 15 14:58:36 ogenser kernel: [    0.149035] On node 0, zone Normal: 16 pages in unavailable ranges
Nov 15 14:58:36 ogenser kernel: [    0.149274] On node 0, zone Normal: 27648 pages in unavailable ranges
Nov 15 14:58:36 ogenser kernel: [    0.149977] ACPI: PM-Timer IO Port: 0x4008
Nov 15 14:58:36 ogenser kernel: [    0.150039] IOAPIC[0]: apic_id 2, version 32, address 0xfec00000, GSI 0-23
Nov 15 14:58:36 ogenser kernel: [    0.150042] ACPI: INT_SRC_OVR (bus 0 bus_irq 0 global_irq 2 dfl dfl)
Nov 15 14:58:36 ogenser kernel: [    0.150044] ACPI: INT_SRC_OVR (bus 0 bus_irq 9 global_irq 9 low level)
Nov 15 14:58:36 ogenser kernel: [    0.150048] ACPI: Using ACPI (MADT) for SMP configuration information
Nov 15 14:58:36 ogenser kernel: [    0.150054] smpboot: Allowing 2 CPUs, 0 hotplug CPUs
Nov 15 14:58:36 ogenser kernel: [    0.150074] PM: hibernation: Registered nosave memory: [mem 0x00000000-0x00000fff]
Nov 15 14:58:36 ogenser kernel: [    0.150076] PM: hibernation: Registered nosave memory: [mem 0x0009f000-0x0009ffff]
Nov 15 14:58:36 ogenser kernel: [    0.150076] PM: hibernation: Registered nosave memory: [mem 0x000a0000-0x000effff]
Nov 15 14:58:36 ogenser kernel: [    0.150077] PM: hibernation: Registered nosave memory: [mem 0x000f0000-0x000fffff]
Nov 15 14:58:36 ogenser kernel: [    0.150078] PM: hibernation: Registered nosave memory: [mem 0xdfff0000-0xdfffffff]
Nov 15 14:58:36 ogenser kernel: [    0.150079] PM: hibernation: Registered nosave memory: [mem 0xe0000000-0xfebfffff]
Nov 15 14:58:36 ogenser kernel: [    0.150080] PM: hibernation: Registered nosave memory: [mem 0xfec00000-0xfec00fff]
Nov 15 14:58:36 ogenser kernel: [    0.150080] PM: hibernation: Registered nosave memory: [mem 0xfec01000-0xfedfffff]
Nov 15 14:58:36 ogenser kernel: [    0.150081] PM: hibernation: Registered nosave memory: [mem 0xfee00000-0xfee00fff]
Nov 15 14:58:36 ogenser kernel: [    0.150081] PM: hibernation: Registered nosave memory: [mem 0xfee01000-0xfffbffff]
Nov 15 14:58:36 ogenser kernel: [    0.150082] PM: hibernation: Registered nosave memory: [mem 0xfffc0000-0xffffffff]
Nov 15 14:58:36 ogenser kernel: [    0.150083] [mem 0xe0000000-0xfebfffff] available for PCI devices
Nov 15 14:58:36 ogenser kernel: [    0.150084] Booting paravirtualized kernel on KVM
Nov 15 14:58:36 ogenser kernel: [    0.150086] clocksource: refined-jiffies: mask: 0xffffffff max_cycles: 0xffffffff, max_idle_ns: 1910969940391419 ns
Nov 15 14:58:36 ogenser kernel: [    0.155379] setup_percpu: NR_CPUS:64 nr_cpumask_bits:2 nr_cpu_ids:2 nr_node_ids:1
Nov 15 14:58:36 ogenser kernel: [    0.157054] percpu: Embedded 54 pages/cpu s182696 r8192 d30296 u1048576
Nov 15 14:58:36 ogenser kernel: [    0.157062] pcpu-alloc: s182696 r8192 d30296 u1048576 alloc=1*2097152
Nov 15 14:58:36 ogenser kernel: [    0.157065] pcpu-alloc: [0] 0 1 
Nov 15 14:58:36 ogenser kernel: [    0.157082] Kernel command line: BOOT_IMAGE=/vmlinuz-6.4.12-ogenser root=/dev/sda3 ro
Nov 15 14:58:36 ogenser kernel: [    0.157104] Unknown kernel command line parameters "BOOT_IMAGE=/vmlinuz-6.4.12-ogenser", will be passed to user space.
Nov 15 14:58:36 ogenser kernel: [    0.157130] random: crng init done
Nov 15 14:58:36 ogenser kernel: [    0.170373] Dentry cache hash table entries: 2097152 (order: 12, 16777216 bytes, linear)
Nov 15 14:58:36 ogenser kernel: [    0.180676] Inode-cache hash table entries: 1048576 (order: 11, 8388608 bytes, linear)
Nov 15 14:58:36 ogenser kernel: [    0.180735] Fallback order for Node 0: 0 
Nov 15 14:58:36 ogenser kernel: [    0.180738] Built 1 zonelists, mobility grouping on.  Total pages: 3069088
Nov 15 14:58:36 ogenser kernel: [    0.180740] Policy zone: Normal
Nov 15 14:58:36 ogenser kernel: [    0.180741] mem auto-init: stack:all(zero), heap alloc:off, heap free:off
Nov 15 14:58:36 ogenser kernel: [    0.180746] software IO TLB: area num 2.
Nov 15 14:58:36 ogenser kernel: [    0.263048] Memory: 12143980K/12471864K available (18432K kernel code, 2739K rwdata, 6396K rodata, 2604K init, 1608K bss, 327624K reserved, 0K cma-reserved)
Nov 15 14:58:36 ogenser kernel: [    0.263085] SLUB: HWalign=64, Order=0-3, MinObjects=0, CPUs=2, Nodes=1
Nov 15 14:58:36 ogenser kernel: [    0.263093] Kernel/User page tables isolation: enabled
Nov 15 14:58:36 ogenser kernel: [    0.264057] Dynamic Preempt: voluntary
Nov 15 14:58:36 ogenser kernel: [    0.265434] rcu: Preemptible hierarchical RCU implementation.
Nov 15 14:58:36 ogenser kernel: [    0.265436] rcu: ^IRCU event tracing is enabled.
Nov 15 14:58:36 ogenser kernel: [    0.265437] rcu: ^IRCU restricting CPUs from NR_CPUS=64 to nr_cpu_ids=2.
Nov 15 14:58:36 ogenser kernel: [    0.265439] ^ITrampoline variant of Tasks RCU enabled.
Nov 15 14:58:36 ogenser kernel: [    0.265440] rcu: RCU calculated value of scheduler-enlistment delay is 100 jiffies.
Nov 15 14:58:36 ogenser kernel: [    0.265440] rcu: Adjusting geometry for rcu_fanout_leaf=16, nr_cpu_ids=2
Nov 15 14:58:36 ogenser kernel: [    0.266613] NR_IRQS: 4352, nr_irqs: 440, preallocated irqs: 16
Nov 15 14:58:36 ogenser kernel: [    0.266778] rcu: srcu_init: Setting srcu_struct sizes based on contention.
Nov 15 14:58:36 ogenser kernel: [    0.271790] Console: colour VGA+ 80x25
Nov 15 14:58:36 ogenser kernel: [    0.271794] printk: console [tty0] enabled
Nov 15 14:58:36 ogenser kernel: [    0.297909] ACPI: Core revision 20230331
Nov 15 14:58:36 ogenser kernel: [    0.298226] APIC: Switch to symmetric I/O mode setup
Nov 15 14:58:36 ogenser kernel: [    0.298652] x2apic enabled
Nov 15 14:58:36 ogenser kernel: [    0.299007] Switched APIC routing to physical x2apic.
Nov 15 14:58:36 ogenser kernel: [    0.300216] ..TIMER: vector=0x30 apic1=0 pin1=2 apic2=-1 pin2=-1
Nov 15 14:58:36 ogenser kernel: [    0.300471] clocksource: tsc-early: mask: 0xffffffffffffffff max_cycles: 0x29cd42e80b2, max_idle_ns: 440795228349 ns
Nov 15 14:58:36 ogenser kernel: [    0.300868] Calibrating delay loop (skipped) preset value.. 5800.00 BogoMIPS (lpj=2900000)
Nov 15 14:58:36 ogenser kernel: [    0.301316] unchecked MSR access error: WRMSR to 0x3a (tried to write 0x0000000000000001) at rIP: 0xffffffff91049262 (init_ia32_feat_ctl+0x92/0x340)
Nov 15 14:58:36 ogenser kernel: [    0.301785] Call Trace:
Nov 15 14:58:36 ogenser kernel: [    0.301863]  <TASK>
Nov 15 14:58:36 ogenser kernel: [    0.301869]  ? ex_handler_msr+0xc6/0x120
Nov 15 14:58:36 ogenser kernel: [    0.302063]  ? fixup_exception+0x17d/0x2f0
Nov 15 14:58:36 ogenser kernel: [    0.302253]  ? exc_general_protection+0xde/0x3d0
Nov 15 14:58:36 ogenser kernel: [    0.302457]  ? asm_exc_general_protection+0x26/0x30
Nov 15 14:58:36 ogenser kernel: [    0.302667]  ? init_ia32_feat_ctl+0x92/0x340
Nov 15 14:58:36 ogenser kernel: [    0.302861]  init_intel+0xbd/0x5b0
Nov 15 14:58:36 ogenser kernel: [    0.302863]  identify_cpu+0x26e/0x780
Nov 15 14:58:36 ogenser kernel: [    0.302863]  identify_boot_cpu+0x10/0xb0
Nov 15 14:58:36 ogenser kernel: [    0.302863]  arch_cpu_finalize_init+0x9/0x50
Nov 15 14:58:36 ogenser kernel: [    0.302863]  start_kernel+0x392/0x670
Nov 15 14:58:36 ogenser kernel: [    0.302863]  x86_64_start_reservations+0x18/0x30
Nov 15 14:58:36 ogenser kernel: [    0.302863]  x86_64_start_kernel+0xc5/0xd0
Nov 15 14:58:36 ogenser kernel: [    0.302863]  secondary_startup_64_no_verify+0x106/0x10b
Nov 15 14:58:36 ogenser kernel: [    0.302863]  </TASK>
Nov 15 14:58:36 ogenser kernel: [    0.302863] Last level iTLB entries: 4KB 64, 2MB 8, 4MB 8
Nov 15 14:58:36 ogenser kernel: [    0.302863] Last level dTLB entries: 4KB 64, 2MB 0, 4MB 0, 1GB 4
Nov 15 14:58:36 ogenser kernel: [    0.302863] Spectre V1 : Mitigation: usercopy/swapgs barriers and __user pointer sanitization
Nov 15 14:58:36 ogenser kernel: [    0.302863] Spectre V2 : Mitigation: Retpolines
Nov 15 14:58:36 ogenser kernel: [    0.302863] Spectre V2 : Spectre v2 / SpectreRSB mitigation: Filling RSB on context switch
Nov 15 14:58:36 ogenser kernel: [    0.302863] Spectre V2 : Spectre v2 / SpectreRSB : Filling RSB on VMEXIT
Nov 15 14:58:36 ogenser kernel: [    0.302863] Speculative Store Bypass: Vulnerable
Nov 15 14:58:36 ogenser kernel: [    0.302863] MDS: Mitigation: Clear CPU buffers
Nov 15 14:58:36 ogenser kernel: [    0.302863] MMIO Stale Data: Unknown: No mitigations
Nov 15 14:58:36 ogenser kernel: [    0.302863] SRBDS: Unknown: Dependent on hypervisor status
Nov 15 14:58:36 ogenser kernel: [    0.302863] x86/fpu: Supporting XSAVE feature 0x001: 'x87 floating point registers'
Nov 15 14:58:36 ogenser kernel: [    0.302863] x86/fpu: Supporting XSAVE feature 0x002: 'SSE registers'
Nov 15 14:58:36 ogenser kernel: [    0.302863] x86/fpu: Supporting XSAVE feature 0x004: 'AVX registers'
Nov 15 14:58:36 ogenser kernel: [    0.302863] x86/fpu: xstate_offset[2]:  576, xstate_sizes[2]:  256
Nov 15 14:58:36 ogenser kernel: [    0.302863] x86/fpu: Enabled xstate features 0x7, context size is 832 bytes, using 'standard' format.
Nov 15 14:58:36 ogenser kernel: [    0.315863] Freeing SMP alternatives memory: 48K
Nov 15 14:58:36 ogenser kernel: [    0.315866] pid_max: default: 32768 minimum: 301
Nov 15 14:58:36 ogenser kernel: [    0.316089] LSM: initializing lsm=capability,selinux,integrity
Nov 15 14:58:36 ogenser kernel: [    0.316325] SELinux:  Initializing.
Nov 15 14:58:36 ogenser kernel: [    0.316544] Mount-cache hash table entries: 32768 (order: 6, 262144 bytes, linear)
Nov 15 14:58:36 ogenser kernel: [    0.316863] Mountpoint-cache hash table entries: 32768 (order: 6, 262144 bytes, linear)
Nov 15 14:58:36 ogenser kernel: [    0.422865] APIC calibration not consistent with PM-Timer: 101ms instead of 100ms
Nov 15 14:58:36 ogenser kernel: [    0.423201] APIC delta adjusted to PM-Timer: 6352084 (6436518)
Nov 15 14:58:36 ogenser kernel: [    0.423955] smpboot: CPU0: Intel(R) Core(TM) i5-5287U CPU @ 2.90GHz (family: 0x6, model: 0x3d, stepping: 0x4)
Nov 15 14:58:36 ogenser kernel: [    0.424483] cblist_init_generic: Setting adjustable number of callback queues.
Nov 15 14:58:36 ogenser kernel: [    0.424797] cblist_init_generic: Setting shift to 1 and lim to 1.
Nov 15 14:58:36 ogenser kernel: [    0.424916] Performance Events: unsupported p6 CPU model 61 no PMU driver, software events only.
Nov 15 14:58:36 ogenser kernel: [    0.425308] signal: max sigframe size: 1776
Nov 15 14:58:36 ogenser kernel: [    0.425668] rcu: Hierarchical SRCU implementation.
Nov 15 14:58:36 ogenser kernel: [    0.426111] rcu: ^IMax phase no-delay instances is 400.
Nov 15 14:58:36 ogenser kernel: [    0.426638] smp: Bringing up secondary CPUs ...
Nov 15 14:58:36 ogenser kernel: [    0.427025] x86: Booting SMP configuration:
Nov 15 14:58:36 ogenser kernel: [    0.427302] .... node  #0, CPUs:      #1
Nov 15 14:58:36 ogenser kernel: [    0.428912] smp: Brought up 1 node, 2 CPUs
Nov 15 14:58:36 ogenser kernel: [    0.430064] smpboot: Max logical packages: 1
Nov 15 14:58:36 ogenser kernel: [    0.430262] smpboot: Total of 2 processors activated (11600.00 BogoMIPS)
Nov 15 14:58:36 ogenser kernel: [    0.431307] devtmpfs: initialized
Nov 15 14:58:36 ogenser kernel: [    0.431972] clocksource: jiffies: mask: 0xffffffff max_cycles: 0xffffffff, max_idle_ns: 1911260446275000 ns
Nov 15 14:58:36 ogenser kernel: [    0.432561] futex hash table entries: 512 (order: 3, 32768 bytes, linear)
Nov 15 14:58:36 ogenser kernel: [    0.433100] PM: RTC time: 14:58:31, date: 2023-11-15
Nov 15 14:58:36 ogenser kernel: [    0.434250] NET: Registered PF_NETLINK/PF_ROUTE protocol family
Nov 15 14:58:36 ogenser kernel: [    0.434899] audit: initializing netlink subsys (disabled)
Nov 15 14:58:36 ogenser kernel: [    0.435258] audit: type=2000 audit(1700060322.279:1): state=initialized audit_enabled=0 res=1
Nov 15 14:58:36 ogenser kernel: [    0.435258] thermal_sys: Registered thermal governor 'step_wise'
Nov 15 14:58:36 ogenser kernel: [    0.435878] thermal_sys: Registered thermal governor 'user_space'
Nov 15 14:58:36 ogenser kernel: [    0.436237] cpuidle: using governor menu
Nov 15 14:58:36 ogenser kernel: [    0.437710] PCI: Using configuration type 1 for base access
Nov 15 14:58:36 ogenser kernel: [    0.438110] kprobes: kprobe jump-optimization is enabled. All kprobes are optimized if possible.
Nov 15 14:58:36 ogenser kernel: [    0.534885] HugeTLB: registered 2.00 MiB page size, pre-allocated 0 pages
Nov 15 14:58:36 ogenser kernel: [    0.535155] HugeTLB: 28 KiB vmemmap can be freed for a 2.00 MiB page
Nov 15 14:58:36 ogenser kernel: [    0.535486] ACPI: Added _OSI(Module Device)
Nov 15 14:58:36 ogenser kernel: [    0.535865] ACPI: Added _OSI(Processor Device)
Nov 15 14:58:36 ogenser kernel: [    0.536063] ACPI: Added _OSI(3.0 _SCP Extensions)
Nov 15 14:58:36 ogenser kernel: [    0.536264] ACPI: Added _OSI(Processor Aggregator Device)
Nov 15 14:58:36 ogenser kernel: [    0.537427] ACPI: 2 ACPI AML tables successfully acquired and loaded
Nov 15 14:58:36 ogenser kernel: [    0.539091] ACPI: Interpreter enabled
Nov 15 14:58:36 ogenser kernel: [    0.539171] ACPI: PM: (supports S0 S5)
Nov 15 14:58:36 ogenser kernel: [    0.539353] ACPI: Using IOAPIC for interrupt routing
Nov 15 14:58:36 ogenser kernel: [    0.539954] PCI: Using host bridge windows from ACPI; if necessary, use "pci=nocrs" and report a bug
Nov 15 14:58:36 ogenser kernel: [    0.540341] PCI: Using E820 reservations for host bridge windows
Nov 15 14:58:36 ogenser kernel: [    0.540678] ACPI: Enabled 2 GPEs in block 00 to 07
Nov 15 14:58:36 ogenser kernel: [    0.547461] ACPI: PCI Root Bridge [PCI0] (domain 0000 [bus 00-ff])
Nov 15 14:58:36 ogenser kernel: [    0.547873] acpi PNP0A03:00: _OSC: OS supports [ASPM ClockPM Segments MSI HPX-Type3]
Nov 15 14:58:36 ogenser kernel: [    0.548199] acpi PNP0A03:00: _OSC: not requesting OS control; OS requires [ExtendedConfig ASPM ClockPM MSI]
Nov 15 14:58:36 ogenser kernel: [    0.549018] acpi PNP0A03:00: fail to add MMCONFIG information, can't access extended configuration space under this bridge
Nov 15 14:58:36 ogenser kernel: [    0.549624] PCI host bridge to bus 0000:00
Nov 15 14:58:36 ogenser kernel: [    0.549867] pci_bus 0000:00: root bus resource [io  0x0000-0x0cf7 window]
Nov 15 14:58:36 ogenser kernel: [    0.550179] pci_bus 0000:00: root bus resource [io  0x0d00-0xffff window]
Nov 15 14:58:36 ogenser kernel: [    0.550506] pci_bus 0000:00: root bus resource [mem 0x000a0000-0x000bffff window]
Nov 15 14:58:36 ogenser kernel: [    0.550873] pci_bus 0000:00: root bus resource [mem 0xe0000000-0xfdffffff window]
Nov 15 14:58:36 ogenser kernel: [    0.551409] pci_bus 0000:00: root bus resource [bus 00-ff]
Nov 15 14:58:36 ogenser kernel: [    0.552547] pci 0000:00:00.0: [8086:1237] type 00 class 0x060000
Nov 15 14:58:36 ogenser kernel: [    0.554268] pci 0000:00:01.0: [8086:7000] type 00 class 0x060100
Nov 15 14:58:36 ogenser kernel: [    0.556266] pci 0000:00:01.1: [8086:7111] type 00 class 0x01018a
Nov 15 14:58:36 ogenser kernel: [    0.557108] pci 0000:00:01.1: reg 0x20: [io  0xd000-0xd00f]
Nov 15 14:58:36 ogenser kernel: [    0.558059] pci 0000:00:01.1: legacy IDE quirk: reg 0x10: [io  0x01f0-0x01f7]
Nov 15 14:58:36 ogenser kernel: [    0.558327] pci 0000:00:01.1: legacy IDE quirk: reg 0x14: [io  0x03f6]
Nov 15 14:58:36 ogenser kernel: [    0.558575] pci 0000:00:01.1: legacy IDE quirk: reg 0x18: [io  0x0170-0x0177]
Nov 15 14:58:36 ogenser kernel: [    0.558839] pci 0000:00:01.1: legacy IDE quirk: reg 0x1c: [io  0x0376]
Nov 15 14:58:36 ogenser kernel: [    0.559113] pci 0000:00:02.0: [15ad:0405] type 00 class 0x030000
Nov 15 14:58:36 ogenser kernel: [    0.562896] pci 0000:00:02.0: reg 0x10: [io  0xd010-0xd01f]
Nov 15 14:58:36 ogenser kernel: [    0.572025] pci 0000:00:02.0: reg 0x14: [mem 0xe0000000-0xe0ffffff pref]
Nov 15 14:58:36 ogenser kernel: [    0.578895] pci 0000:00:02.0: reg 0x18: [mem 0xf0000000-0xf01fffff]
Nov 15 14:58:36 ogenser kernel: [    0.611993] pci 0000:00:02.0: Video device with shadowed ROM at [mem 0x000c0000-0x000dffff]
Nov 15 14:58:36 ogenser kernel: [    0.613107] pci 0000:00:03.0: [8086:100e] type 00 class 0x020000
Nov 15 14:58:36 ogenser kernel: [    0.617882] pci 0000:00:03.0: reg 0x10: [mem 0xf0200000-0xf021ffff]
Nov 15 14:58:36 ogenser kernel: [    0.628935] pci 0000:00:03.0: reg 0x18: [io  0xd020-0xd027]
Nov 15 14:58:36 ogenser kernel: [    0.671189] pci 0000:00:04.0: [80ee:cafe] type 00 class 0x088000
Nov 15 14:58:36 ogenser kernel: [    0.675891] pci 0000:00:04.0: reg 0x10: [io  0xd040-0xd05f]
Nov 15 14:58:36 ogenser kernel: [    0.684896] pci 0000:00:04.0: reg 0x14: [mem 0xf0400000-0xf07fffff]
Nov 15 14:58:36 ogenser kernel: [    0.691900] pci 0000:00:04.0: reg 0x18: [mem 0xf0800000-0xf0803fff pref]
Nov 15 14:58:36 ogenser kernel: [    0.728246] pci 0000:00:05.0: [8086:2415] type 00 class 0x040100
Nov 15 14:58:36 ogenser kernel: [    0.729050] pci 0000:00:05.0: reg 0x10: [io  0xd100-0xd1ff]
Nov 15 14:58:36 ogenser kernel: [    0.729379] pci 0000:00:05.0: reg 0x14: [io  0xd200-0xd23f]
Nov 15 14:58:36 ogenser kernel: [    0.730499] pci 0000:00:06.0: [106b:003f] type 00 class 0x0c0310
Nov 15 14:58:36 ogenser kernel: [    0.733869] pci 0000:00:06.0: reg 0x10: [mem 0xf0804000-0xf0804fff]
Nov 15 14:58:36 ogenser kernel: [    0.770209] pci 0000:00:07.0: [8086:7113] type 00 class 0x068000
Nov 15 14:58:36 ogenser kernel: [    0.771253] pci 0000:00:07.0: quirk: [io  0x4000-0x403f] claimed by PIIX4 ACPI
Nov 15 14:58:36 ogenser kernel: [    0.771580] pci 0000:00:07.0: quirk: [io  0x4100-0x410f] claimed by PIIX4 SMB
Nov 15 14:58:36 ogenser kernel: [    0.772251] pci 0000:00:0b.0: [8086:265c] type 00 class 0x0c0320
Nov 15 14:58:36 ogenser kernel: [    0.775946] pci 0000:00:0b.0: reg 0x10: [mem 0xf0805000-0xf0805fff]
Nov 15 14:58:36 ogenser kernel: [    0.811944] pci 0000:00:0d.0: [8086:2829] type 00 class 0x010601
Nov 15 14:58:36 ogenser kernel: [    0.815864] pci 0000:00:0d.0: reg 0x10: [io  0xd240-0xd247]
Nov 15 14:58:36 ogenser kernel: [    0.819894] pci 0000:00:0d.0: reg 0x14: [io  0xd248-0xd24b]
Nov 15 14:58:36 ogenser kernel: [    0.828881] pci 0000:00:0d.0: reg 0x18: [io  0xd250-0xd257]
Nov 15 14:58:36 ogenser kernel: [    0.838893] pci 0000:00:0d.0: reg 0x1c: [io  0xd258-0xd25b]
Nov 15 14:58:36 ogenser kernel: [    0.846894] pci 0000:00:0d.0: reg 0x20: [io  0xd260-0xd26f]
Nov 15 14:58:36 ogenser kernel: [    0.854921] pci 0000:00:0d.0: reg 0x24: [mem 0xf0806000-0xf0807fff]
Nov 15 14:58:36 ogenser kernel: [    0.875201] ACPI: PCI: Interrupt link LNKA configured for IRQ 11
Nov 15 14:58:36 ogenser kernel: [    0.875863] ACPI: PCI: Interrupt link LNKB configured for IRQ 10
Nov 15 14:58:36 ogenser kernel: [    0.875973] ACPI: PCI: Interrupt link LNKC configured for IRQ 9
Nov 15 14:58:36 ogenser kernel: [    0.876308] ACPI: PCI: Interrupt link LNKD configured for IRQ 11
Nov 15 14:58:36 ogenser kernel: [    0.876776] iommu: Default domain type: Translated 
Nov 15 14:58:36 ogenser kernel: [    0.876866] iommu: DMA domain TLB invalidation policy: lazy mode 
Nov 15 14:58:36 ogenser kernel: [    0.878096] SCSI subsystem initialized
Nov 15 14:58:36 ogenser kernel: [    0.878504] libata version 3.00 loaded.
Nov 15 14:58:36 ogenser kernel: [    0.878962] ACPI: bus type USB registered
Nov 15 14:58:36 ogenser kernel: [    0.879333] usbcore: registered new interface driver usbfs
Nov 15 14:58:36 ogenser kernel: [    0.879711] usbcore: registered new interface driver hub
Nov 15 14:58:36 ogenser kernel: [    0.879902] usbcore: registered new device driver usb
Nov 15 14:58:36 ogenser kernel: [    0.880307] pps_core: LinuxPPS API ver. 1 registered
Nov 15 14:58:36 ogenser kernel: [    0.880825] pps_core: Software ver. 5.3.6 - Copyright 2005-2007 Rodolfo Giometti <giometti@linux.it>
Nov 15 14:58:36 ogenser kernel: [    0.880898] PTP clock support registered
Nov 15 14:58:36 ogenser kernel: [    0.881969] Advanced Linux Sound Architecture Driver Initialized.
Nov 15 14:58:36 ogenser kernel: [    0.882463] NetLabel: Initializing
Nov 15 14:58:36 ogenser kernel: [    0.882703] NetLabel:  domain hash size = 128
Nov 15 14:58:36 ogenser kernel: [    0.882869] NetLabel:  protocols = UNLABELED CIPSOv4 CALIPSO
Nov 15 14:58:36 ogenser kernel: [    0.883150] NetLabel:  unlabeled traffic allowed by default
Nov 15 14:58:36 ogenser kernel: [    0.883963] PCI: Using ACPI for IRQ routing
Nov 15 14:58:36 ogenser kernel: [    0.884878] PCI: pci_cache_line_size set to 64 bytes
Nov 15 14:58:36 ogenser kernel: [    0.886156] e820: reserve RAM buffer [mem 0x0009fc00-0x0009ffff]
Nov 15 14:58:36 ogenser kernel: [    0.886181] e820: reserve RAM buffer [mem 0xdfff0000-0xdfffffff]
Nov 15 14:58:36 ogenser kernel: [    0.886185] e820: reserve RAM buffer [mem 0x319400000-0x31bffffff]
Nov 15 14:58:36 ogenser kernel: [    0.886271] pci 0000:00:02.0: vgaarb: setting as boot VGA device
Nov 15 14:58:36 ogenser kernel: [    0.886464] pci 0000:00:02.0: vgaarb: bridge control possible
Nov 15 14:58:36 ogenser kernel: [    0.886863] pci 0000:00:02.0: vgaarb: VGA device added: decodes=io+mem,owns=io+mem,locks=none
Nov 15 14:58:36 ogenser kernel: [    0.886908] vgaarb: loaded
Nov 15 14:58:36 ogenser kernel: [    0.888352] clocksource: Switched to clocksource kvm-clock
Nov 15 14:58:36 ogenser kernel: [    0.906464] VFS: Disk quotas dquot_6.6.0
Nov 15 14:58:36 ogenser kernel: [    0.906464] VFS: Dquot-cache hash table entries: 512 (order 0, 4096 bytes)
Nov 15 14:58:36 ogenser kernel: [    0.906464] pnp: PnP ACPI init
Nov 15 14:58:36 ogenser kernel: [    0.908917] pnp: PnP ACPI: found 2 devices
Nov 15 14:58:36 ogenser kernel: [    0.930407] clocksource: acpi_pm: mask: 0xffffff max_cycles: 0xffffff, max_idle_ns: 2085701024 ns
Nov 15 14:58:36 ogenser kernel: [    0.930859] NET: Registered PF_INET protocol family
Nov 15 14:58:36 ogenser kernel: [    0.933619] IP idents hash table entries: 262144 (order: 9, 2097152 bytes, linear)
Nov 15 14:58:36 ogenser kernel: [    0.937276] tcp_listen_portaddr_hash hash table entries: 8192 (order: 5, 131072 bytes, linear)
Nov 15 14:58:36 ogenser kernel: [    0.937628] Table-perturb hash table entries: 65536 (order: 6, 262144 bytes, linear)
Nov 15 14:58:36 ogenser kernel: [    0.939501] TCP established hash table entries: 131072 (order: 8, 1048576 bytes, linear)
Nov 15 14:58:36 ogenser kernel: [    0.940488] TCP bind hash table entries: 65536 (order: 9, 2097152 bytes, linear)
Nov 15 14:58:36 ogenser kernel: [    0.943383] TCP: Hash tables configured (established 131072 bind 65536)
Nov 15 14:58:36 ogenser kernel: [    0.943728] UDP hash table entries: 8192 (order: 6, 262144 bytes, linear)
Nov 15 14:58:36 ogenser kernel: [    0.944045] UDP-Lite hash table entries: 8192 (order: 6, 262144 bytes, linear)
Nov 15 14:58:36 ogenser kernel: [    0.944263] NET: Registered PF_UNIX/PF_LOCAL protocol family
Nov 15 14:58:36 ogenser kernel: [    0.945191] RPC: Registered named UNIX socket transport module.
Nov 15 14:58:36 ogenser kernel: [    0.945443] RPC: Registered udp transport module.
Nov 15 14:58:36 ogenser kernel: [    0.945668] RPC: Registered tcp transport module.
Nov 15 14:58:36 ogenser kernel: [    0.945871] RPC: Registered tcp NFSv4.1 backchannel transport module.
Nov 15 14:58:36 ogenser kernel: [    0.946612] pci_bus 0000:00: resource 4 [io  0x0000-0x0cf7 window]
Nov 15 14:58:36 ogenser kernel: [    0.946907] pci_bus 0000:00: resource 5 [io  0x0d00-0xffff window]
Nov 15 14:58:36 ogenser kernel: [    0.947155] pci_bus 0000:00: resource 6 [mem 0x000a0000-0x000bffff window]
Nov 15 14:58:36 ogenser kernel: [    0.947416] pci_bus 0000:00: resource 7 [mem 0xe0000000-0xfdffffff window]
Nov 15 14:58:36 ogenser kernel: [    0.947571] pci 0000:00:00.0: Limiting direct PCI/PCI transfers
Nov 15 14:58:36 ogenser kernel: [    0.950058] PCI: CLS 0 bytes, default 64
Nov 15 14:58:36 ogenser kernel: [    0.950311] PCI-DMA: Using software bounce buffering for IO (SWIOTLB)
Nov 15 14:58:36 ogenser kernel: [    0.950562] software IO TLB: mapped [mem 0x00000000dbff0000-0x00000000dfff0000] (64MB)
Nov 15 14:58:36 ogenser kernel: [    0.951105] RAPL PMU: API unit is 2^-32 Joules, 0 fixed counters, 10737418240 ms ovfl timer
Nov 15 14:58:36 ogenser kernel: [    0.951536] clocksource: tsc: mask: 0xffffffffffffffff max_cycles: 0x29cd42e80b2, max_idle_ns: 440795228349 ns
Nov 15 14:58:36 ogenser kernel: [    0.953385] clocksource: Switched to clocksource tsc
Nov 15 14:58:36 ogenser kernel: [    0.953802] platform rtc_cmos: registered platform RTC device (no PNP device found)
Nov 15 14:58:36 ogenser kernel: [    0.956675] Initialise system trusted keyrings
Nov 15 14:58:36 ogenser kernel: [    0.957169] workingset: timestamp_bits=40 max_order=22 bucket_order=0
Nov 15 14:58:36 ogenser kernel: [    0.960849] NFS: Registering the id_resolver key type
Nov 15 14:58:36 ogenser kernel: [    0.961197] Key type id_resolver registered
Nov 15 14:58:36 ogenser kernel: [    0.961667] Key type id_legacy registered
Nov 15 14:58:36 ogenser kernel: [    0.962412] 9p: Installing v9fs 9p2000 file system support
Nov 15 14:58:36 ogenser kernel: [    0.975033] Key type asymmetric registered
Nov 15 14:58:36 ogenser kernel: [    0.975334] Asymmetric key parser 'x509' registered
Nov 15 14:58:36 ogenser kernel: [    0.975610] Block layer SCSI generic (bsg) driver version 0.4 loaded (major 251)
Nov 15 14:58:36 ogenser kernel: [    0.975980] io scheduler mq-deadline registered
Nov 15 14:58:36 ogenser kernel: [    0.976211] io scheduler kyber registered
Nov 15 14:58:36 ogenser kernel: [    0.980235] ACPI: AC: AC Adapter [AC] (on-line)
Nov 15 14:58:36 ogenser kernel: [    0.980488] input: Power Button as /devices/LNXSYSTM:00/LNXPWRBN:00/input/input0
Nov 15 14:58:36 ogenser kernel: [    0.981235] ACPI: button: Power Button [PWRF]
Nov 15 14:58:36 ogenser kernel: [    0.981607] input: Sleep Button as /devices/LNXSYSTM:00/LNXSLPBN:00/input/input1
Nov 15 14:58:36 ogenser kernel: [    0.982021] ACPI: button: Sleep Button [SLPF]
Nov 15 14:58:36 ogenser kernel: [    0.982673] ACPI: video: Video Device [GFX0] (multi-head: yes  rom: no  post: no)
Nov 15 14:58:36 ogenser kernel: [    0.983136] input: Video Bus as /devices/LNXSYSTM:00/LNXSYBUS:00/PNP0A03:00/LNXVIDEO:00/input/input2
Nov 15 14:58:36 ogenser kernel: [    0.987752] ACPI: battery: Slot [BAT0] (battery present)
Nov 15 14:58:36 ogenser kernel: [    0.988505] Serial: 8250/16550 driver, 4 ports, IRQ sharing enabled
Nov 15 14:58:36 ogenser kernel: [    0.990860] Non-volatile memory driver v1.3
Nov 15 14:58:36 ogenser kernel: [    0.991266] Linux agpgart interface v0.103
Nov 15 14:58:36 ogenser kernel: [    0.992637] ACPI: bus type drm_connector registered
Nov 15 14:58:36 ogenser kernel: [    0.999558] loop: module loaded
Nov 15 14:58:36 ogenser kernel: [    0.999814] ahci 0000:00:0d.0: version 3.0
Nov 15 14:58:36 ogenser kernel: [    1.000450] ahci 0000:00:0d.0: SSS flag set, parallel bus scan disabled
Nov 15 14:58:36 ogenser kernel: [    1.000877] ahci 0000:00:0d.0: AHCI 0001.0100 32 slots 1 ports 3 Gbps 0x1 impl SATA mode
Nov 15 14:58:36 ogenser kernel: [    1.002519] ahci 0000:00:0d.0: flags: 64bit ncq stag only ccc 
Nov 15 14:58:36 ogenser kernel: [    1.004694] scsi host0: ahci
Nov 15 14:58:36 ogenser kernel: [    1.005258] ata1: SATA max UDMA/133 abar m8192@0xf0806000 port 0xf0806100 irq 21
Nov 15 14:58:36 ogenser kernel: [    1.005794] ata_piix 0000:00:01.1: version 2.13
Nov 15 14:58:36 ogenser kernel: [    1.007494] scsi host1: ata_piix
Nov 15 14:58:36 ogenser kernel: [    1.008271] scsi host2: ata_piix
Nov 15 14:58:36 ogenser kernel: [    1.008497] ata2: PATA max UDMA/33 cmd 0x1f0 ctl 0x3f6 bmdma 0xd000 irq 14
Nov 15 14:58:36 ogenser kernel: [    1.008759] ata3: PATA max UDMA/33 cmd 0x170 ctl 0x376 bmdma 0xd008 irq 15
Nov 15 14:58:36 ogenser kernel: [    1.011157] e100: Intel(R) PRO/100 Network Driver
Nov 15 14:58:36 ogenser kernel: [    1.011526] e100: Copyright(c) 1999-2006 Intel Corporation
Nov 15 14:58:36 ogenser kernel: [    1.011812] e1000: Intel(R) PRO/1000 Network Driver
Nov 15 14:58:36 ogenser kernel: [    1.012143] e1000: Copyright (c) 1999-2006 Intel Corporation.
Nov 15 14:58:36 ogenser kernel: [    1.177549] ata3.00: ATAPI: VBOX CD-ROM, 1.0, max UDMA/133
Nov 15 14:58:36 ogenser kernel: [    1.315188] ata1: SATA link up 3.0 Gbps (SStatus 123 SControl 300)
Nov 15 14:58:36 ogenser kernel: [    1.315644] ata1.00: ATA-6: VBOX HARDDISK, 1.0, max UDMA/133
Nov 15 14:58:36 ogenser kernel: [    1.315898] ata1.00: 135741440 sectors, multi 128: LBA48 NCQ (depth 32)
Nov 15 14:58:36 ogenser kernel: [    1.316460] ata1.00: configured for UDMA/133
Nov 15 14:58:36 ogenser kernel: [    1.317105] scsi 0:0:0:0: Direct-Access     ATA      VBOX HARDDISK    1.0  PQ: 0 ANSI: 5
Nov 15 14:58:36 ogenser kernel: [    1.317635] scsi 0:0:0:0: Attached scsi generic sg0 type 0
Nov 15 14:58:36 ogenser kernel: [    1.318289] sd 0:0:0:0: [sda] 135741440 512-byte logical blocks: (69.5 GB/64.7 GiB)
Nov 15 14:58:36 ogenser kernel: [    1.318828] sd 0:0:0:0: [sda] Write Protect is off
Nov 15 14:58:36 ogenser kernel: [    1.319222] sd 0:0:0:0: [sda] Mode Sense: 00 3a 00 00
Nov 15 14:58:36 ogenser kernel: [    1.319266] sd 0:0:0:0: [sda] Write cache: enabled, read cache: enabled, doesn't support DPO or FUA
Nov 15 14:58:36 ogenser kernel: [    1.320146] sd 0:0:0:0: [sda] Preferred minimum I/O size 512 bytes
Nov 15 14:58:36 ogenser kernel: [    1.320666] scsi 2:0:0:0: CD-ROM            VBOX     CD-ROM           1.0  PQ: 0 ANSI: 5
Nov 15 14:58:36 ogenser kernel: [    1.323244]  sda: sda1 sda2 sda3
Nov 15 14:58:36 ogenser kernel: [    1.323691] sd 0:0:0:0: [sda] Attached SCSI disk
Nov 15 14:58:36 ogenser kernel: [    1.331932] sr 2:0:0:0: [sr0] scsi3-mmc drive: 32x/32x xa/form2 tray
Nov 15 14:58:36 ogenser kernel: [    1.332256] cdrom: Uniform CD-ROM driver Revision: 3.20
Nov 15 14:58:36 ogenser kernel: [    1.341370] sr 2:0:0:0: Attached scsi CD-ROM sr0
Nov 15 14:58:36 ogenser kernel: [    1.341887] sr 2:0:0:0: Attached scsi generic sg1 type 5
Nov 15 14:58:36 ogenser kernel: [    1.547098] e1000 0000:00:03.0 eth0: (PCI:33MHz:32-bit) 08:00:27:a7:7c:7f
Nov 15 14:58:36 ogenser kernel: [    1.547098] e1000 0000:00:03.0 eth0: Intel(R) PRO/1000 Network Connection
Nov 15 14:58:36 ogenser kernel: [    1.547098] e1000e: Intel(R) PRO/1000 Network Driver
Nov 15 14:58:36 ogenser kernel: [    1.547098] e1000e: Copyright(c) 1999 - 2015 Intel Corporation.
Nov 15 14:58:36 ogenser kernel: [    1.547098] sky2: driver version 1.30
Nov 15 14:58:36 ogenser kernel: [    1.549451] ohci-pci 0000:00:06.0: OHCI PCI host controller
Nov 15 14:58:36 ogenser kernel: [    1.549779] ohci-pci 0000:00:06.0: new USB bus registered, assigned bus number 1
Nov 15 14:58:36 ogenser kernel: [    1.550154] ohci-pci 0000:00:06.0: irq 22, io mem 0xf0804000
Nov 15 14:58:36 ogenser kernel: [    1.602745] usb usb1: New USB device found, idVendor=1d6b, idProduct=0001, bcdDevice= 6.04
Nov 15 14:58:36 ogenser kernel: [    1.603098] usb usb1: New USB device strings: Mfr=3, Product=2, SerialNumber=1
Nov 15 14:58:36 ogenser kernel: [    1.603098] usb usb1: Product: OHCI PCI host controller
Nov 15 14:58:36 ogenser kernel: [    1.604207] usb usb1: Manufacturer: Linux 6.4.12ogenser ohci_hcd
Nov 15 14:58:36 ogenser kernel: [    1.604509] usb usb1: SerialNumber: 0000:00:06.0
Nov 15 14:58:36 ogenser kernel: [    1.605074] hub 1-0:1.0: USB hub found
Nov 15 14:58:36 ogenser kernel: [    1.605296] hub 1-0:1.0: 12 ports detected
Nov 15 14:58:36 ogenser kernel: [    1.606172] ehci-pci 0000:00:0b.0: EHCI Host Controller
Nov 15 14:58:36 ogenser kernel: [    1.606230] usbcore: registered new interface driver usblp
Nov 15 14:58:36 ogenser kernel: [    1.606585] ehci-pci 0000:00:0b.0: new USB bus registered, assigned bus number 2
Nov 15 14:58:36 ogenser kernel: [    1.606852] usbcore: registered new interface driver usb-storage
Nov 15 14:58:36 ogenser kernel: [    1.610534] i8042: PNP: PS/2 Controller [PNP0303:PS2K,PNP0f03:PS2M] at 0x60,0x64 irq 1,12
Nov 15 14:58:36 ogenser kernel: [    1.610811] ehci-pci 0000:00:0b.0: irq 19, io mem 0xf0805000
Nov 15 14:58:36 ogenser kernel: [    1.612203] serio: i8042 KBD port at 0x60,0x64 irq 1
Nov 15 14:58:36 ogenser kernel: [    1.613109] serio: i8042 AUX port at 0x60,0x64 irq 12
Nov 15 14:58:36 ogenser kernel: [    1.614317] input: AT Translated Set 2 keyboard as /devices/platform/i8042/serio0/input/input3
Nov 15 14:58:36 ogenser kernel: [    1.616495] rtc_cmos rtc_cmos: registered as rtc0
Nov 15 14:58:36 ogenser kernel: [    1.617021] rtc_cmos rtc_cmos: alarms up to one day, 114 bytes nvram
Nov 15 14:58:36 ogenser kernel: [    1.617340] fail to initialize ptp_kvm
Nov 15 14:58:36 ogenser kernel: [    1.617629] device-mapper: ioctl: 4.48.0-ioctl (2023-03-01) initialised: dm-devel@redhat.com
Nov 15 14:58:36 ogenser kernel: [    1.618195] intel_pstate: CPU model not supported
Nov 15 14:58:36 ogenser kernel: [    1.618430] hid: raw HID events driver (C) Jiri Kosina
Nov 15 14:58:36 ogenser kernel: [    1.618826] usbcore: registered new interface driver usbhid
Nov 15 14:58:36 ogenser kernel: [    1.619029] ehci-pci 0000:00:0b.0: USB 2.0 started, EHCI 1.00
Nov 15 14:58:36 ogenser kernel: [    1.619085] usbhid: USB HID core driver
Nov 15 14:58:36 ogenser kernel: [    1.619346] usb usb2: New USB device found, idVendor=1d6b, idProduct=0002, bcdDevice= 6.04
Nov 15 14:58:36 ogenser kernel: [    1.619891] usb usb2: New USB device strings: Mfr=3, Product=2, SerialNumber=1
Nov 15 14:58:36 ogenser kernel: [    1.622488] Initializing XFRM netlink socket
Nov 15 14:58:36 ogenser kernel: [    1.624979] usb usb2: Product: EHCI Host Controller
Nov 15 14:58:36 ogenser kernel: [    1.625249] NET: Registered PF_INET6 protocol family
Nov 15 14:58:36 ogenser kernel: [    1.625494] usb usb2: Manufacturer: Linux 6.4.12ogenser ehci_hcd
Nov 15 14:58:36 ogenser kernel: [    1.626172] Segment Routing with IPv6
Nov 15 14:58:36 ogenser kernel: [    1.626337] usb usb2: SerialNumber: 0000:00:0b.0
Nov 15 14:58:36 ogenser kernel: [    1.626581] In-situ OAM (IOAM) with IPv6
Nov 15 14:58:36 ogenser kernel: [    1.627219] sit: IPv6, IPv4 and MPLS over IPv4 tunneling driver
Nov 15 14:58:36 ogenser kernel: [    1.627329] hub 2-0:1.0: USB hub found
Nov 15 14:58:36 ogenser kernel: [    1.627699] NET: Registered PF_PACKET protocol family
Nov 15 14:58:36 ogenser kernel: [    1.627900] hub 2-0:1.0: 12 ports detected
Nov 15 14:58:36 ogenser kernel: [    1.628478] 9pnet: Installing 9P2000 support
Nov 15 14:58:36 ogenser kernel: [    1.628690] Key type dns_resolver registered
Nov 15 14:58:36 ogenser kernel: [    1.629229] IPI shorthand broadcast: enabled
Nov 15 14:58:36 ogenser kernel: [    1.638022] sched_clock: Marking stable (1604093390, 33910164)->(1777159885, -139156331)
Nov 15 14:58:36 ogenser kernel: [    1.638852] registered taskstats version 1
Nov 15 14:58:36 ogenser kernel: [    1.639190] Loading compiled-in X.509 certificates
Nov 15 14:58:36 ogenser kernel: [    1.641374] PM:   Magic number: 15:86:991
Nov 15 14:58:36 ogenser kernel: [    1.641631] printk: console [netcon0] enabled
Nov 15 14:58:36 ogenser kernel: [    1.642250] netconsole: network logging started
Nov 15 14:58:36 ogenser kernel: [    1.642600] cfg80211: Loading compiled-in X.509 certificates for regulatory database
Nov 15 14:58:36 ogenser kernel: [    1.643537] kworker/u4:2 (53) used greatest stack depth: 14744 bytes left
Nov 15 14:58:36 ogenser kernel: [    1.644537] Loaded X.509 cert 'sforshee: 00b28ddf47aef9cea7'
Nov 15 14:58:36 ogenser kernel: [    1.645001] ALSA device list:
Nov 15 14:58:36 ogenser kernel: [    1.645180]   No soundcards found.
Nov 15 14:58:36 ogenser kernel: [    1.645424] platform regulatory.0: Direct firmware load for regulatory.db failed with error -2
Nov 15 14:58:36 ogenser kernel: [    1.645928] cfg80211: failed to load regulatory.db
Nov 15 14:58:36 ogenser kernel: [    2.021482] input: ImExPS/2 Generic Explorer Mouse as /devices/platform/i8042/serio1/input/input5
Nov 15 14:58:36 ogenser kernel: [    2.022444] md: Waiting for all devices to be available before autodetect
Nov 15 14:58:36 ogenser kernel: [    2.022814] md: If you don't use raid, use raid=noautodetect
Nov 15 14:58:36 ogenser kernel: [    2.023154] md: Autodetecting RAID arrays.
Nov 15 14:58:36 ogenser kernel: [    2.023421] md: autorun ...
Nov 15 14:58:36 ogenser kernel: [    2.023640] md: ... autorun DONE.
Nov 15 14:58:36 ogenser kernel: [    2.029701] EXT4-fs (sda3): mounted filesystem 50588d3f-506a-41dd-99be-81c231ab37c2 ro with ordered data mode. Quota mode: none.
Nov 15 14:58:36 ogenser kernel: [    2.030403] VFS: Mounted root (ext4 filesystem) readonly on device 8:3.
Nov 15 14:58:36 ogenser kernel: [    2.032113] devtmpfs: mounted
Nov 15 14:58:36 ogenser kernel: [    2.032966] Freeing unused kernel image (initmem) memory: 2604K
Nov 15 14:58:36 ogenser kernel: [    2.038602] Write protecting the kernel read-only data: 26624k
Nov 15 14:58:36 ogenser kernel: [    2.055771] Freeing unused kernel image (rodata/data gap) memory: 1796K
Nov 15 14:58:36 ogenser kernel: [    2.108376] x86/mm: Checked W+X mappings: passed, no W+X pages found.
Nov 15 14:58:36 ogenser kernel: [    2.108704] x86/mm: Checking user space page tables
Nov 15 14:58:36 ogenser kernel: [    2.154503] x86/mm: Checked W+X mappings: passed, no W+X pages found.
Nov 15 14:58:36 ogenser kernel: [    2.155550] Run /sbin/init as init process
Nov 15 14:58:36 ogenser kernel: [    2.155829]   with arguments:
Nov 15 14:58:36 ogenser kernel: [    2.155830]     /sbin/init
Nov 15 14:58:36 ogenser kernel: [    2.155831]   with environment:
Nov 15 14:58:36 ogenser kernel: [    2.155832]     HOME=/
Nov 15 14:58:36 ogenser kernel: [    2.155833]     TERM=linux
Nov 15 14:58:36 ogenser kernel: [    2.155833]     BOOT_IMAGE=/vmlinuz-6.4.12-ogenser
Nov 15 14:58:36 ogenser kernel: [    2.232662] stty (60) used greatest stack depth: 13616 bytes left
Nov 15 14:58:36 ogenser kernel: [    2.248169] dmesg (61) used greatest stack depth: 13592 bytes left
Nov 15 14:58:36 ogenser kernel: [    2.250020] usb 1-1: new full-speed USB device number 2 using ohci-pci
Nov 15 14:58:36 ogenser kernel: [    2.363423] mount (99) used greatest stack depth: 13368 bytes left
Nov 15 14:58:36 ogenser kernel: [    2.492775] usb 1-1: New USB device found, idVendor=80ee, idProduct=0021, bcdDevice= 1.00
Nov 15 14:58:36 ogenser kernel: [    2.493738] usb 1-1: New USB device strings: Mfr=1, Product=3, SerialNumber=0
Nov 15 14:58:36 ogenser kernel: [    2.494256] usb 1-1: Product: USB Tablet
Nov 15 14:58:36 ogenser kernel: [    2.494537] usb 1-1: Manufacturer: VirtualBox
Nov 15 14:58:36 ogenser kernel: [    2.499801] ip (161) used greatest stack depth: 12856 bytes left
Nov 15 14:58:36 ogenser kernel: [    2.507673] input: VirtualBox USB Tablet as /devices/pci0000:00/0000:00:06.0/usb1/1-1/1-1:1.0/0003:80EE:0021.0001/input/input6
Nov 15 14:58:36 ogenser kernel: [    2.508852] hid-generic 0003:80EE:0021.0001: input,hidraw0: USB HID v1.10 Mouse [VirtualBox USB Tablet] on usb-0000:00:06.0-1/input0
Nov 15 14:58:36 ogenser kernel: <30>[    2.597257] udevd[186]: Starting systemd-udevd version 254
Nov 15 14:58:36 ogenser kernel: <30>[    2.602311] udevd[187]: Using default interface naming scheme 'v253'.
Nov 15 14:58:36 ogenser kernel: <27>[    2.630632] udevd[187]: /usr/lib/udev/rules.d/80-drivers.rules:5 Unknown builtin command 'kmod load', ignoring.
Nov 15 14:58:36 ogenser kernel: <27>[    2.631051] udevd[187]: /usr/lib/udev/rules.d/80-drivers.rules:6 Unknown builtin command 'kmod load tifm_sd', ignoring.
Nov 15 14:58:36 ogenser kernel: <27>[    2.631454] udevd[187]: /usr/lib/udev/rules.d/80-drivers.rules:7 Unknown builtin command 'kmod load tifm_ms', ignoring.
Nov 15 14:58:36 ogenser kernel: <27>[    2.633397] udevd[187]: /usr/lib/udev/rules.d/80-drivers.rules:8 Unknown builtin command 'kmod load ms_block mspro_block', ignoring.
Nov 15 14:58:36 ogenser kernel: <27>[    2.633860] udevd[187]: /usr/lib/udev/rules.d/80-drivers.rules:9 Unknown builtin command 'kmod load i2o_block', ignoring.
Nov 15 14:58:36 ogenser kernel: <27>[    2.642010] udevd[187]: /usr/lib/udev/rules.d/80-drivers.rules:10 Unknown builtin command 'kmod load ppdev', ignoring.
Nov 15 14:58:36 ogenser kernel: <27>[    2.643448] udevd[187]: /usr/lib/udev/rules.d/80-drivers.rules:11 Unknown builtin command 'kmod load sm_ftl', ignoring.
Nov 15 14:58:36 ogenser kernel: [    2.764669] e1000 0000:00:03.0 enp0s3: renamed from eth0
Nov 15 14:58:36 ogenser kernel: [    3.576752] Adding 1048572k swap on /dev/sda2.  Priority:1 extents:1 across:1048572k 
Nov 15 14:58:36 ogenser kernel: [    3.603465] EXT4-fs (sda3): re-mounted 50588d3f-506a-41dd-99be-81c231ab37c2 ro. Quota mode: none.
Nov 15 14:58:36 ogenser kernel: [    3.683854] EXT4-fs (sda3): re-mounted 50588d3f-506a-41dd-99be-81c231ab37c2 r/w. Quota mode: none.
Nov 15 14:58:39 ogenser kernel: [    8.207904] (udev-worker) (199) used greatest stack depth: 12744 bytes left
Nov 15 15:07:58 ogenser kernel: [  567.380457] e1000: enp0s3 NIC Link is Up 1000 Mbps Full Duplex, Flow Control: RX
Nov 15 15:07:58 ogenser kernel: [  567.381111] IPv6: ADDRCONF(NETDEV_CHANGE): enp0s3: link becomes ready
Nov 15 15:15:30 ogenser kernel: [ 1018.650364] kworker/dying (50) used greatest stack depth: 12024 bytes left
Nov 15 15:31:57 ogenser kernel: [ 2005.443955] EXT4-fs (sda1): mounted filesystem 30aca047-fa3a-45ea-bacc-cb69aa065bd0 r/w with ordered data mode. Quota mode: none.
Nov 15 16:42:24 ogenser kernel: [ 6232.531135] usb 1-1: USB disconnect, device number 2
Nov 15 16:42:24 ogenser kernel: [ 6232.839242] usb 1-1: new full-speed USB device number 3 using ohci-pci
Nov 15 16:42:24 ogenser kernel: [ 6233.089433] usb 1-1: New USB device found, idVendor=80ee, idProduct=0021, bcdDevice= 1.00
Nov 15 16:42:24 ogenser kernel: [ 6233.089946] usb 1-1: New USB device strings: Mfr=1, Product=3, SerialNumber=0
Nov 15 16:42:24 ogenser kernel: [ 6233.090402] usb 1-1: Product: USB Tablet
Nov 15 16:42:24 ogenser kernel: [ 6233.090664] usb 1-1: Manufacturer: VirtualBox
Nov 15 16:42:24 ogenser kernel: [ 6233.108670] input: VirtualBox USB Tablet as /devices/pci0000:00/0000:00:06.0/usb1/1-1/1-1:1.0/0003:80EE:0021.0002/input/input7
Nov 15 16:42:24 ogenser kernel: [ 6233.111236] hid-generic 0003:80EE:0021.0002: input,hidraw0: USB HID v1.10 Mouse [VirtualBox USB Tablet] on usb-0000:00:06.0-1/input0
Nov 15 16:45:21 ogenser kernel: Kernel logging (proc) stopped.
Nov 15 16:45:21 ogenser kernel: Kernel log daemon terminating.
Nov 15 16:57:38 ogenser kernel: klogd 1.5.1, log source = /proc/kmsg started.
Nov 15 16:57:38 ogenser kernel: Cannot find map file.
Nov 15 16:57:38 ogenser kernel: Loaded 162383 symbols from 1 module.
Nov 15 16:57:38 ogenser kernel: [    0.000000] Linux version 6.4.12ogenser (root@livecd) (gcc (GCC) 13.2.0, GNU ld (GNU Binutils) 2.41) #1 SMP PREEMPT_DYNAMIC Tue Nov  7 03:18:05 UTC 2023
Nov 15 16:57:38 ogenser kernel: [    0.000000] Command line: BOOT_IMAGE=/vmlinuz-6.4.12-ogenser root=/dev/sda3 ro
Nov 15 16:57:38 ogenser kernel: [    0.000000] BIOS-provided physical RAM map:
Nov 15 16:57:38 ogenser kernel: [    0.000000] BIOS-e820: [mem 0x0000000000000000-0x000000000009fbff] usable
Nov 15 16:57:38 ogenser kernel: [    0.000000] BIOS-e820: [mem 0x000000000009fc00-0x000000000009ffff] reserved
Nov 15 16:57:38 ogenser kernel: [    0.000000] BIOS-e820: [mem 0x00000000000f0000-0x00000000000fffff] reserved
Nov 15 16:57:38 ogenser kernel: [    0.000000] BIOS-e820: [mem 0x0000000000100000-0x00000000dffeffff] usable
Nov 15 16:57:38 ogenser kernel: [    0.000000] BIOS-e820: [mem 0x00000000dfff0000-0x00000000dfffffff] ACPI data
Nov 15 16:57:38 ogenser kernel: [    0.000000] BIOS-e820: [mem 0x00000000fec00000-0x00000000fec00fff] reserved
Nov 15 16:57:38 ogenser kernel: [    0.000000] BIOS-e820: [mem 0x00000000fee00000-0x00000000fee00fff] reserved
Nov 15 16:57:38 ogenser kernel: [    0.000000] BIOS-e820: [mem 0x00000000fffc0000-0x00000000ffffffff] reserved
Nov 15 16:57:38 ogenser kernel: [    0.000000] BIOS-e820: [mem 0x0000000100000000-0x00000003193fffff] usable
Nov 15 16:57:38 ogenser kernel: [    0.000000] NX (Execute Disable) protection: active
Nov 15 16:57:38 ogenser kernel: [    0.000000] SMBIOS 2.5 present.
Nov 15 16:57:38 ogenser kernel: [    0.000000] DMI: innotek GmbH VirtualBox/VirtualBox, BIOS VirtualBox 12/01/2006
Nov 15 16:57:38 ogenser kernel: [    0.000000] Hypervisor detected: KVM
Nov 15 16:57:38 ogenser kernel: [    0.000000] kvm-clock: Using msrs 4b564d01 and 4b564d00
Nov 15 16:57:38 ogenser kernel: [    0.000001] kvm-clock: using sched offset of 8424982376 cycles
Nov 15 16:57:38 ogenser kernel: [    0.000005] clocksource: kvm-clock: mask: 0xffffffffffffffff max_cycles: 0x1cd42e4dffb, max_idle_ns: 881590591483 ns
Nov 15 16:57:38 ogenser kernel: [    0.000007] tsc: Detected 2900.000 MHz processor
Nov 15 16:57:38 ogenser kernel: [    0.000904] e820: update [mem 0x00000000-0x00000fff] usable ==> reserved
Nov 15 16:57:38 ogenser kernel: [    0.000907] e820: remove [mem 0x000a0000-0x000fffff] usable
Nov 15 16:57:38 ogenser kernel: [    0.000912] last_pfn = 0x319400 max_arch_pfn = 0x400000000
Nov 15 16:57:38 ogenser kernel: [    0.000919] MTRRs disabled by BIOS
Nov 15 16:57:38 ogenser kernel: [    0.000921] x86/PAT: Configuration [0-7]: WB  WC  UC- UC  WB  WP  UC- WT  
Nov 15 16:57:38 ogenser kernel: [    0.000944] last_pfn = 0xdfff0 max_arch_pfn = 0x400000000
Nov 15 16:57:38 ogenser kernel: [    0.000995] found SMP MP-table at [mem 0x0009fff0-0x0009ffff]
Nov 15 16:57:38 ogenser kernel: [    0.002807] ACPI: Early table checksum verification disabled
Nov 15 16:57:38 ogenser kernel: [    0.002812] ACPI: RSDP 0x00000000000E0000 000024 (v02 VBOX  )
Nov 15 16:57:38 ogenser kernel: [    0.002817] ACPI: XSDT 0x00000000DFFF0030 00003C (v01 VBOX   VBOXXSDT 00000001 ASL  00000061)
Nov 15 16:57:38 ogenser kernel: [    0.002822] ACPI: FACP 0x00000000DFFF00F0 0000F4 (v04 VBOX   VBOXFACP 00000001 ASL  00000061)
Nov 15 16:57:38 ogenser kernel: [    0.002827] ACPI: DSDT 0x00000000DFFF0470 002325 (v02 VBOX   VBOXBIOS 00000002 INTL 20120111)
Nov 15 16:57:38 ogenser kernel: [    0.002831] ACPI: FACS 0x00000000DFFF0200 000040
Nov 15 16:57:38 ogenser kernel: [    0.002834] ACPI: FACS 0x00000000DFFF0200 000040
Nov 15 16:57:38 ogenser kernel: [    0.002837] ACPI: APIC 0x00000000DFFF0240 00005C (v02 VBOX   VBOXAPIC 00000001 ASL  00000061)
Nov 15 16:57:38 ogenser kernel: [    0.002839] ACPI: SSDT 0x00000000DFFF02A0 0001CC (v01 VBOX   VBOXCPUT 00000002 INTL 20120111)
Nov 15 16:57:38 ogenser kernel: [    0.002842] ACPI: Reserving FACP table memory at [mem 0xdfff00f0-0xdfff01e3]
Nov 15 16:57:38 ogenser kernel: [    0.002843] ACPI: Reserving DSDT table memory at [mem 0xdfff0470-0xdfff2794]
Nov 15 16:57:38 ogenser kernel: [    0.002844] ACPI: Reserving FACS table memory at [mem 0xdfff0200-0xdfff023f]
